07-16 13:52:00.910  1081  1551 W Lyric   : device_context.cc:418: NotifyCaptureSessionClose: No OisController found for physical camera FrontVirtual. Status: NOT_FOUND: Failed to find controller by type and camera id(FrontVirtual); Controller with ID: optical image stabilization controller for camera: FrontVirtual not present in device_context
07-16 13:52:00.910  1081  1551 W Lyric   : device_context.cc:418: NotifyCaptureSessionClose: No OisController found for physical camera Front. Status: NOT_FOUND: Failed to find controller by type and camera id(Front); Controller with ID: optical image stabilization controller for camera: Front not present in device_context
07-16 13:52:03.909  4219  4245 W System  : A resource failed to call release. 
07-16 13:52:03.910  4219  4245 W System  : A resource failed to call release. 
07-16 13:52:06.039  4419  6917 W WearableConn: Failed to connect, error: read failed, socket might closed or timeout, read ret: -1
07-16 13:52:06.044  4419  6917 E ActivityThread: Failed to find provider info for CC:F8:26:D2:AB:CF
07-16 13:52:08.073 21054 21054 W zygote_next: native_activity_thread::utils: Failed to mallopt(M_BIONIC_SET_HEAP_TAGGING_LEVEL): Success (os error 0)
07-16 13:52:08.181  3796  3825 W System  : A resource failed to call release. 
07-16 13:52:08.181  3796  3825 W System  : A resource failed to call release. 
07-16 13:52:08.181  3796  3825 W System  : A resource failed to call release. 
07-16 13:52:08.181  3796  3825 W System  : A resource failed to call release. 
07-16 13:52:08.181  3796  3825 W System  : A resource failed to call release. 
07-16 13:52:08.568  1836  1860 W System  : A resource failed to call close. 
07-16 13:52:08.579  4419 20784 W AsyncOperation: OperationException[Status{statusCode=No config packages for log source, or config package not registered, resolution=null}]
07-16 13:52:11.200  4207  4300 D TaskView: launchWithoutAnimation(isQuickSwitch: true) - startActivityFromRecents: type=SINGLE task=[id=54867 windowingMode=1 user=0 lastActiveTime=23141314 lastFocusedTime=23106718] BetterLectio}
07-16 13:52:11.214  1836  1896 V WindowManager:         {WCT{RemoteToken{9ed1574 Task{f184b85 #54867 type=standard A=10647:dk.betterlectio.android}}} m=TO_FRONT f=MOVE_TO_TOP|FLAG_CHANGED_INTERACTIVE leash=Surface(name=Task=54867#10207)/@0xb6ac1d6 sb=Rect(0, 0 - 1008, 2244) eb=Rect(0, 0 - 1008, 2244) epz=Point(1008, 2244) d=0 taskParent=-1 winMode=1 userId=0 opt={t=CUSTOM overrideTask=true enterResId=0 changeResId=0 exitResId=0 mUserId=0}},
--------- beginning of system
07-16 13:49:54.105  3796  3796 V DreamService[DozeService]: UpdateDoze mDozeScreenState=3 mDozeScreenBrightness=0.031496063
07-16 13:49:54.107  1836  4516 D DreamManagerService: Dream requested to start dozing: android.os.Binder@ad7c625, screenState=DOZE, reason=UNKNOWN, screenBrightness=0.031496063, useNormalBrightnessForDoze=false
07-16 13:49:54.131  1836  1953 I DisplayPowerController[0]: BrightnessEvent: brt=0.031496063(39.0%), nits=51.865715, lux=-1.0, reason=doze, strat=DozeBrightnessStrategy, state=DOZE, stateReason=UNKNOWN, policy=DOZE, flags=, initBrt=0.031496063, rcmdBrt=NaN, preBrt=NaN, preLux=0.0, wasShortTermModelActive=false, autoBrightness=true (default), unclampedBrt=0.031496063, hbmMax=0.63, hbmMode=off, thrmMax=1.0, rbcStrength=35, powerFactor=1.0, physDisp=Built-in Screen(local:4619827535830457088), logicalId=0, slowChange=false, rampSpeed=0.0, colorTemp=NaN, thermalStatus=none
07-16 13:49:54.138  1836  1899 I DisplayDeviceRepository: Display device changed state: "Built-in Screen", DOZE
07-16 13:49:54.149  1836  1953 D BrightnessThermalClamper: Thermal status observer already started
07-16 13:49:54.150  1836  1897 D WindowManager: DeferredDisplayUpdater: deferring DisplayInfo(1008 x 2244) update
07-16 13:49:54.151  1836  1897 D WindowManager: DeferredDisplayUpdater: applying DisplayInfo(1008 x 2244) after deferring
07-16 13:49:54.154  1836  1897 V WindowManager: Aborting Transition: 1049
07-16 13:49:54.171  3796  3845 V ShellDesktopMode: DesktopDisplayModeController: canDesktopFirstModeBeEnabledOnDefaultDisplay: isDefaultDisplayDesktopEligible=false
07-16 13:49:54.171  1836  5835 E TransitionChain: Can't collect into a chain with no transition
07-16 13:49:54.176  1836  3759 I LocalDisplayAdapter: SF.setDisplayPowerMode took 38ms
07-16 13:49:54.183  1081  2068 I Lyric   : spectral_driver.cc:480: Ambient light sampling has been disabled for session ID: 205
07-16 13:49:54.212  1081  2071 I Lyric   : face_authentication_controller.cc:69: FaceAuthPreAllocation Finished
07-16 13:49:55.020  3796  3845 V WindowManagerShell: Transition requested (#1050): android.os.BinderProxy@9ff5e3e TransitionRequestInfo { type = TO_FRONT, triggerTask = null, pipChange = null, remoteTransitionInfo = null, displayChanges = null, requestedLocation = null, userChange = null, windowingLayerChange = null, fullscreenRequestChange = null, flags = 2048, debugId = 1050 }
07-16 13:49:55.020  3796  3845 V ShellDesktopMode: DesktopTasksController: skipping handleRequest reason=triggerTask is null
07-16 13:49:55.022  3796  4325 V WindowManagerShell: onTransitionReady(transaction=7885560048023)
07-16 13:49:55.022  1836  1896 V WindowManager: Sent Transition (#1050) createdAt=07-16 13:49:55.019 via request=TransitionRequestInfo { type = TO_FRONT, triggerTask = null, pipChange = null, remoteTransitionInfo = null, displayChanges = null, requestedLocation = null, userChange = null, windowingLayerChange = null, fullscreenRequestChange = null, flags = 2048, debugId = 1050 }
07-16 13:49:55.022  1836  1896 V WindowManager:     startWCT=WindowContainerTransaction { changes= {} hops= [] flags= 0 errorCallbackToken=null taskFragmentOrganizer=null }
07-16 13:49:55.023  1836  1896 V WindowManager:     info={id=1050 t=TO_FRONT f=0x840 trk=0 r=[] c=[]}
07-16 13:49:55.023  3796  3845 V WindowManagerShell: onTransitionReady (#1050) android.os.BinderProxy@9ff5e3e: {id=1050 t=TO_FRONT f=0x840 trk=0 r=[] c=[]}
07-16 13:49:55.023  3796  3845 V WindowManagerShell: FocusTransitionObserver: Updating focus state for transition #1050
07-16 13:49:55.023  3796  3845 V ShellDesktopMode: DesktopModeLogger: taskInfo map after processing changes 0
07-16 13:49:55.023  3796  3845 V WindowManagerShell: Playing animation for (#1050) android.os.BinderProxy@9ff5e3e@0
07-16 13:49:55.023  3796  3845 V WindowManagerShell: start keyguard appearing transition, info = {id=1050 t=TO_FRONT f=0x840 trk=0 r=[] c=[]}
07-16 13:49:55.023  3796  3845 D KeyguardService: Starts IRemoteAnimationRunner: info={id=1050 t=TO_FRONT f=0x840 trk=0 r=[] c=[]}
07-16 13:49:55.024  3796  3845 D KeyguardService: Unexpected transit type: 3
07-16 13:49:55.024  3796  3845 D KeyguardService: Finish IRemoteAnimationRunner.
07-16 13:49:55.024  3796  3845 V WindowManagerShell:  animated by com.android.wm.shell.keyguard.KeyguardTransitionHandler@4b37afc
07-16 13:49:55.024  3796  3845 D WindowManagerShell: onKeyguardVisibilityChanged: visible=true occluded=false
07-16 13:49:55.024  3796  3845 V WindowManagerShell: Transition animation finished (aborted=false), notifying core (#1050) android.os.BinderProxy@9ff5e3e@0
07-16 13:49:55.024  3796  3845 V WindowManagerShell: Track 0 became idle
07-16 13:49:55.024  3796  3845 V WindowManagerShell: All active transition animations finished
07-16 13:49:55.026  1836  1896 V WindowManager: Finish Transition (#1050): created at 07-16 13:49:55.019 collect-started=0.047ms request-sent=0.074ms started=1.615ms ready=1.609ms sent=2.329ms finished=4.774ms
07-16 13:49:55.027  1836  3848 D SystemServerTiming: getUserSwitchability-0
07-16 13:49:55.027  1836  3848 D SystemServerTiming: TM.isInCall
07-16 13:49:55.027  3796  3990 D Bubbles : handleKeyguardOrDreamChange isUnlockedShade=false keyguardShowing=true dreamingOrInPreview=true
07-16 13:49:55.027  1836  3848 D SystemServerTiming: hasUserRestriction-DISALLOW_USER_SWITCH
07-16 13:49:55.027  1836  3848 D SystemServerTiming: getInt-ALLOW_USER_SWITCHING_WHEN_SYSTEM_USER_LOCKED
07-16 13:49:55.027  1836  3848 D SystemServerTiming: isUserUnlocked-USER_SYSTEM
07-16 13:50:00.023  1836  1910 D ActivityManager: sync unfroze 16221 com.android.DeviceAsWebcam for 10
07-16 13:50:00.026  1836  1836 D ConditionProviders.SCP: onReceive ScheduleConditionProvider.EVALUATE
07-16 13:50:00.068  1836  1836 D ConditionProviders.SCP: evaluateSubscriptionLocked cal=ScheduleCalendar[mDays={2}, mSchedule=ScheduleInfo{days=[2], startHour=8, startMinute=15, endHour=14, endMinute=33, exitAtAlarm=true, nextAlarm=Fri Jul 17 09:00:01 GMT+02:00 2026 (1784271601000)}], now=Thu Jul 16 13:50:00 GMT+02:00 2026 (1784202600026), nextUserAlarmTime=Fri Jul 17 09:00:01 GMT+02:00 2026 (1784271601000)
07-16 13:50:00.069  1836  1836 D ConditionProviders.SCP: notifyCondition condition://android/schedule?days=2&start=8.15&end=14.33&exitAtAlarm=true STATE_FALSE reason=!meetsSchedule
07-16 13:50:00.072  1836  1836 D ConditionProviders.SCP: evaluateSubscriptionLocked cal=ScheduleCalendar[mDays={3}, mSchedule=ScheduleInfo{days=[3], startHour=8, startMinute=15, endHour=14, endMinute=20, exitAtAlarm=false, nextAlarm=Thu Jan 01 01:00:00 GMT+01:00 1970 (0)}], now=Thu Jul 16 13:50:00 GMT+02:00 2026 (1784202600026), nextUserAlarmTime=Fri Jul 17 09:00:01 GMT+02:00 2026 (1784271601000)
07-16 13:50:00.072  1836  1836 D ConditionProviders.SCP: notifyCondition condition://android/schedule?days=3&start=8.15&end=14.20&exitAtAlarm=false STATE_FALSE reason=!meetsSchedule
07-16 13:50:00.072  1836  1836 D ConditionProviders.SCP: evaluateSubscriptionLocked cal=ScheduleCalendar[mDays={1, 2, 3, 4, 5, 6, 7}, mSchedule=ScheduleInfo{days=[1, 2, 3, 4, 5, 6, 7], startHour=23, startMinute=15, endHour=6, endMinute=49, exitAtAlarm=true, nextAlarm=Fri Jul 17 09:00:01 GMT+02:00 2026 (1784271601000)}], now=Thu Jul 16 13:50:00 GMT+02:00 2026 (1784202600026), nextUserAlarmTime=Fri Jul 17 09:00:01 GMT+02:00 2026 (1784271601000)
07-16 13:50:00.072  1836  1836 D ConditionProviders.SCP: notifyCondition condition://android/schedule?days=1.2.3.4.5.6.7&start=23.15&end=6.49&exitAtAlarm=true STATE_FALSE reason=!meetsSchedule
07-16 13:50:00.073  1836  1836 D ConditionProviders.SCP: evaluateSubscriptionLocked cal=ScheduleCalendar[mDays={5}, mSchedule=ScheduleInfo{days=[5], startHour=9, startMinute=0, endHour=14, endMinute=35, exitAtAlarm=false, nextAlarm=Thu Jan 01 01:00:00 GMT+01:00 1970 (0)}], now=Thu Jul 16 13:50:00 GMT+02:00 2026 (1784202600026), nextUserAlarmTime=Fri Jul 17 09:00:01 GMT+02:00 2026 (1784271601000)
07-16 13:50:00.073  1836  1836 D ConditionProviders.SCP: notifyCondition condition://android/schedule?days=5&start=9.0&end=14.35&exitAtAlarm=false STATE_TRUE reason=meetsSchedule
07-16 13:50:00.073  1836  1836 D ConditionProviders.SCP: evaluateSubscriptionLocked cal=ScheduleCalendar[mDays={4, 6}, mSchedule=ScheduleInfo{days=[4, 6], startHour=8, startMinute=15, endHour=13, endMinute=50, exitAtAlarm=false, nextAlarm=Thu Jan 01 01:00:00 GMT+01:00 1970 (0)}], now=Thu Jul 16 13:50:00 GMT+02:00 2026 (1784202600026), nextUserAlarmTime=Fri Jul 17 09:00:01 GMT+02:00 2026 (1784271601000)
07-16 13:50:00.073  1836  1836 D ConditionProviders.SCP: notifyCondition condition://android/schedule?days=4.6&start=8.15&end=13.50&exitAtAlarm=false STATE_FALSE reason=!meetsSchedule
07-16 13:50:00.075  1836  1836 D ConditionProviders.SCP: Scheduling evaluate for Thu Jul 16 14:20:00 GMT+02:00 2026 (1784204400000), in +29m59s974ms, now=Thu Jul 16 13:50:00 GMT+02:00 2026 (1784202600026)
07-16 13:50:00.509  1836  4512 D PackageManagerShellCommand: runPath with userId: USER_CURRENT_OR_SELF translated to userId:0
07-16 13:50:00.695  1836  2291 D ActivityManager: freezing 7347 com.google.android.apps.turbo
07-16 13:50:01.284  1836  1899 W ProcessStats: Tracking association SourceState{e0947f6 com.android.settings/1000 Top #113860} whose proc state 1 is better than process ProcessState{89378a6 com.google.android.apps.wellbeing/10159 pkg=com.google.android.apps.wellbeing} proc state 2 (97 skipped)
07-16 13:50:01.307  1836  2291 D ActivityManager: freezing 6307 com.google.android.crossdeviceaccessservice
07-16 13:50:01.381  1836  4232 I PackageManager: getInstalledPackages: callingUid=2000 flags=0 updatedFlags=786432 userId=0
07-16 13:50:01.431  1836  4232 I PackageManager: getInstalledPackages: callingUid=2000 flags=0 updatedFlags=524288 userId=10
07-16 13:50:05.178  1836  4652 W AppOps  : Noting op not finished: uid 10147 pkg com.google.android.gms code 79 startTime of in progress event=1784202591252
07-16 13:50:05.217  1836  4232 W AppOps  : Noting op not finished: uid 10147 pkg com.google.android.gms code 113 startTime of in progress event=1784202591252
07-16 13:50:05.255  1836  5835 W AppOps  : Noting op not finished: uid 10147 pkg com.google.android.gms code 79 startTime of in progress event=1784202591252
07-16 13:50:05.263  1836  5855 W AppOps  : Noting op not finished: uid 10147 pkg com.google.android.gms code 113 startTime of in progress event=1784202591252
07-16 13:50:06.671  1836  4232 W AppOps  : Noting op not finished: uid 10147 pkg com.google.android.gms code 113 startTime of in progress event=1784202591252
07-16 13:50:12.547   666 19567 I keystore2: system/security/keystore2/watchdog/src/lib.rs:371 - Watchdog thread idle -> terminating. Have a great day.
07-16 13:50:13.772  1836  4512 W ProcessStats: Tracking association SourceState{375f498 com.google.android.apps.wellbeing/10159 Top #113890} whose proc state 1 is better than process ProcessState{ba95fc0 com.google.android.gms.persistent/10147 pkg=com.google.android.gms} proc state 2 (126 skipped)
07-16 13:50:14.128  1836  2291 D ActivityManager: freezing 7057 com.whatsapp
07-16 13:50:18.925  1836  2291 D ActivityManager: freezing 6316 com.google.android.apps.messaging
07-16 13:50:19.392  1836  4512 D ActivityManager: sync unfroze 7347 com.google.android.apps.turbo for 6
07-16 13:50:21.422  1836  2291 D ActivityManager: freezing 16221 com.android.DeviceAsWebcam
07-16 13:50:21.431  1836  2291 D ActivityManager: freezing 32254 com.beeper.android
07-16 13:50:31.683  1836  4512 W ProcessStats: Tracking association SourceState{375f498 com.google.android.apps.wellbeing/10159 Top #113895} whose proc state 1 is better than process ProcessState{ba95fc0 com.google.android.gms.persistent/10147 pkg=com.google.android.gms} proc state 2 (15 skipped)
07-16 13:50:32.340  1836  1910 D ActivityManager: sync unfroze 11358 com.citynav.jakdojade.pl.android for 3
07-16 13:50:32.343  1836  1910 D ActivityManager: sync unfroze 11740 com.google.android.webview:sandboxed_process0:org.chromium.content.app.SandboxedProcessService0:0 for 3
07-16 13:50:32.519  1836  1910 D ActivityManager: sync unfroze 8865 io.homeassistant.companion.android for 3
07-16 13:50:32.533  1836  1910 D ActivityManager: sync unfroze 9233 com.google.android.webview:sandboxed_process0:org.chromium.content.app.SandboxedProcessService0:0 for 3
07-16 13:50:32.612  1836  3848 D ActivityManager: sync unfroze 20697 com.google.android.gms for 4
07-16 13:50:32.661  1836  2283 D ActivityManager: sync unfroze 32254 com.beeper.android for 6
07-16 13:50:32.706  1836  2283 W JobServiceContext: Sending onNetworkChanged for a job that isn't started. JobStatus{ea3afba #u0a158/-1281085503 com.beeper.android/com.google.android.datatransport.runtime.scheduling.jobscheduling.JobInfoSchedulerService u=0 s=10158 TIME=-30s248ms:none NET READY}
07-16 13:50:32.722  1836  3848 E BatteryStatsService: Invalid uid for waking network packet: -1
07-16 13:50:41.587  1836  6368 D ActivityManager: sync unfroze 9637 com.google.android.aicore for 6
07-16 13:50:43.379  1836  2291 D ActivityManager: freezing 11358 com.citynav.jakdojade.pl.android
07-16 13:50:43.395  1836  2291 D ActivityManager: freezing 11740 com.google.android.webview:sandboxed_process0:org.chromium.content.app.SandboxedProcessService0:0
07-16 13:50:43.447  1836  2291 D ActivityManager: freezing 8865 io.homeassistant.companion.android
07-16 13:50:43.457  1836  2291 D ActivityManager: freezing 9233 com.google.android.webview:sandboxed_process0:org.chromium.content.app.SandboxedProcessService0:0
07-16 13:50:43.730  1836  2291 D ActivityManager: freezing 32254 com.beeper.android
07-16 13:50:43.758  1836  1910 D ActivityManager: sync unfroze 32254 com.beeper.android for 3
07-16 13:50:43.771  1836  1910 W ProcessStats: Tracking association SourceState{da2736d com.google.android.gms.persistent/10147 Fgs #113923} whose proc state 3 is better than process ProcessState{4dff7e5 com.google.android.gms/10147 pkg=com.google.android.gms} proc state 8 (48 skipped)
07-16 13:50:48.389  3796  3796 V DreamService[DozeService]: UpdateDoze mDozeScreenState=2 mDozeScreenBrightness=0.031496063
07-16 13:50:48.391  1836  5835 D DreamManagerService: Dream requested to start dozing: android.os.Binder@ad7c625, screenState=ON, reason=UNKNOWN, screenBrightness=0.031496063, useNormalBrightnessForDoze=false
07-16 13:50:48.396  1836  1953 I DisplayPowerController[0]: BrightnessEvent: brt=0.031496063(39.0%), nits=51.865715, lux=-1.0, reason=doze, strat=DozeBrightnessStrategy, state=ON, stateReason=UNKNOWN, policy=DOZE, flags=, initBrt=0.031496063, rcmdBrt=NaN, preBrt=NaN, preLux=0.0, wasShortTermModelActive=false, autoBrightness=true (default), unclampedBrt=0.031496063, hbmMax=0.63, hbmMode=off, thrmMax=1.0, rbcStrength=35, powerFactor=1.0, physDisp=Built-in Screen(local:4619827535830457088), logicalId=0, slowChange=false, rampSpeed=0.0, colorTemp=NaN, thermalStatus=none
07-16 13:50:48.408  1836  3732 D BiometricScheduler: [Added] {[266] com.android.server.biometrics.sensors.face.aidl.FaceAuthenticationClient, proto=3, owner=com.android.systemui, cookie=0, requestId=94, userId=0}, new queue size: 1
07-16 13:50:48.408  1836  3732 D BiometricScheduler: [Polled] {[266] com.android.server.biometrics.sensors.face.aidl.FaceAuthenticationClient, proto=3, owner=com.android.systemui, cookie=0, requestId=94, userId=0}, State: 0
07-16 13:50:48.409  1836  1899 I DisplayDeviceRepository: Display device changed state: "Built-in Screen", ON
07-16 13:50:48.421  1836  1953 D BrightnessThermalClamper: Thermal status observer already started
07-16 13:50:48.423  1836  1897 D WindowManager: DeferredDisplayUpdater: partially applying DisplayInfo(1008 x 2244) immediately
07-16 13:50:48.425  1836  1897 D WindowManager: DeferredDisplayUpdater: deferring DisplayInfo(1008 x 2244) update
07-16 13:50:48.425  1836  1897 D WindowManager: DeferredDisplayUpdater: applying DisplayInfo(1008 x 2244) after deferring
07-16 13:50:48.428  1836  3732 V ALSProbe: Enable ALS: 208682366
07-16 13:50:48.428  1836  3732 D BiometricScheduler: [Started] {[266] com.android.server.biometrics.sensors.face.aidl.FaceAuthenticationClient, proto=3, owner=com.android.systemui, cookie=0, requestId=94, userId=0}
07-16 13:50:48.428  1836  3732 D AuthenticationClient: Requesting auth for com.android.systemui
07-16 13:50:48.429  1836  1897 V WindowManager: Aborting Transition: 1051
07-16 13:50:48.430  1836  3732 V BiometricSchedulerOperation: started: {[266] com.android.server.biometrics.sensors.face.aidl.FaceAuthenticationClient, proto=3, owner=com.android.systemui, cookie=0, requestId=94, userId=0}, State: 2
07-16 13:50:48.447  1836  4512 E AppOps  : package client.pid<1373> not found, can't check for attributionTag null
07-16 13:50:48.447  1836  4512 E AppOps  : Bad call made by uid 1047. Package "client.pid<1373>" does not belong to uid 1000.
07-16 13:50:48.447  1836  4512 E AppOps  : Cannot getAppOpMode: non-application UID 1000
07-16 13:50:48.448  1081   650 I Lyric   : smart_read_ahead_controller.cc:482: [SMRA] Waking up!
07-16 13:50:48.448  1081   650 I Lyric   : camera_powerhal_impl.cc:189: SetPowerBoost Trigger CAMERA_LAUNCH for 1000ms
07-16 13:50:48.448  1081  2153 W Lyric   : device_context.cc:373: NotifyCaptureSessionOpen: No OisController found for physical camera FrontVirtual. Status: NOT_FOUND: Failed to find controller by type and camera id(FrontVirtual); Controller with ID: optical image stabilization controller for camera: FrontVirtual not present in device_context
07-16 13:50:48.448  1081  2153 W Lyric   : device_context.cc:373: NotifyCaptureSessionOpen: No OisController found for physical camera Front. Status: NOT_FOUND: Failed to find controller by type and camera id(Front); Controller with ID: optical image stabilization controller for camera: Front not present in device_context
07-16 13:50:48.448  1081  2153 I G3ACoordinator: coordinator.cc:1048: Coordinator::AeNotifyCaptureSessionOpen called for camera: {position: front, lens_type: multi_fov, spectrum: visible, instance: real, capability: {default_mode: 1, in_sensor_hdr: 1, remosaic: 0, max_resolution: 0, cropped_fov: 0, multiframe_hdr: 0}}
07-16 13:50:48.448  1081  2153 I G3ACoordinator: coordinator.cc:1072: Coordinator::AfNotifyCaptureSessionOpen called for camera: {position: front, lens_type: multi_fov, spectrum: visible, instance: real, capability: {default_mode: 1, in_sensor_hdr: 1, remosaic: 0, max_resolution: 0, cropped_fov: 0, multiframe_hdr: 0}}
07-16 13:50:48.448  1081  2153 I Lyric   : external_auto_scene_detection_controller_proxy.cc:176: ExternalAutoSceneDetectionControllerProxy::NotifyCaptureSessionOpen called for camera: {position: front, lens_type: multi_fov, spectrum: visible, instance: real, capability: {default_mode: 1, in_sensor_hdr: 1, remosaic: 0, max_resolution: 0, cropped_fov: 0, multiframe_hdr: 0}}
07-16 13:50:48.448  1081  2153 I Lyric   : external_auto_white_balance_controller_proxy.cc:229: ExternalAutoWhiteBalanceControllerProxy::NotifyCaptureSessionOpen called for camera: {position: front, lens_type: multi_fov, spectrum: visible, instance: real, capability: {default_mode: 1, in_sensor_hdr: 1, remosaic: 0, max_resolution: 0, cropped_fov: 0, multiframe_hdr: 0}}
07-16 13:50:48.448  1081  2153 I G3ACoordinator: coordinator.cc:1031: Coordinator::NotifyCaptureSessionOpen called for camera: {position: front, lens_type: multi_fov, spectrum: visible, instance: real, capability: {default_mode: 1, in_sensor_hdr: 1, remosaic: 0, max_resolution: 0, cropped_fov: 0, multiframe_hdr: 0}}
07-16 13:50:48.449  1081  2153 I G3ACoordinator: coordinator.cc:1031: Coordinator::NotifyCaptureSessionOpen called for camera: {position: front, lens_type: multi_fov, spectrum: visible, instance: real, capability: {default_mode: 1, in_sensor_hdr: 1, remosaic: 0, max_resolution: 0, cropped_fov: 0, multiframe_hdr: 0}}
07-16 13:50:48.449  1081   650 I Lyric   : camera_device_session_manager_base.cc:538: CameraDeviceSessionManager for camera id(FrontMultiFov) is created.
07-16 13:50:48.449  1081   650 I Lyric   : camera_device_session_hwl_impl.cc:375: Created CameraDeviceSessionHwlImpl for camera 1
07-16 13:50:48.449  1081  2134 I Lyric   : smart_read_ahead_controller.cc:282: [SMRA] Applying the config
07-16 13:50:48.449  1081  2134 I Lyric   : smart_read_ahead_controller.cc:74: [SMRA] UpdateModeAndConfig, config: from 0 to 0, should_do_process=0
07-16 13:50:48.450  1836  1836 V WindowManager: AppCompatCamera: Camera 1 is open for package client.pid<1373>
07-16 13:50:48.450  1836  1836 W WindowManager: AppCompatCamera: Cannot find camera activity.
07-16 13:50:48.451  1081  1550 I Lyric   : motion_sensor_controller_proxy.cc:477: Start to acquire all sensor readers.
07-16 13:50:48.463  1836  1866 D WindowManager: setClientSurface Surface(name=VRI-ScreenDecorOverlay#160)/@0xbe5022e for 8ad67c3 ScreenDecorOverlay
07-16 13:50:48.464  1081   650 I Lyric   : camera_device_session_hwl_impl.cc:1376: CameraDeviceSessionHwlImpl::IsStreamConfigurationSupported 1
07-16 13:50:48.464  1081   650 I Lyric   : lyric_basic_capture_session.cc:66: LyricBasicCaptureSession supports the stream config
07-16 13:50:48.464  1081   650 I Lyric   : camera_powerhal_impl.cc:265: SetPowerStreamingMode CAMERA_STREAMING_STANDARD mode
07-16 13:50:48.464  1081   650 I Lyric   : camera_powerhal_impl.cc:265: SetPowerStreamingMode CAMERA_GPU_STANDARD mode
07-16 13:50:48.466  1081   650 I Lyric   : camera_device_session_manager_impl.cc:447: ==========Classified streams for camera 1==========
07-16 13:50:48.466  1081   650 I Lyric   : camera_device_session_manager_impl.cc:451: Physical camera id 7 stream id 0 width 3648 height 684 format: RAW10 usage: 32 type Output
07-16 13:50:48.466  1081   650 I Lyric   : camera_device_session_manager_impl.cc:451: Physical camera id 7 stream id 1 width 1600 height 1200 format: YCBCR_420_888 usage: 32 type Output
07-16 13:50:48.466  1081   650 I Lyric   : camera_device_session_manager_impl.cc:459: Dump lyric internal stream:
07-16 13:50:48.466  1081 30931 I Lyric   : camera_device_session_hwl_impl.cc:904: BuildPipelines entered, camera_id: 1
07-16 13:50:48.466  1081 30931 I Lyric   : active_camera_device_tracker.cc:53: Adding camera: 1, is_logical_camera: 1, is_front_camera: 1, is_1p_camera_app: 1, active devices: 0, is_tele_camera_participant: 0
07-16 13:50:48.466  1081 30931 I Lyric   : active_camera_device_tracker.cc:199: No specific graph requested, allowing lyric to select based on stream configuration.
07-16 13:50:48.466  1081 30931 I Lyric   : camera_device_session_manager_base.cc:745: Attempting to build a processing graph
07-16 13:50:48.466  1081 30931 I Lyric   : choose_and_make.h:48: Not making GenericGraph due to: FAILED_PRECONDITION: GenericGraph can't support stream configuration with logical camera
07-16 13:50:48.466  1081 30931 I Lyric   : multicam_graph.cc:509: SW denoise supports logical stream only
07-16 13:50:48.466  1081 30931 I Lyric   : multicam_node.cc:951: Create Multicam node for logical camera 1, default camera id 8, roi transformation type 1, enable metadata validation 0, enable zoom ratio recalculation 0, enable multicam two stage processing 1, additional results metadata key available 0, enable defer fence signal: 0, fence target time ratio: 0
07-16 13:50:48.466  1081  2068 I Lyric   : spectral_driver.cc:455: Changed als mode from Continuous to Continuous for sensor: rear with new id: 208
07-16 13:50:48.466  1081 30931 W Lyric   : multicam_graph.cc:432: Force LTMPostProcessingNode to be disabled because is not supported by current device or LTM is disabled.
07-16 13:50:48.466  1081 30931 I Lyric   : top_level_graph_utils.cc:27: Legacy (Sobek + non-Roshi) sensor mode system property: 0
07-16 13:50:48.466  1081 30931 I Lyric   : top_level_graph_utils.cc:44: Sobek system property (from enable_sobek): 0
07-16 13:50:48.466  1081 30931 I Lyric   : top_level_graph_utils.cc:58: Sobek session enabled (from GCA) : 0 for camera Front
07-16 13:50:48.466  1081 30931 I Lyric   : top_level_graph_utils.cc:67: Sobek sensor enabled (from sensor properties): 0 for camera Front
07-16 13:50:48.466  1081 30931 I Lyric   : multicam_subgraph_config.cc:41: Attempting to configure MulticamGraph for computer vision mode: secure
07-16 13:50:48.466  1081 30931 I Lyric   : guess_camera_mode.cc:423: GetAppInfo: vendor tags  camera 1p: 1 camera extension: 0 face auth mode: 2
07-16 13:50:48.466  1081 30931 I Lyric   : stream_info_parser.cc:148: Project11 enabled: 0
07-16 13:50:48.466  1081 30931 I Lyric   : stream_info_parser.cc:151: Comice enabled: 0
07-16 13:50:48.466  1081 30931 W Lyric   : stream_info_parser.cc:430: Camera Front unknown stream: {type: StreamInfo, stream_id: 1, camera_id: Front, format: YCBCR_420_888, width: 1600, height: 1200, usage: [Protected], stream_type: Output, use_case: Default, data_space: DataSpace(Color)::(Standard: BT601_625, Transfer: SMPTE_170M, Range: Full), is_framework_physical_stream: 1, dynamic_range_profile: Standard, intended_for_max_resolution_mode: 0, group_id: -1, is_tunable: 1} does not fall in any known use case
07-16 13:50:48.466  1081 30931 I Lyric   : generic_subgraph.cc:1200: camera 7, video_bokeh_rendering_hw_enabled = 0
07-16 13:50:48.466  1081 30931 I Lyric   : generic_subgraph.cc:1646: The aligner on camera Front is None
07-16 13:50:48.466  1081 30931 I Lyric   : graph_states.cc:57: Failed to add camera id to priority map as the device doesn't support it: NOT_FOUND: Couldn't find the CameraId which has {position: front, lens_type: normal, spectrum: visible, instance: virtual, capability: {default_mode: 1, in_sensor_hdr: 1, remosaic: 0, max_resolution: 0, cropped_fov: 0, multiframe_hdr: 0}}
07-16 13:50:48.467  1081 30930 I GAF     : actuator_utils.cc:118: ActuatorUtils: [ReqId:0] ParseCalibrationDataFromTextFormat: [FATP] INF 1608, MACRO 3045
07-16 13:50:48.467  1081 30930 I G3ACoordinator: actuator_engine.cc:50: [7, 7] ActuatorEngine_7_7 initialized
07-16 13:50:48.467  1081 30930 W Lyric   : generic_subgraph.cc:2099: camera_id = 7, actuator_name = act-front-normal; actuator_sensitivity: 0.180932, actuator_max_position_logical: 324
07-16 13:50:48.467  1081 30930 I Lyric   : generic_subgraph.cc:2317: positive_offsets_enabled: ENABLED.; enable_positive_offset = 0
07-16 13:50:48.467  1081 30930 I Lyric   : generic_subgraph.cc:2404: Roshi not supported in Front
07-16 13:50:48.467  1081 30930 I Lyric   : generic_subgraph.cc:2428: Building graph with (Sobek + non-Roshi sensor mode) disabled, and Sobek disabled
07-16 13:50:48.469  1081 19771 I Lyric   : sensor_generic_driver.cc:5744: DOKKAEBI ReadSensorId success: 0x30a1 setting version: 1.5 setting type: 0
--------- beginning of kernel
07-16 13:50:48.493     0     0 I trusty  : logging.cc: 91: ***: :40: Trusty TPU Wakelock acquired.
07-16 13:50:48.469  1081  2050 I Lyric   : binder_sensor_vsync_reader.cc:26: Created BinderSensorVsyncReader, cam_vsync_id: 2
07-16 13:50:48.470  1081 30930 I Lyric   : multisensor_controller.cc:1200: Front got 2 preferred MIPI rates and 4 preferred DBR rates. Data fetching takes 272.257us
07-16 13:50:48.470  1081 30930 I Lyric   : sensor_generic_driver.cc:2182: DOKKAEBI GetModeIndex requirement {size = {width: 3648, height: 2736}, frame_rate_range = [30, 30], request_binning_mode = false, request_pd_stream = true, only_config_logical_cam_stream = false, camera_id = [<recursive>], require_full_fov = true, is_high_frame_rate = false, crop_margin = 0, is_sibling_camera_participating = false, sub_image_count = 1, is_face_auth = true, is_video_mode = false, is_high_resolution_mode = false, is_arkaroo_enabled = false, is_roshi_enabled = false, is_specific_aspect_ratio_video = false, require_exact_size = false, force_sensor_mode_index = -1, is_multi_cam_usecase = false, raw_stream_usecase = 0, is_high_resolution_standalone_mode = false} required aspect ratio 1.40351 pick_transition_mode 0 require exact size 0
07-16 13:50:48.470  1081 30930 I Lyric   : sensor_generic_driver.cc:2276: DOKKAEBI GetModeIndex requirement use_binning_mode 0
07-16 13:50:48.470  1081 30930 I Lyric   : sensor_generic_driver.cc:2283: DOKKAEBI candidate mode index 0, size = {width: 3840, height: 2736}, pd = 1, frame rate range = [7.5, 30], timestamp_offset = 1350500, is faceauth mode 0
07-16 13:50:48.470  1081 30930 I Lyric   : sensor_generic_driver.cc:2283: DOKKAEBI candidate mode index 1, size = {width: 3840, height: 2236}, pd = 1, frame rate range = [7.5, 30], timestamp_offset = 2209300, is faceauth mode 0
07-16 13:50:48.470  1081 30930 I Lyric   : sensor_generic_driver.cc:2283: DOKKAEBI candidate mode index 2, size = {width: 3840, height: 2232}, pd = 1, frame rate range = [15, 60], timestamp_offset = 3914500, is faceauth mode 0
07-16 13:50:48.470  1081 30930 I Lyric   : sensor_generic_driver.cc:2283: DOKKAEBI candidate mode index 3, size = {width: 1920, height: 1368}, pd = 1, frame rate range = [15, 60], timestamp_offset = 1350500, is faceauth mode 0
07-16 13:50:48.470  1081 30930 I Lyric   : sensor_generic_driver.cc:2283: DOKKAEBI candidate mode index 4, size = {width: 1920, height: 1116}, pd = 1, frame rate range = [7.5, 60], timestamp_offset = 2209300, is faceauth mode 0
07-16 13:50:48.470  1081 30930 I Lyric   : sensor_generic_driver.cc:2283: DOKKAEBI candidate mode index 5, size = {width: 3648, height: 2736}, pd = 1, frame rate range = [7.5, 30], timestamp_offset = 3914500, is faceauth mode 1
07-16 13:50:48.470  1081 30930 I Lyric   : sensor_generic_driver.cc:2434: DOKKAEBI Matching sensor mode found, mode index: 5
07-16 13:50:48.470  1081 30930 I Lyric   : sensor_generic_driver.cc:2645: DOKKAEBI Mode size {width: 3648, height: 2736} FPS [7.5, 30] requested FPS [30, 30] MIPI rate 1628.01 Mbps rss 31.721868ms
07-16 13:50:48.470  1081 30930 I Lyric   : sensor_generic_driver.cc:2926: DOKKAEBI uses alternative MIPI rate 1628.01 Mbps
07-16 13:50:48.470  1081 30930 I Lyric   : sensor_generic_driver.cc:2938: DOKKAEBI uses alternative DBR rate 126.38 MHz
07-16 13:50:48.470  1081 30930 I Lyric   : sensor_generic_driver.cc:2816: dpm: camera DOKKAEBI, line time: 11.59425us, pixel_rate_vt: 809370000, width: 3648, height: 2736, dual pd size: {width: 3648, height: 684}, sparse pd size: {width: 0, height: 0}, emb height: 2, hblanking: 5736, mode.hblanking: 5736, vblanking: 136(1.576818ms), mode.vblanking: 136(1.576818ms), frame lines: 2874, frame lines for required fps: 2874, integration time margin: 6, line pixels: 9384, FPS: 30, requested FPS: 30, binning factor: {x: 1, y: 1}, analog_gain_range: [1, 16], low_high_gain_ratio: [0/0], digital_gain_range: [1, 6], mode index = 5, size = {width: 3648, height: 2736}, pd = 1, frame rate range = [7.5, 30]
07-16 13:50:48.470  1081 30930 I Lyric   : sensor_node.cc:543: cam7_sensor: CPU affinity setting: Auto
07-16 13:50:48.470  1081 30930 I Lyric   : generic_subgraph.cc:2577: minimum pipeline delay: 3, is_portrait_mode: 0 pipeline delay: 3
07-16 13:50:48.470  1081 30930 I Lyric   : generic_subgraph.cc:2584: hal_touch_roi_tracking_enabled: ENABLED
07-16 13:50:48.470  1081 30930 I Lyric   : generic_subgraph.cc:2718: enable_eis_blur_refinement_mask_data_flow=0 camera=7
07-16 13:50:48.496     0     0 I trusty  : logging.cc: 91: ***: :302: Command Received: AuthenticationCreate
07-16 13:50:48.496     0     0 I trusty  : logging.cc: 91: ***: :349: Faceauth product version 6.6.0
07-16 13:50:48.470  1081 30930 I Lyric   : generic_subgraph.cc:3680: Attempt to obtain pd dma output format from sensor mode
07-16 13:50:48.470  1081 30930 I Lyric   : isp_subgraph_utils.cc:541: Semantic GU is disabled
07-16 13:50:48.470  1081 30930 I Lyric   : isp_subgraph_utils.cc:574: Semantic Sharpener is disabled
07-16 13:50:48.470  1081 30930 I Lyric   : zuma_isp_subgraph.cc:900: DSNR is disabled and Skin Texture is disabled in Lyric for camera Front
07-16 13:50:48.470  1081 30930 I Lyric   : zuma_isp_subgraph.cc:565: all backend pipelines for nodes: 
07-16 13:50:48.470  1081 30930 I Lyric   : zuma_isp_subgraph.cc:566: scaled_streams_raw_to_yuv: Pipeline (ID: (instance_id: 7254), IPs: [ RawToYuv ], Max Outputs: 1, IPConnections: [ ], Usecase: Realtime, Priority: Unspecified)
07-16 13:50:48.470  1081 30930 I Lyric   : zuma_isp_subgraph.cc:569: raw_to_yuv_for_snapshot_exceeding_video: Pipeline (ID: (instance_id: 7255), IPs: [ RawToYuv ], Max Outputs: 1, IPConnections: [ ], Usecase: Snapshot, Priority: Unspecified)
07-16 13:50:48.470  1081 30930 I Lyric   : zuma_isp_subgraph.cc:572: tnr_merge: Pipeline (ID: (instance_id: 7256), IPs: [ TnrMerge ], Max Outputs: 1, IPConnections: [ ], Usecase: Realtime, Priority: Unspecified)
07-16 13:50:48.470  1081 30930 I Lyric   : zuma_isp_subgraph.cc:574: preview_mesh_warp: Pipeline (ID: (instance_id: 7257), IPs: [ MeshWarp ], Max Outputs: 1, IPConnections: [ ], Usecase: Realtime, Priority: Unspecified)
07-16 13:50:48.470  1081 30930 I Lyric   : zuma_isp_subgraph.cc:576: video_mesh_warp: Pipeline (ID: (instance_id: 7258), IPs: [ MeshWarp ], Max Outputs: 1, IPConnections: [ ], Usecase: Video, Priority: Unspecified)
07-16 13:50:48.470  1081 30930 I Lyric   : zuma_isp_subgraph.cc:578: mesh_warp_for_snapshot_exceeding_video: Pipeline (ID: (instance_id: 7259), IPs: [ MeshWarp ], Max Outputs: 1, IPConnections: [ ], Usecase: Snapshot, Priority: Unspecified)
07-16 13:50:48.470  1081 30930 I Lyric   : zuma_isp_subgraph.cc:581: pipeline_info_for_dsnr_snapshot_mesh_warp: Pipeline (ID: (instance_id: 7260), IPs: [ MeshWarp ], Max Outputs: 1, IPConnections: [ ], Usecase: SnapshotForDsnr, Priority: Unspecified)
07-16 13:50:48.470  1081 30930 I Lyric   : zuma_isp_subgraph.cc:584: post_itsc_scaler: Pipeline (ID: (instance_id: 7261), IPs: [ Scaler ], Max Outputs: 0, IPConnections: [ ], Usecase: PostItsc, Priority: Unspecified)
07-16 13:50:48.470  1081 30930 I Lyric   : zuma_isp_subgraph.cc:586: preview_scaler: Pipeline (ID: (instance_id: 7262), IPs: [ Scaler ], Max Outputs: 0, IPConnections: [ ], Usecase: Realtime, Priority: Unspecified)
07-16 13:50:48.470  1081 30930 I Lyric   : zuma_isp_subgraph.cc:588: video_scaler: Pipeline (ID: (instance_id: 7263), IPs: [ Scaler ], Max Outputs: 0, IPConnections: [ ], Usecase: Video, Priority: Unspecified)
07-16 13:50:48.470  1081 30930 I Lyric   : zuma_isp_subgraph.cc:590: scaler_for_snapshot_exceeding_video: Pipeline (ID: (instance_id: 7264), IPs: [ Scaler ], Max Outputs: 0, IPConnections: [ ], Usecase: Snapshot, Priority: Unspecified)
07-16 13:50:48.470  1081 30930 I Lyric   : zuma_isp_subgraph.cc:593: recomp_scaler: Pipeline (ID: (instance_id: 7265), IPs: [ Scaler ], Max Outputs: 0, IPConnections: [ ], Usecase: Recomposition, Priority: Unspecified)
07-16 13:50:48.470  1081 30930 I Lyric   : zuma_isp_subgraph.cc:595: pipeline_info_for_dsnr_snapshot_scaler: Pipeline (ID: (instance_id: 7266), IPs: [ Scaler ], Max Outputs: 0, IPConnections: [ ], Usecase: SnapshotForDsnr, Priority: Unspecified)
07-16 13:50:48.470  1081 30930 I Lyric   : zuma_isp_subgraph.cc:599: pipeline_info_for_throttled_scaled_streams_raw_to_yuv: Pipeline (ID: (instance_id: 7267), IPs: [ RawToYuv ], Max Outputs: 1, IPConnections: [ ], Usecase: Realtime, Priority: Unspecified)
07-16 13:50:48.470  1081 30930 I Lyric   : zuma_isp_subgraph.cc:602: pipeline_info_for_throttled_recomposition_scaler: Pipeline (ID: (instance_id: 7268), IPs: [ Scaler ], Max Outputs: 0, IPConnections: [ ], Usecase: Recomposition, Priority: Unspecified)
07-16 13:50:48.470  1081 30930 I Lyric   : zuma_isp_subgraph.cc:605: pipeline_info_for_throttled_preview_scaler: Pipeline (ID: (instance_id: 7269), IPs: [ Scaler ], Max Outputs: 0, IPConnections: [ ], Usecase: Realtime, Priority: Unspecified)
07-16 13:50:48.470  1081 30930 E Lyric   : quota_allocator.cc:91: 1 calls in 349 sec(s): Quota allocator resource exausted:  - lifetime allocations: 490, deallocations: 485, outstanding: 5, peak outstanding: 5
07-16 13:50:48.470  1081 30930 E Lyric   :  - current bytes allocated: 105937920, peak bytes allocated: 105937920 (framework buffers not tracked)
07-16 13:50:48.470  1081 30930 E Lyric   :  -  5 instances of {type: AllocationSpec, image: {type: ImageFormat, HalImageFormat: HalImageFormat{ pixel_format = RAW16_BAYER_SBWC, stride_alignment = 64, num_buffers = 1, header_stride_alignment = 16 }, Width: 3648, Height: 2736}, flags: 16} allocated at recycling_allocator.cc:246
07-16 13:50:48.470  1081 30930 I Lyric   : zuma_like_isp_front_end_subgraph.cc:199: FrontEndNode PoolAllocator(raw_allocator) took 35.156us to initialize
07-16 13:50:48.470  1081 30930 I Lyric   : zuma_front_end_controller.cc:1073: LMP DDS crop enabled: false, AutoCal crop enabled: false, YUV to framework enabled: false
07-16 13:50:48.470  1081 30930 I Lyric   : whi_like_isp_backend_core_subgraph.cc:825: RawToYuvNode is configured to output consumer type 3 fmt: HalImageFormat{ pixel_format = YCBCR_420_888, stride_alignment = 16, num_buffers = 1 } for Front
07-16 13:50:48.470  1081 30930 I Lyric   : whi_like_isp_backend_core_subgraph.cc:930: RawToYuvNode for snapshot exceeding video is configured to output consumer type 2 fmt: HalImageFormat{ pixel_format = YCBCR_420_SPN_10B, stride_alignment = 64, num_buffers = 1 } for Front
07-16 13:50:48.470  1081 30930 I Lyric   : whi_like_isp_backend_core_subgraph.cc:1757: Align map output not enabled!
07-16 13:50:48.470  1081 30930 I Lyric   : camera_device_session_manager_base.cc:1815: Stream 1 limited to 5 inflight requests
07-16 13:50:48.470  1081 30930 I Lyric   : camera_device_session_manager_base.cc:1815: Stream 0 limited to 5 inflight requests
07-16 13:50:48.470  1081 30930 I Lyric   : camera_device_session_manager_base.cc:1825: Front frontend limited to 3 inflight requests
07-16 13:50:48.470  1081 30930 I Lyric   : generic_subgraph.cc:4320: camera_id = 7; is_front_camera = 1; is_1p_camera_app = 1; video_call = 0
07-16 13:50:48.471  1081 30930 I Lyric   : auto_exposure_node.cc:677: cam7_ae: CPU affinity setting: Medium Core : Priority: High
07-16 13:50:48.472  1081 30931 I Lyric   : multicam_graph.cc:1372: AE is connected to multicam routing node for camera Front(7)
07-16 13:50:48.472  1081 30931 I Lyric   : multicam_graph.cc:1380: AWB is connected to multicam routing node for camera Front(7)
07-16 13:50:48.472  1081 30931 I Lyric   : multicam_graph.cc:1404: number of video bokeh nodes connected to multicam routing node = 0
07-16 13:50:48.472  1081 30931 I Lyric   : multicam_graph.cc:1407: number of rectiface nodes connected to multicam routing node = 0
07-16 13:50:48.472  1081 30931 I Lyric   : multicam_graph.cc:1410: number of EIS nodes connected to multicam routing node = 0
07-16 13:50:48.472  1081 30931 I Lyric   : whi_like_isp_backend_core_subgraph.cc:196: RawToYuvNode(Front) output size: {width: 1600, height: 1200}
07-16 13:50:48.472  1081 30931 I Lyric   : multicam_profiler.cc:92: Created multicam profiler with profiling mode: 1, latency threshold: 5ms
07-16 13:50:48.472  1081 30931 I Lyric   : multicam_node.cc:2930: Multicam 3A voting interface enabled: 0
07-16 13:50:48.473  1081 30931 I Lyric   : multicam_controller_base.cc:1620: FOV transition participant camera: Front (id: 7)
07-16 13:50:48.473  1081 30931 I Lyric   : multicam_controller_base.cc:1947: There is only one camera Front participant, make a static vote for lead role
07-16 13:50:48.473  1081 30931 W Lyric   : multicam_defs.h:554: Can't found CameraFov for 
07-16 13:50:48.473  1081 30931 I Lyric   : multicam_controller_base.cc:1799: Lead camera is not locked. System property value: 
07-16 13:50:48.473  1081 30931 I Lyric   : multicam_controller_base.cc:1759: Allocated context: 0xb400007ce5ee6f80 for logical camera: FrontMultiFov, enable 3a overwrite: 0, enable FTR: 0, enable device state transition: 0, enable tele in pip: 0, max active camera number: 1
07-16 13:50:48.473  1081 30931 I Lyric   : multicam_node.cc:2962: Acquire multicam context for logical camera 1
07-16 13:50:48.473  1081 30931 I Lyric   : multicam_node.cc:994: Max number of fe inflight request: 3
07-16 13:50:48.473  1081 30931 I Lyric   : processing_graph.cc:221: ProcessingGraph MulticamGraph top_graph_for_camera_FrontMultiFov finalized with NodeInstanceSequencers enabled.
07-16 13:50:48.473  1081 30931 I Lyric   : camera_device_session_manager_base.cc:758: Successfully constructed graph: top_graph_for_camera_FrontMultiFov, graph class: MulticamGraph, graph_configuration:
07-16 13:50:48.473  1081 30931 I Lyric   : graph_configuration.cc:345: 
07-16 13:50:48.473  1081 30931 I Lyric   : {type: StreamInfo, stream_id: 0, camera_id: Front, format: RAW10, width: 3648, height: 684, usage: [Protected], stream_type: Output, use_case: Default, data_space: DataSpace(Custom)::Depth, is_framework_physical_stream: 1, dynamic_range_profile: Standard, intended_for_max_resolution_mode: 0, group_id: -1, is_tunable: 0}
07-16 13:50:48.473  1081 30931 I Lyric   : {type: StreamInfo, stream_id: 1, camera_id: Front, format: YCBCR_420_888, width: 1600, height: 1200, usage: [Protected], stream_type: Output, use_case: Default, data_space: DataSpace(Color)::(Standard: BT601_625, Transfer: SMPTE_170M, Range: Full), is_framework_physical_stream: 1, dynamic_range_profile: Standard, intended_for_max_resolution_mode: 0, group_id: -1, is_tunable: 1}
07-16 13:50:48.473  1081 30931 I Lyric   : {type: StreamConfigurationMode, Front: Normal}
07-16 13:50:48.473  1081 30931 I Lyric   : camera_performance_analyzer.cc:33: [CPA] CPA-Lite is enabled.
07-16 13:50:48.473  1081 30931 I Lyric   : graph_runner_deferring_work_queue.cc:333: GraphRunner: Using GraphRunnerDeferringWorkQueue
07-16 13:50:48.473  1081 30931 I Lyric   : graph_runner_deferring_work_queue.cc:335: Thread pool config , Input Priority: High, affinity: Auto, process group: CameraServicePerformance, # of threads: 12
07-16 13:50:48.473  1081 30931 I Lyric   : graph_runner_deferring_work_queue.cc:335: Thread pool config , Input Priority: Normal, affinity: Auto, process group: CameraServicePerformance, # of threads: 7
07-16 13:50:48.473  1081 30931 I Lyric   : graph_runner_deferring_work_queue.cc:335: Thread pool config , Input Priority: Realtime, affinity: Auto, process group: CameraServicePerformance, # of threads: 3
07-16 13:50:48.473  1081 30931 I Lyric   : graph_runner_deferring_work_queue.cc:464: Initializing deferring work queue RunnerH:P+:A with: wake threshold: 0; node group count: 41; minimum active threads: 1; soft maximum: 12; initial_eager_wakeup_frames: 0; underlying queue: fifo
07-16 13:50:48.473  1081 30931 I Lyric   : graph_runner_deferring_work_queue.cc:464: Initializing deferring work queue RunnerR:P+:A with: wake threshold: 0; node group count: 4; minimum active threads: 1; soft maximum: 3; initial_eager_wakeup_frames: 0; underlying queue: fifo
07-16 13:50:48.473  1081 30931 I Lyric   : graph_runner_deferring_work_queue.cc:464: Initializing deferring work queue RunnerN:P+:A with: wake threshold: 0; node group count: 12; minimum active threads: 1; soft maximum: 7; initial_eager_wakeup_frames: 0; underlying queue: fifo
07-16 13:50:48.473  1081 30931 I Lyric   : camera_device_session_manager_base.cc:878: CameraMode: 12
07-16 13:50:48.473  1081 30931 W Lyric   : session_telemetry_controller.cc:109: Telemetry was not initialized dpm
07-16 13:50:48.473  1081 30931 W Lyric   : session_telemetry_controller.cc:109: Telemetry was not initialized slc
07-16 13:50:48.473  1081 30931 W Lyric   : session_telemetry_controller.cc:109: Telemetry was not initialized mcsc
07-16 13:50:48.473  1081 30931 W Lyric   : session_telemetry_controller.cc:109: Telemetry was not initialized gse
07-16 13:50:48.473  1081 30931 W Lyric   : session_telemetry_controller.cc:109: Telemetry was not initialized gse
07-16 13:50:48.473  1081 30931 W Lyric   : session_telemetry_controller.cc:109: Telemetry was not initialized gdc1
07-16 13:50:48.473  1081 30931 W Lyric   : session_telemetry_controller.cc:109: Telemetry was not initialized gdc0
07-16 13:50:48.473  1081 30931 W Lyric   : session_telemetry_controller.cc:109: Telemetry was not initialized gtnr-merge
07-16 13:50:48.473  1081 30931 W Lyric   : session_telemetry_controller.cc:109: Telemetry was not initialized be-core
07-16 13:50:48.473  1081 30931 W Lyric   : session_telemetry_controller.cc:109: Telemetry was not initialized lme
07-16 13:50:48.473  1081 30931 W Lyric   : session_telemetry_controller.cc:109: Telemetry was not initialized gtnr-align
07-16 13:50:48.473  1081 30931 W Lyric   : session_telemetry_controller.cc:109: Telemetry was not initialized isp-fe
07-16 13:50:48.473  1081 30931 W Lyric   : session_telemetry_controller.cc:109: Telemetry was not initialized isp-fe
07-16 13:50:48.473  1081 30931 W Lyric   : session_telemetry_controller.cc:109: Telemetry was not initialized isp-fe
07-16 13:50:48.473  1081 30931 W Lyric   : session_telemetry_controller.cc:109: Telemetry was not initialized isp-fe
07-16 13:50:48.473  1081 30931 W Lyric   : session_telemetry_controller.cc:109: Telemetry was not initialized isp-fe
07-16 13:50:48.473  1081 30931 W Lyric   : session_telemetry_controller.cc:109: Telemetry was not initialized isp-fe
07-16 13:50:48.473  1081 30931 W Lyric   : session_telemetry_controller.cc:109: Telemetry was not initialized votf
07-16 13:50:48.473  1081 30931 W Lyric   : session_telemetry_controller.cc:109: Telemetry was not initialized flash-lm3644
07-16 13:50:48.473  1081 30931 W Lyric   : session_telemetry_controller.cc:109: Telemetry was not initialized tof-tarasque
07-16 13:50:48.473  1081 30931 W Lyric   : session_telemetry_controller.cc:109: Telemetry was not initialized ois-djinn
07-16 13:50:48.473  1081 30931 W Lyric   : session_telemetry_controller.cc:109: Telemetry was not initialized ois-humbaba
07-16 13:50:48.473  1081 30931 W Lyric   : session_telemetry_controller.cc:109: Telemetry was not initialized act-cornerfolk
07-16 13:50:48.473  1081 30931 W Lyric   : session_telemetry_controller.cc:109: Telemetry was not initialized ois-humbaba
07-16 13:50:48.473  1081 30931 W Lyric   : session_telemetry_controller.cc:109: Telemetry was not initialized act-cornerfolk-oksoko
07-16 13:50:48.473  1081 30931 W Lyric   : session_telemetry_controller.cc:109: Telemetry was not initialized act-cornerfolk-dokkaebi
07-16 13:50:48.473  1081 30931 W Lyric   : session_telemetry_controller.cc:109: Telemetry was not initialized eeprom-djinn
07-16 13:50:48.473  1081 30931 W Lyric   : session_telemetry_controller.cc:109: Telemetry was not initialized eeprom-smaug-oksoko
07-16 13:50:48.473  1081 30931 W Lyric   : session_telemetry_controller.cc:109: Telemetry was not initialized eeprom-humbaba
07-16 13:50:48.473  1081 30931 W Lyric   : session_telemetry_controller.cc:109: Telemetry was not initialized eeprom-smaug-dokkaebi
07-16 13:50:48.473  1081 30931 W Lyric   : session_telemetry_controller.cc:109: Telemetry was not initialized sensor-boitata
07-16 13:50:48.473  1081 30931 W Lyric   : session_telemetry_controller.cc:109: Telemetry was not initialized sensor-kraken
07-16 13:50:48.473  1081 30931 W Lyric   : session_telemetry_controller.cc:109: Telemetry was not initialized sensor-oksoko
07-16 13:50:48.473  1081 30931 W Lyric   : session_telemetry_controller.cc:109: Telemetry was not initialized sensor-boitata
07-16 13:50:48.473  1081 30931 W Lyric   : session_telemetry_controller.cc:109: Telemetry was not initialized sensor-kraken
