--------- beginning of system
07-16 13:50:48.762  1836  4112 W ActivityManager: Skipping manifest association check for null package. SourceUid: -1, SourcePkg: null, TargetUid: 10243, TargetPkg: com.android.systemui
07-16 13:50:48.781  1836  4512 W ActivityManager: Skipping manifest association check for null package. SourceUid: -1, SourcePkg: null, TargetUid: 10243, TargetPkg: com.android.systemui
07-16 13:50:49.162  1836  5561 W ActivityManager: Skipping manifest association check for null package. SourceUid: 10147, SourcePkg: null, TargetUid: 10147, TargetPkg: com.google.android.gms
07-16 13:50:49.792  1836  1899 I ActivityManager: updateOomAdj start time is before than pendingPid added, don't delete it
07-16 13:50:49.832  1836  1911 I ActivityManager: Start proc 19888:com.oscarspalk.lpp/u0a640 for bound-service {com.oscarspalk.lpp/androidx.work.impl.background.systemjob.SystemJobService}
07-16 13:50:52.375  1836  1910 W ActivityManager: Stopping service due to app idle: u0a279 -5m13s54ms com.whatsapp/.messageservice.messaging.MessageService
07-16 13:50:59.138  1836  1911 I ActivityManager: Start proc 19941:com.google.android.verifier/u0a470 for bound-service {com.google.android.verifier/com.google.android.verifier.helpers.verification.impl.common.platform.PlatformVerificationService}
07-16 13:51:00.739  1836  5855 I ActivityManager: Force stopping dk.betterlectio.android appid=10639 user=0: from pid 20020
07-16 13:51:00.742  1836  5855 I ActivityManager: Killing 19692:dk.betterlectio.android/u0a639 (adj 955): stop dk.betterlectio.android due to from pid 20020
07-16 13:51:00.786  1836  5855 W ActivityManager: Invalid packageName: dk.betterlectio.android
07-16 13:51:00.825  1836  4512 W ActivityManager: Skipping manifest association check for null package. SourceUid: 10279, SourcePkg: null, TargetUid: 10279, TargetPkg: com.whatsapp
07-16 13:51:00.846  1836  1912 I ActivityManager: Process PhantomProcessRecord {5b5fee8 19752:19692:logcat/u0a639} died
07-16 13:51:01.804  1836  5561 W ActivityManager: registerReceiverWithFeature: no app for null
07-16 13:51:01.875  1836  1911 I ActivityManager: Start proc 20043:dk.betterlectio.android/u0a639 for next-top-activity {dk.betterlectio.android/dk.betterlectio.android.MainActivity}
07-16 13:51:02.883  1836  2039 I ActivityManager: Background started FGS: Allowed [callingPackage: com.whatsapp; callingUid: 10279; uidState: SVC ; uidBFSL: n/a; BFGS denied: false; intent: Intent { xflg=0x4 cmp=com.whatsapp/.messaging.service.GcmFGService }; code:PUSH_MESSAGING; tempAllowListReason:<d0d676d com.google.android.c2dm.intent.RECEIVE/u0/0x2152,reasonCode:PUSH_MESSAGING,duration:20000,callingUid:10147>; allowWiu:-1; targetSdkVersion:36; callerTargetSdkVersion:36; startForegroundCount:0; bindFromPackage:null; isBindService:false]
07-16 13:51:02.901  1836  3848 W ActivityManager: Foreground service started from background can not have location/camera/microphone access: service com.whatsapp/.messaging.service.GcmFGService
07-16 13:51:02.901  1836  3848 I ActivityManager: Background started FGS: Allowed [callingPackage: com.whatsapp; callingUid: 10279; uidState: FGS ; uidBFSL: [BFSL]; BFGS denied: false; intent: Intent { cmp=com.whatsapp/.messaging.service.GcmFGService }; code:PROC_STATE_FGS; tempAllowListReason:<d0d676d com.google.android.c2dm.intent.RECEIVE/u0/0x2152,reasonCode:PUSH_MESSAGING,duration:20000,callingUid:10147>; allowWiu:-1; targetSdkVersion:36; callerTargetSdkVersion:36; startForegroundCount:0; bindFromPackage:null; isBindService:false]
07-16 13:51:10.844  1836  1910 I ActivityManager: Force stopping dk.betterlectio.android appid=10639 user=-1: deletePackageX
07-16 13:51:10.855  1836  1910 I ActivityManager: Killing 20043:dk.betterlectio.android/u0a639 (adj 0): stop dk.betterlectio.android due to deletePackageX
07-16 13:51:10.861  1836  1912 I ActivityManager: Process PhantomProcessRecord {296318e 20072:20043:logcat/u0a639} died
07-16 13:51:11.019  1836  1899 W ActivityManager: setHasOverlayUi called on unknown pid: 20043
07-16 13:51:11.035  1836  1972 I ActivityManager: Force stopping dk.betterlectio.android appid=10639 user=0: pkg removed
07-16 13:51:11.073  1836  1972 I ActivityManager: Force stopping dk.betterlectio.android appid=10639 user=0: pkg removed
07-16 13:51:11.284  1836  1911 W ActivityManager: Slow operation: 137ms so far, now at startProcess: returned from zygote!
07-16 13:51:11.284  1836  1911 W ActivityManager: Slow operation: 137ms so far, now at startProcess: done updating battery stats
07-16 13:51:11.284  1836  1911 W ActivityManager: Slow operation: 137ms so far, now at startProcess: building log message
07-16 13:51:11.284  1836  1911 I ActivityManager: Start proc 20226:com.android.keychain/1000 for started-service {com.android.keychain/com.android.keychain.KeyChainService}
07-16 13:51:11.284  1836  1911 W ActivityManager: Slow operation: 137ms so far, now at startProcess: starting to update pids map
07-16 13:51:11.286  1836  1911 W ActivityManager: Slow operation: 139ms so far, now at startProcess: done updating pids map
07-16 13:51:11.306  1836  6369 I ActivityManager: Background started FGS: Allowed [callingPackage: com.android.vending; callingUid: 10171; uidState: FGS ; uidBFSL: [BFSL]; BFGS denied: false; intent: Intent { cmp=com.android.vending/com.google.android.finsky.foregroundcoordinator.impl.ForegroundCoordinatorService }; code:BACKGROUND_ACTIVITY_PERMISSION; tempAllowListReason:<,reasonCode:SYSTEM_ALLOW_LISTED,duration:9223372036854775807,callingUid:-1>; allowWiu:58; targetSdkVersion:37; callerTargetSdkVersion:37; startForegroundCount:0; bindFromPackage:null; isBindService:false]
07-16 13:51:11.429  1836  5602 W ActivityManager: Unable to start service Intent { xflg=0x4 cmp=com.google.android.gms/rsh } U=0: not found
07-16 13:51:11.482  1836  1911 I ActivityManager: Start proc 20266:com.google.android.documentsui/u0a89 for broadcast {com.google.android.documentsui/com.android.documentsui.PackageReceiver}
07-16 13:51:12.000  1836  5554 W ActivityManager: pid 1836 system sent binder code 7 with flags 1 and got error -32
07-16 13:51:12.248  1836  6369 W ActivityManager: Skipping manifest association check for null package. SourceUid: 10147, SourcePkg: null, TargetUid: 10147, TargetPkg: com.google.android.gms
07-16 13:51:12.887  1836  1911 I ActivityManager: Start proc 20333:com.google.android.odad/u0a140 for bound-service {com.google.android.odad/com.google.android.apps.miphone.odad.contentprotection.ContentProtectionService}
07-16 13:51:13.072  1836  5847 I ActivityManager: Background started FGS: Allowed [callingPackage: com.google.android.odad; callingUid: 10140; uidState: IMPF; uidBFSL: n/a; BFGS denied: false; intent: Intent { xflg=0x4 cmp=com.google.android.odad/com.google.android.apps.miphone.odad.backgroundwork.impl.WorkService (has extras) }; code:BACKGROUND_ACTIVITY_PERMISSION; tempAllowListReason:<null>; allowWiu:58; targetSdkVersion:37; callerTargetSdkVersion:37; startForegroundCount:0; bindFromPackage:null; isBindService:false]
07-16 13:51:15.074  1836  1911 I ActivityManager: Start proc 20407:com.android.externalstorage/u0a91 for content provider {com.android.externalstorage/com.android.externalstorage.ExternalStorageProvider}
07-16 13:51:15.436  1836  4652 W ActivityManager: pid 20266 com.google.android.documentsui sent binder code 1 with flags 2 and got error -2147483639
07-16 13:51:15.436  1836  4652 I ActivityManager: Process at.bitfire.davdroid (pid 2532) early provider death
07-16 13:51:15.438  1836  4652 I ActivityManager: Process at.bitfire.davdroid (pid 2532) has died: cch CEM 
07-16 13:51:22.075  1836  3848 W ActivityManager: Skipping manifest association check for null package. SourceUid: -1, SourcePkg: null, TargetUid: 10147, TargetPkg: com.google.android.gms
07-16 13:51:22.590  1836  3765 W ActivityManager: Unable to launch app com.google.android.permissioncontroller/1010253 for service Intent { act=android.permission.PermissionControllerService cmp=com.google.android.permissioncontroller/com.android.permissioncontroller.permission.service.PermissionControllerServiceImpl }: user 10 is stopped
07-16 13:51:22.597  1836  1910 W ActivityManager: Skipping manifest association check for null package. SourceUid: -1, SourcePkg: null, TargetUid: 10147, TargetPkg: com.google.android.gms
07-16 13:51:22.753  1836  1911 I ActivityManager: Start proc 20443:com.google.android.packageinstaller/u0a85 for broadcast {com.google.android.packageinstaller/com.android.packageinstaller.PackageInstalledReceiver}
07-16 13:51:22.786  1836  3765 W ActivityManager: Unable to launch app com.google.android.permissioncontroller/1010253 for service Intent { act=android.permission.PermissionControllerService cmp=com.google.android.permissioncontroller/com.android.permissioncontroller.permission.service.PermissionControllerServiceImpl }: user 10 is stopped
07-16 13:51:22.856  1836  5561 I ActivityManager: Background started FGS: Allowed [callingPackage: com.android.vending; callingUid: 10171; uidState: FGS ; uidBFSL: [BFSL]; BFGS denied: false; intent: Intent { cmp=com.android.vending/com.google.android.finsky.foregroundcoordinator.impl.ForegroundCoordinatorService }; code:BACKGROUND_ACTIVITY_PERMISSION; tempAllowListReason:<,reasonCode:SYSTEM_ALLOW_LISTED,duration:9223372036854775807,callingUid:-1>; allowWiu:58; targetSdkVersion:37; callerTargetSdkVersion:37; startForegroundCount:0; bindFromPackage:null; isBindService:false]
07-16 13:51:22.915  1836  6369 I ActivityManager: Background started FGS: Allowed [callingPackage: com.google.android.odad; callingUid: 10140; uidState: IMPF; uidBFSL: n/a; BFGS denied: false; intent: Intent { xflg=0x4 cmp=com.google.android.odad/com.google.android.apps.miphone.odad.backgroundwork.impl.WorkService (has extras) }; code:BACKGROUND_ACTIVITY_PERMISSION; tempAllowListReason:<null>; allowWiu:58; targetSdkVersion:37; callerTargetSdkVersion:37; startForegroundCount:0; bindFromPackage:null; isBindService:false]
07-16 13:51:22.942  1836  5602 W ActivityManager: Skipping manifest association check for null package. SourceUid: 10147, SourcePkg: null, TargetUid: 10147, TargetPkg: com.google.android.gms
07-16 13:51:23.152  1836  5554 W ActivityManager: registerReceiverWithFeature: no app for null
07-16 13:51:23.204  1836  1911 I ActivityManager: Start proc 20510:dk.betterlectio.android/u0a647 for next-top-activity {dk.betterlectio.android/dk.betterlectio.android.MainActivity}
07-16 13:51:23.471  1836  5855 W ActivityManager: Skipping manifest association check for null package. SourceUid: 10147, SourcePkg: null, TargetUid: 10147, TargetPkg: com.google.android.gms
07-16 13:51:24.443  1836  1911 I ActivityManager: Start proc 20599:com.google.android.webview:sandboxed_process0:org.chromium.content.app.SandboxedProcessService0:0/u0i36 for bound-service {dk.betterlectio.android/org.chromium.content.app.SandboxedProcessService0:0}
07-16 13:51:32.026  1836  4516 W ActivityManager: stopServiceToken startId 8 is last, but have 1 remaining args
07-16 13:51:41.513  1836  5847 W ActivityManager: Skipping manifest association check for null package. SourceUid: -1, SourcePkg: null, TargetUid: 10647, TargetPkg: dk.betterlectio.android
07-16 13:51:41.514  1836  1910 W ActivityManager: Skipping manifest association check for null package. SourceUid: -1, SourcePkg: null, TargetUid: 10647, TargetPkg: dk.betterlectio.android
07-16 13:51:57.825  1836  1911 I ActivityManager: Start proc 20822:com.android.intentresolver/u0a87 for next-top-activity {com.android.intentresolver/com.android.intentresolver.ChooserActivityLauncher}
07-16 13:51:57.938  1836  1911 I ActivityManager: Start proc 20874:dk.mitid.app.android/u0a324 for next-top-activity {dk.mitid.app.android/dk.mitid.app.android.activity.MainActivity}
07-16 13:50:48.448  1081  2153 W Lyric   : device_context.cc:373: NotifyCaptureSessionOpen: No OisController found for physical camera FrontVirtual. Status: NOT_FOUND: Failed to find controller by type and camera id(FrontVirtual); Controller with ID: optical image stabilization controller for camera: FrontVirtual not present in device_context
07-16 13:50:48.448  1081  2153 W Lyric   : device_context.cc:373: NotifyCaptureSessionOpen: No OisController found for physical camera Front. Status: NOT_FOUND: Failed to find controller by type and camera id(Front); Controller with ID: optical image stabilization controller for camera: Front not present in device_context
07-16 13:50:48.466  1081 30931 I Lyric   : graph_states.cc:57: Failed to add camera id to priority map as the device doesn't support it: NOT_FOUND: Couldn't find the CameraId which has {position: front, lens_type: normal, spectrum: visible, instance: virtual, capability: {default_mode: 1, in_sensor_hdr: 1, remosaic: 0, max_resolution: 0, cropped_fov: 0, multiframe_hdr: 0}}
07-16 13:50:48.494  1081  1552 W Lyric   : auto_focus_node.cc:552: cam7_af failed to acquire eco context: UNAVAILABLE: Not able to create valid eco proxy client
07-16 13:50:48.496  1081  1552 W G3ACoordinator: awb_engine.cc:529: Failed to register data types in data manager.
07-16 13:50:48.497  1081  1552 W Lyric   : auto_exposure_node.cc:1095: cam7_ae failed to acquire eco context: UNAVAILABLE: Not able to create valid eco proxy client
07-16 13:50:48.788  1081  1574 I Lyric   : zuma_csis_core_driver.cc:261: [FEIRQ] CSIS Core context 0: event IspFe.csis_core_pd_err.LogicalChannel0LateConfigError #1, category: 16, count: 1, timestamp: 23072296866400
07-16 13:50:48.891  1081  1552 W Lyric   : device_context.cc:418: NotifyCaptureSessionClose: No OisController found for physical camera FrontVirtual. Status: NOT_FOUND: Failed to find controller by type and camera id(FrontVirtual); Controller with ID: optical image stabilization controller for camera: FrontVirtual not present in device_context
07-16 13:50:48.891  1081  1552 W Lyric   : device_context.cc:418: NotifyCaptureSessionClose: No OisController found for physical camera Front. Status: NOT_FOUND: Failed to find controller by type and camera id(Front); Controller with ID: optical image stabilization controller for camera: Front not present in device_context
07-16 13:50:48.919  1836  3732 I AuthenticationPolicyService: AuthenticationStateListener#onAuthenticationError
07-16 13:50:48.919  1836  3732 D AcquisitionClient: onErrorInternal code: 5, finish: true
07-16 13:50:48.919  1836  3732 D BiometricLogger: Error! Modality: face, latency: 475
07-16 13:50:49.285   666 11453 I keystore2:     1: Error::Km(r#KEY_USER_NOT_AUTHENTICATED) for AppUid(10147)
07-16 13:50:50.233     0     0 I trusty  : WARN: system/keymint/ta/src/lib.rs:1331 failing OperationFinish request with error Error { location: Some(ErrorLocation { file: "system/keymint/boringssl/src/aes.rs", line: 276 }), kind: Hal(VerificationFailed, "failed to finalize: ErrorStack([])") }
07-16 13:50:50.235   666 11453 E keystore2:     1: Error::Km(r#VERIFICATION_FAILED) for AppUid(10640)
07-16 13:50:50.527     0     0 I trusty  : WARN: system/keymint/ta/src/lib.rs:1331 failing OperationFinish request with error Error { location: Some(ErrorLocation { file: "system/keymint/boringssl/src/aes.rs", line: 276 }), kind: Hal(VerificationFailed, "failed to finalize: ErrorStack([])") }
07-16 13:50:50.528   666 11453 E keystore2:     1: Error::Km(r#VERIFICATION_FAILED) for AppUid(10640)
07-16 13:50:50.559     0     0 I trusty  : WARN: system/keymint/ta/src/lib.rs:1331 failing OperationFinish request with error Error { location: Some(ErrorLocation { file: "system/keymint/boringssl/src/aes.rs", line: 276 }), kind: Hal(VerificationFailed, "failed to finalize: ErrorStack([])") }
07-16 13:50:50.559   666 11453 E keystore2:     1: Error::Km(r#VERIFICATION_FAILED) for AppUid(10640)
07-16 13:50:50.598   666  2661 E keystore2:     1: Error::Km(r#VERIFICATION_FAILED) for AppUid(10640)
07-16 13:50:50.599     0     0 I trusty  : WARN: system/keymint/ta/src/lib.rs:1331 failing OperationFinish request with error Error { location: Some(ErrorLocation { file: "system/keymint/boringssl/src/aes.rs", line: 276 }), kind: Hal(VerificationFailed, "failed to finalize: ErrorStack([])") }
07-16 13:50:50.654     0     0 I trusty  : WARN: system/keymint/ta/src/lib.rs:1331 failing OperationFinish request with error Error { location: Some(ErrorLocation { file: "system/keymint/boringssl/src/aes.rs", line: 276 }), kind: Hal(VerificationFailed, "failed to finalize: ErrorStack([])") }
07-16 13:50:50.654   666  2661 E keystore2:     1: Error::Km(r#VERIFICATION_FAILED) for AppUid(10640)
07-16 13:51:01.879  1836  1896 V WindowManager:         {WCT{RemoteToken{19829fc Task{d158e6e #54866 type=standard A=10639:dk.betterlectio.android}}} m=OPEN f=MOVE_TO_TOP|FLAG_CHANGED_INTERACTIVE leash=Surface(name=Task=54866#10176)/@0x90ef893 sb=Rect(0, 0 - 1008, 2244) eb=Rect(0, 0 - 1008, 2244) epz=Point(1008, 2244) d=0 taskParent=-1 winMode=1 userId=0},
07-16 13:51:03.334  7057 20152 E ActivityThread: Failed to find provider info for com.facebook.stella.assistant.deviceconnectionstate
07-16 13:51:03.335  7057 20152 E ActivityThread: Failed to find provider info for com.facebook.stella_debug.assistant.deviceconnectionstate
07-16 13:51:10.973  1836  1896 V WindowManager:         {WCT{RemoteToken{19829fc Task{d158e6e #54866 type=standard A=10639:dk.betterlectio.android}}} m=CLOSE f=FLAG_CHANGED_INTERACTIVE leash=Surface(name=Task=54866#10176)/@0x90ef893 sb=Rect(0, 0 - 1008, 2244) eb=Rect(0, 0 - 1008, 2244) epz=Point(1008, 2244) d=0 taskParent=-1 winMode=1 userId=0},
07-16 13:51:11.273  1836  9432 E HCPackageInfoUtils: NameNotFoundException for dk.betterlectio.android
07-16 13:51:11.279  1836  9432 E HCPackageInfoUtils: NameNotFoundException for dk.betterlectio.android
07-16 13:51:11.284  1836  9432 E HCPackageInfoUtils: NameNotFoundException for dk.betterlectio.android
07-16 13:51:11.284  1836  9432 E HCPackageInfoUtils: NameNotFoundException for dk.betterlectio.android
07-16 13:51:11.286  1836  9432 E HCPackageInfoUtils: NameNotFoundException for dk.betterlectio.android
07-16 13:51:11.288  1836  9432 E HCPackageInfoUtils: NameNotFoundException for dk.betterlectio.android
07-16 13:51:11.292  1836  9432 E HCPackageInfoUtils: NameNotFoundException for dk.betterlectio.android
07-16 13:51:11.292  1836  9432 E HCPackageInfoUtils: NameNotFoundException for dk.betterlectio.android
07-16 13:51:11.460  1836 32451 W UsageStatsService: Failed to query usage stats for locked user 10
07-16 13:51:12.000  1836  5554 W WindowManager: Exception thrown during dispatchAppVisibility Window{f20c6eb u0 dk.betterlectio.android/dk.betterlectio.android.MainActivity EXITING}
07-16 13:51:12.000  1836  5554 W WindowManager: android.os.DeadObjectException
07-16 13:51:12.620  1836 32451 W UsageStatsService: Failed to query usage stats for locked user 10
07-16 13:51:21.264  1836  3771 W FileUtils: Failed to chmod(AtomicFile[/data/system_de/0/system/game-manager-service.xml])
07-16 13:51:21.264  1836  3771 W FileUtils: android.system.ErrnoException: chmod failed: ENOENT (No such file or directory)
07-16 13:51:21.310 19941 19993 W PlatformVerificationMap: java.lang.IllegalStateException: `installerPackageName` is null
07-16 13:51:22.198 20697 29055 E khqv    : java.lang.RuntimeException: ManagedChannel allocation site
07-16 13:51:22.198 20697 29055 E khqv    : java.lang.RuntimeException: ManagedChannel allocation site
07-16 13:51:22.284 20697 16962 W Conscrypt: Could not set socket write timeout: java.net.SocketException: Socket closed
07-16 13:51:22.346 20697 16962 W Conscrypt: Could not set socket write timeout: java.net.SocketException: Socket closed
07-16 13:51:22.592  1836  1972 E PermissionControllerManager: Error restoring delayed permissions for dk.betterlectio.android
07-16 13:51:22.592  1836  1972 E PermissionControllerManager: java.lang.IllegalStateException: Failed to bind to service Intent { act=android.permission.PermissionControllerService xflg=0x4 cmp=com.google.android.permissioncontroller/com.android.permissioncontroller.permission.service.PermissionControllerServiceImpl }
07-16 13:51:22.794  1836  3765 E PermissionControllerManager: Error updating user_sensitive flags for uid 1010647
07-16 13:51:22.794  1836  3765 E PermissionControllerManager: java.lang.IllegalStateException: Failed to bind to service Intent { act=android.permission.PermissionControllerService xflg=0x4 cmp=com.google.android.permissioncontroller/com.android.permissioncontroller.permission.service.PermissionControllerServiceImpl }
07-16 13:51:22.853  4207  4226 W System  : A resource failed to call release. 
07-16 13:51:22.853  4207  4226 W System  : A resource failed to call release. 
07-16 13:51:22.853  4207  4226 W System  : A resource failed to call release. 
07-16 13:51:22.983 20466 20466 D AndroidRuntime: >>>>>> START com.android.internal.os.RuntimeInit uid 2000 <<<<<<
07-16 13:51:22.989 20466 20466 I AndroidRuntime: Using default boot image
07-16 13:51:22.989 20466 20466 I AndroidRuntime: Leaving lock profiling enabled
07-16 13:51:23.099 20466 20466 D AndroidRuntime: Calling main entry com.android.commands.monkey.Monkey
07-16 13:51:23.108  4207  4303 D AlphabeticIndexCompat: computeSectionName: cs: BetterLectio sectionName: B
07-16 13:51:23.108 20466 20466 E FeatureFlagsImplExport: android.os.flagging.AconfigStorageReadException: ERROR_PACKAGE_NOT_FOUND: package android.xr cannot be found on the device
07-16 13:51:23.146  4207  4303 D AlphabeticIndexCompat: computeSectionName: cs: BetterLectio sectionName: B
07-16 13:51:23.149  4207  4207 D AlphabeticalAppsList: addAppsWithSections: adding sectionName: L with appInfoTitle: Lectio+
07-16 13:51:23.151  4207  4207 D AlphabeticalAppsList: addAppsWithSections: adding sectionName: L with appInfoTitle: Lectio+
07-16 13:51:23.154  4207  4303 D AlphabeticIndexCompat: computeSectionName: cs: BetterLectio sectionName: B
07-16 13:51:23.187  4207  4303 D AlphabeticIndexCompat: computeSectionName: cs: BetterLectio sectionName: B
07-16 13:51:23.188  4207  4207 D AlphabeticalAppsList: addAppsWithSections: adding sectionName: L with appInfoTitle: Lectio+
07-16 13:51:23.189  4207  4207 D AlphabeticalAppsList: addAppsWithSections: adding sectionName: L with appInfoTitle: Lectio+
07-16 13:51:23.199  4207  4303 D AlphabeticIndexCompat: computeSectionName: cs: BetterLectio sectionName: B
07-16 13:51:23.208  1836  1896 V WindowManager:         {WCT{RemoteToken{9ed1574 Task{f184b85 #54867 type=standard A=10647:dk.betterlectio.android}}} m=OPEN f=MOVE_TO_TOP|FLAG_CHANGED_INTERACTIVE leash=Surface(name=Task=54867#10207)/@0xb6ac1d6 sb=Rect(0, 0 - 1008, 2244) eb=Rect(0, 0 - 1008, 2244) epz=Point(1008, 2244) d=0 taskParent=-1 winMode=1 userId=0},
07-16 13:51:23.214 20466 20466 I AndroidRuntime: VM exiting with result code 0.
07-16 13:51:23.483  4207  4303 D AlphabeticIndexCompat: computeSectionName: cs: BetterLectio sectionName: B
07-16 13:51:23.536  4207  4303 D AlphabeticIndexCompat: computeSectionName: cs: BetterLectio sectionName: B
07-16 13:51:23.537  4207  4207 D AlphabeticalAppsList: addAppsWithSections: adding sectionName: L with appInfoTitle: Lectio+
07-16 13:51:23.538  4207  4207 D AlphabeticalAppsList: addAppsWithSections: adding sectionName: L with appInfoTitle: Lectio+
07-16 13:51:23.752  1836  1860 W System  : A resource failed to call close. 
07-16 13:51:23.753  1836  1860 W System  : A resource failed to call close. 
07-16 13:51:23.977 20510 20510 D PostHog : Exception autocapture is enabled.
07-16 13:51:24.075 20510 20510 W rlectio.android: Loading /data/app/~~x2UsByH31hvtON2w6mR9lw==/com.google.android.webview-EwRV3WEAo-j8KDxnH56IRQ==/oat/arm64/base.odex non-executable as it requires an image which we failed to load
07-16 13:51:24.102 20510 20576 I chromium: [0716/135124.101842:INFO:android_webview/browser/variations/variations_seed_loader.cc:67] Failed to open file for reading.: No such file or directory (2)
07-16 13:51:24.102 20510 20576 I chromium: [0716/135124.102139:INFO:android_webview/browser/variations/variations_seed_loader.cc:67] Failed to open file for reading.: No such file or directory (2)
07-16 13:51:24.190 20510 20551 D PostHog : Loading remote config failed: PostHogApiError(statusCode=404, message='')
07-16 13:51:24.463 20510 20510 W chromium: [WARNING:android_webview/browser/network_service/net_helpers.cc:137] HTTP Cache size is: 20971520
07-16 13:51:24.757  4207  4303 D AlphabeticIndexCompat: computeSectionName: cs: BetterLectio sectionName: B
07-16 13:51:24.963  4207  4303 D AlphabeticIndexCompat: computeSectionName: cs: BetterLectio sectionName: B
07-16 13:51:24.998  4207  4303 D AlphabeticIndexCompat: computeSectionName: cs: BetterLectio sectionName: B
07-16 13:51:25.002  4207  4207 D AlphabeticalAppsList: addAppsWithSections: adding sectionName: L with appInfoTitle: Lectio+
07-16 13:51:25.005  4207  4207 D AlphabeticalAppsList: addAppsWithSections: adding sectionName: L with appInfoTitle: Lectio+
07-16 13:51:25.315 17830 17854 W chromium: [WARNING:components/sync/engine/syncer_proto_util.cc:430] Error posting from syncer: Response Code (bogus on error): -1 Content-Length (bogus on error): -1 Server Status: CONNECTION_UNAVAILABLE
07-16 13:51:25.318 17830 17854 E chromium: [ERROR:components/sync/engine/get_updates_processor.cc:270] PostClientToServerMessage() failed during GetUpdates with error Network error (ERR_INTERNET_DISCONNECTED)
07-16 13:51:34.433  4919 16074 I KeyboardEventHandler: KeyboardEventHandler.handleFieldChangedEvent():465 Handling FieldChangedEvent: fgPkg=dk.betterlectio.android, fieldType=3.3e+04, interactionType=FIELD_CHANGE [SD]
07-16 13:51:36.562  4004  4014 W System  : A resource failed to call close. 
07-16 13:51:36.955  1386  1386 I adbd    : adbd service requested 'shell,v2,TERM=dumb:export ANDROID_LOG_TAGS=''; exec logcat '-v' 'threadtime' 'AndroidRuntime:E' 'DEBUG:I' 'ActivityManager:I' 'libc:F' '*:S''
07-16 13:51:39.922   829  4231 E powerhal-libperfmgr: Error: shouldn't report duration during pause state.
07-16 13:51:40.317  4419 19412 W FontLog : Error updating last accessed time for {Google Sans, wdth 100.0, wght 400, ital 0.0, bestEffort false}, isVf false}. [CONTEXT service_id=132 ]
07-16 13:51:40.317  4419 19412 W FontLog : java.lang.IllegalStateException: Cannot perform this operation because the connection pool has been closed.
07-16 13:51:40.317  4419 19412 W FontLog : Caused by: java.lang.Exception: SQLiteConnectionPool.close()
07-16 13:51:40.452 20510 20510 D MitIdWebViewKt$MitIdWebView$webView: MitID WebView nav: https://broker.unilogin.dk/auth/realms/broker/protocol/openid-connect/auth?response_type=code&client_id=LectioDK&scope=openid&code_challenge_method=S256&acr_values=https%3a%2f%2fdata.gov.dk%2fconcept%2fcore%2fnsis%2floa%2fSubstantial&state=0000000000000000&redirect_uri=https%3a%2f%2fwww.lectio.dk%2flectio%2fintegration%2funilogin.aspx&nonce=Af2CQjjk3s7YBITpHQTrFg&code_challenge=54hZJ1-zHaUPoghFiuBKABNvjALrJKMm4KO_1aNAs1c
07-16 13:51:43.146 20510 20510 D MitIdWebViewKt$MitIdWebView$webView: MitID WebView nav: https://broker.unilogin.dk/auth/realms/broker/protocol/openid-connect/auth?response_type=code&client_id=LectioDK&scope=openid&code_challenge_method=S256&acr_values=https%3a%2f%2fdata.gov.dk%2fconcept%2fcore%2fnsis%2floa%2fSubstantial&state=0000000000000000&redirect_uri=https%3a%2f%2fwww.lectio.dk%2flectio%2fintegration%2funilogin.aspx&nonce=Af2CQjjk3s7YBITpHQTrFg&code_challenge=54hZJ1-zHaUPoghFiuBKABNvjALrJKMm4KO_1aNAs1c
07-16 13:51:43.699 20510 20510 D MitIdWebViewKt$MitIdWebView$webView: MitID WebView finished: https://broker.unilogin.dk/auth/realms/broker/protocol/openid-connect/auth?response_type=code&client_id=LectioDK&scope=openid&code_challenge_method=S256&acr_values=https%3a%2f%2fdata.gov.dk%2fconcept%2fcore%2fnsis%2floa%2fSubstantial&state=0000000000000000&redirect_uri=https%3a%2f%2fwww.lectio.dk%2flectio%2fintegration%2funilogin.aspx&nonce=Af2CQjjk3s7YBITpHQTrFg&code_challenge=54hZJ1-zHaUPoghFiuBKABNvjALrJKMm4KO_1aNAs1c
07-16 13:51:43.706 20510 20510 D MitIdWebViewKt$MitIdWebView$webView: MitID WebView DOM probe: "{\"href\":\"https://broker.unilogin.dk/auth/realms/broker/protocol/openid-connect/auth?response_type=code&client_id=LectioDK&scope=openid&code_challenge_method=S256&acr_values=https%3a%2f%2fdata.gov.dk%2fconcept%2fcore%2fnsis%2floa%2fSubstantial&state=0000000000000000&redirect_uri=https%3a%2f%2fwww.lectio.dk%2flectio%2fintegration%2funilogin.aspx&nonce=Af2CQjjk3s7YBITpHQTrFg&code_challenge=54hZJ1-zHaUPoghFiuBKABNvjALrJKMm4KO_1aNAs1c\",\"title\":\"Unilogin\",\"readyState\":\"complete\",\"bodyText\":\"Loginvælger\nUnilogin\nVælg login\nLokalt login\",\"elevidLinks\":0,\"laereridLinks\":0,\"studentCards\":0,\"teacherCards\":0,\"hasMainTitle\":false,\"hasSubHeader\":false}"
07-16 13:51:45.998 20510 20510 D MitIdWebViewKt$MitIdWebView$webView: MitID WebView nav: https://broker.unilogin.dk/auth/realms/broker/broker/nemlogin3/login?session_code=lw27xgr9GLSUVwU3fLfkxpGDMYa3yUVr7QWf8S1oHQs&client_id=LectioDK&tab_id=TBRAMu2Ynzo
07-16 13:51:50.769  4419  5457 I NullBinder: NullBinder for android.net.action.RECOMMEND_NETWORKS triggering remote TransactionTooLargeException due to Service without Chimera impl, calling uid: 1000, calling pid: 0
07-16 13:51:51.020  4919 16704 I KeyboardEventHandler: KeyboardEventHandler.handleFieldChangedEvent():465 Handling FieldChangedEvent: fgPkg=dk.betterlectio.android, fieldType=2.7e+06, interactionType=FIELD_CHANGE [SD]
07-16 13:51:53.977  4919  5021 E Surface : [2d59434 SurfaceView[InputMethod]#104(BLAST Consumer)104-DISCONNECTED](id:0) Surface failed to disconnect. Cleaning up internals anyway. Error -19 (NO_INIT).
07-16 13:51:53.993 20510 20549 D PostHog : Request https://eu.i.posthog.com/batch}: {"api_key":"","batch":[{"distinct_id":"019f6ac4-6641-757b-aa53-e4af543d4468","event":"Application Installed","properties":{"$screen_density":2.25,"$screen_height":997,"$screen_width":448,"$app_version":"1.0.0-debug","$app_namespace":"dk.betterlectio.android","$app_build":7,"$app_name":"BetterLectio","$device_manufacturer":"Google","$device_model":"Pixel 8 Pro","$device_name":"husky","$device_type":"Mobile","$os_name":"Android","$os_version":"17","$is_emulator":false,"$locale":"en-US","$user_agent":"Dalvik/2.1.0 (Linux; U; Android 17; Pixel 8 Pro Build/CP31.260623.005)","$timezone":"Europe/Berlin","$network_wifi":true,"$network_bluetooth":false,"$network_cellular":false,"$network_carrier":"vodafone.de","$lib":"posthog-android","$lib_version":"3.31.0","$is_identified":false,"$process_person_profile":false,"$session_id":"019f6ac4-663f-719c-aaf2-233799994c17","version":"1.0.0-debug","build":7},"timestamp":"2026-07-16T11:51:23.976Z","uuid":"019f6ac4-6648-75eb-9fa6-a6d18b47c64d"},{"distinct_id":"019f6ac4-6641-757b-aa53-e4af543d4468","event":"$screen","properties":{"$screen_density":2.25,"$screen_height":997,"$screen_width":448,"$app_version":"1.0.0-debug","$app_namespace":"dk.betterlectio.android","$app_build":7,"$app_name":"BetterLectio","$device_manufacturer":"Google","$device_model":"Pixel 8 Pro","$device_name":"husky","$device_type":"Mobile","$os_name":"Android","$os_version":"17","$is_emulator":false,"$locale":"en-US","$user_agent":"Dalvik/2.1.0 (Linux; U; Android 17; Pixel 8 Pro Build/CP31.260623.005)","$timezone":"Europe/Berlin","$network_wifi":true,"$network_bluetooth":false,"$network_cellular":false,"$network_carrier":"vodafone.de","$lib":"posthog-android","$lib_version":"3.31.0","$is_identified":false,"$process_person_profile":false,"$session_id":"019f6ac4-663f-719c-aaf2-233799994c17","$screen_name":"MainActivity"},"timestamp":"2026-07-16T11:51:24.033Z","uuid":"019f6ac4-6681-7ea0-83bd-bbee46f4a83a"},{"distinct_id":"019f6ac4-6641-757b-aa53-e4af543d4468","event":"Application Opened","properties":{"$screen_density":2.25,"$screen_height":997,"$screen_width":448,"$app_version":"1.0.0-debug","$app_namespace":"dk.betterlectio.android","$app_build":7,"$app_name":"BetterLectio","$device_manufacturer":"Google","$device_model":"Pixel 8 Pro","$device_name":"husky","$device_type":"Mobile","$os_name":"Android","$os_version":"17","$is_emulator":false,"$locale":"en-US","$user_agent":"Dalvik/2.1.0 (Linux; U; Android 17; Pixel 8 Pro Build/CP31.260623.005)","$timezone":"Europe/Berlin","$network_wifi":true,"$network_bluetooth":false,"$network_cellular":false,"$network_carrier":"vodafone.de","$lib":"posthog-android","$lib_version":"3.31.0","$is_identified":false,"$process_person_profile":false,"$session_id":"019f6ac4-663f-719c-aaf2-233799994c17","from_background":false,"version":"1.0.0-debug","build":7},"timestamp":"2026-07-16T11:51:24.035Z","uuid":"019f6ac4-6683-78cd-9b70-042dc8275db3"}],"sent_at":"2026-07-16T11:51:53.398Z"}
07-16 13:51:54.307 20510 20549 D PostHog : Flushing failed: PostHogApiError(statusCode=401, message='').
07-16 13:51:54.628  4919  5021 E Surface : [e5268e7 SurfaceView[InputMethod]#106(BLAST Consumer)106-DISCONNECTED](id:0) Surface failed to disconnect. Cleaning up internals anyway. Error -19 (NO_INIT).
07-16 13:51:56.213  4919 16704 I KeyboardEventHandler: KeyboardEventHandler.handleFieldChangedEvent():465 Handling FieldChangedEvent: fgPkg=dk.betterlectio.android, fieldType=0, interactionType=FIELD_CHANGE [SD]
07-16 13:51:56.937  4419  6897 I NullBinder: NullBinder for android.net.action.RECOMMEND_NETWORKS triggering remote TransactionTooLargeException due to Service without Chimera impl, calling uid: 1000, calling pid: 0
07-16 13:51:57.953  1836  1896 V WindowManager:         {WCT{RemoteToken{9ed1574 Task{f184b85 #54867 type=standard A=10647:dk.betterlectio.android}}} m=TO_BACK f=FLAG_CHANGED_INTERACTIVE leash=Surface(name=Task=54867#10207)/@0xb6ac1d6 sb=Rect(0, 0 - 1008, 2244) eb=Rect(0, 0 - 1008, 2244) epz=Point(1008, 2244) d=0 taskParent=-1 winMode=1 userId=0}
07-16 13:51:58.036 27741 27741 W Finsky  : [2] STU: Failed to get storage stats for package 'com.google.android.uprobestats' (1601: Error getting stats: android.content.pm.PackageManager.NameNotFoundException)
07-16 13:51:58.053 27741 27741 W Finsky  : [2] STU: Failed to get storage stats for package 'com.google.android.uwb' (1601: Error getting stats: android.content.pm.PackageManager.NameNotFoundException)
07-16 13:51:58.056 27741 27741 W Finsky  : [2] STU: Failed to get storage stats for package 'com.google.android.bt' (1601: Error getting stats: android.content.pm.PackageManager.NameNotFoundException)
07-16 13:51:58.146 27741 27741 W Finsky  : [2] STU: Failed to get storage stats for package 'com.google.pixel.camera.hal' (1601: Error getting stats: android.content.pm.PackageManager.NameNotFoundException)
07-16 13:51:58.146 27741 27741 W Finsky  : [2] STU: Failed to get storage stats for package 'com.google.android.crashrecovery' (1601: Error getting stats: android.content.pm.PackageManager.NameNotFoundException)
07-16 13:51:58.149 27741 27741 W Finsky  : [2] STU: Failed to get storage stats for package 'com.google.android.resolv' (1601: Error getting stats: android.content.pm.PackageManager.NameNotFoundException)
07-16 13:51:58.178 27741 27741 W Finsky  : [2] STU: Failed to get storage stats for package 'com.google.android.sdkext' (1601: Error getting stats: android.content.pm.PackageManager.NameNotFoundException)
07-16 13:51:58.182 27741 27741 W Finsky  : [2] STU: Failed to get storage stats for package 'com.google.android.adservices' (1601: Error getting stats: android.content.pm.PackageManager.NameNotFoundException)
07-16 13:51:58.183 27741 27741 W Finsky  : [2] STU: Failed to get storage stats for package 'com.google.android.tethering' (1601: Error getting stats: android.content.pm.PackageManager.NameNotFoundException)
07-16 13:51:58.214 27741 27741 W Finsky  : [2] STU: Failed to get storage stats for package 'com.google.android.cellbroadcast' (1601: Error getting stats: android.content.pm.PackageManager.NameNotFoundException)
07-16 13:51:58.215 27741 27741 W Finsky  : [2] STU: Failed to get storage stats for package 'com.google.pixel.wifi.ext' (1601: Error getting stats: android.content.pm.PackageManager.NameNotFoundException)
07-16 13:51:58.250 27741 27741 W Finsky  : [2] STU: Failed to get storage stats for package 'com.google.pixel.euicc.update' (1601: Error getting stats: android.content.pm.PackageManager.NameNotFoundException)
07-16 13:51:58.256 27741 27741 W Finsky  : [2] STU: Failed to get storage stats for package 'com.google.android.compos' (1601: Error getting stats: android.content.pm.PackageManager.NameNotFoundException)
07-16 13:51:58.307 27741 27741 W Finsky  : [2] STU: Failed to get storage stats for package 'com.google.android.telephonycore' (1601: Error getting stats: android.content.pm.PackageManager.NameNotFoundException)
07-16 13:51:58.358 27741 27741 W Finsky  : [2] STU: Failed to get storage stats for package 'com.google.android.adbd' (1601: Error getting stats: android.content.pm.PackageManager.NameNotFoundException)
07-16 13:51:58.446 27741 27741 W Finsky  : [2] STU: Failed to get storage stats for package 'com.google.android.runtime' (1601: Error getting stats: android.content.pm.PackageManager.NameNotFoundException)
07-16 13:51:58.446 27741 27741 W Finsky  : [2] STU: Failed to get storage stats for package 'com.google.android.ipsec' (1601: Error getting stats: android.content.pm.PackageManager.NameNotFoundException)
07-16 13:51:58.446 27741 27741 W Finsky  : [2] STU: Failed to get storage stats for package 'com.android.devicelock' (1601: Error getting stats: android.content.pm.PackageManager.NameNotFoundException)
07-16 13:51:58.508 27741 27741 W Finsky  : [2] STU: Failed to get storage stats for package 'com.google.android.virt' (1601: Error getting stats: android.content.pm.PackageManager.NameNotFoundException)
07-16 13:51:58.514 27741 27741 W Finsky  : [2] STU: Failed to get storage stats for package 'com.google.android.nfcservices' (1601: Error getting stats: android.content.pm.PackageManager.NameNotFoundException)
07-16 13:51:58.522 27741 27741 W Finsky  : [2] STU: Failed to get storage stats for package 'com.google.android.os.statsd' (1601: Error getting stats: android.content.pm.PackageManager.NameNotFoundException)
07-16 13:51:58.524 27741 27741 W Finsky  : [2] STU: Failed to get storage stats for package 'com.android.npumanager' (1601: Error getting stats: android.content.pm.PackageManager.NameNotFoundException)
07-16 13:51:58.537 27741 27741 W Finsky  : [2] STU: Failed to get storage stats for package 'com.google.android.scheduling' (1601: Error getting stats: android.content.pm.PackageManager.NameNotFoundException)
07-16 13:51:58.599 27741 27741 W Finsky  : [2] STU: Failed to get storage stats for package 'com.google.android.widevine.nonupdatable' (1601: Error getting stats: android.content.pm.PackageManager.NameNotFoundException)
07-16 13:51:58.622 27741 27741 W Finsky  : [2] STU: Failed to get storage stats for package 'com.google.android.gmssystem' (1601: Error getting stats: android.content.pm.PackageManager.NameNotFoundException)
07-16 13:51:58.648 27741 27741 W Finsky  : [2] STU: Failed to get storage stats for package 'com.android.apex.cts.shim' (1601: Error getting stats: android.content.pm.PackageManager.NameNotFoundException)
07-16 13:51:58.666 27741 27741 W Finsky  : [2] STU: Failed to get storage stats for package 'com.google.android.appsearch' (1601: Error getting stats: android.content.pm.PackageManager.NameNotFoundException)
07-16 13:51:58.669 27741 27741 W Finsky  : [2] STU: Failed to get storage stats for package 'com.google.android.art' (1601: Error getting stats: android.content.pm.PackageManager.NameNotFoundException)
07-16 13:51:58.672 27741 27741 W Finsky  : [2] STU: Failed to get storage stats for package 'com.google.android.hardware.biometrics.face' (1601: Error getting stats: android.content.pm.PackageManager.NameNotFoundException)
07-16 13:51:58.676 27741 27741 W Finsky  : [2] STU: Failed to get storage stats for package 'com.google.android.profiling' (1601: Error getting stats: android.content.pm.PackageManager.NameNotFoundException)
07-16 13:51:58.685 27741 27741 W Finsky  : [2] STU: Failed to get storage stats for package 'com.google.android.mediaprovider' (1601: Error getting stats: android.content.pm.PackageManager.NameNotFoundException)
07-16 13:51:58.706 27741 27741 W Finsky  : [2] STU: Failed to get storage stats for package 'com.google.android.configinfrastructure' (1601: Error getting stats: android.content.pm.PackageManager.NameNotFoundException)
07-16 13:51:58.707 27741 27741 W Finsky  : [2] STU: Failed to get storage stats for package 'com.google.android.media' (1601: Error getting stats: android.content.pm.PackageManager.NameNotFoundException)
07-16 13:51:58.736 27741 27741 W Finsky  : [2] STU: Failed to get storage stats for package 'com.android.hardware.biometrics.fingerprint.virtual' (1601: Error getting stats: android.content.pm.PackageManager.NameNotFoundException)
07-16 13:51:58.769 27741 27741 W Finsky  : [2] STU: Failed to get storage stats for package 'com.google.android.rkpd' (1601: Error getting stats: android.content.pm.PackageManager.NameNotFoundException)
07-16 13:51:58.817 20874 20874 D FirebaseSessions: Dependency to CRASHLYTICS added.
07-16 13:51:58.824 20874 20874 D FirebaseSessions: Subscriber CRASHLYTICS registered.
07-16 13:51:58.829 27741 27741 W Finsky  : [2] STU: Failed to get storage stats for package 'com.google.android.tzdata6' (1601: Error getting stats: android.content.pm.PackageManager.NameNotFoundException)
07-16 13:51:58.830 27741 27741 W Finsky  : [2] STU: Failed to get storage stats for package 'com.google.android.permission' (1601: Error getting stats: android.content.pm.PackageManager.NameNotFoundException)
07-16 13:51:58.857 20874 20898 D FirebaseSessions: Notified CRASHLYTICS of new session cae6f9e9a11c4b8591828012bb341353
07-16 13:51:58.868 27741 27741 W Finsky  : [2] STU: Failed to get storage stats for package 'com.google.android.wifi' (1601: Error getting stats: android.content.pm.PackageManager.NameNotFoundException)
07-16 13:51:58.980     0     0 I trusty  : WARN: system/keymint/ta/src/lib.rs:1331 failing DeviceBegin request with error Error { location: Some(ErrorLocation { file: "system/keymint/ta/src/lib.rs", line: 475 }), kind: Hal(KeyRequiresUpgrade, "keyblob with old OS patchlevel 202606 needs upgrade to 
07-16 13:51:59.047     0     0 I trusty  : WARN: system/keymint/ta/src/lib.rs:1331 failing DeviceBegin request with error Error { location: Some(ErrorLocation { file: "system/keymint/ta/src/lib.rs", line: 475 }), kind: Hal(KeyRequiresUpgrade, "keyblob with old OS patchlevel 202606 needs upgrade to 
07-16 13:51:59.088 20874 20874 W FirebaseCrashlytics: A null value was passed to recordException. Ignoring.
07-16 13:51:59.095 20874 20898 D FirebaseSessions: Notified CRASHLYTICS of new session 5d3a16a47d224a2dbda15adde5e92c49
07-16 13:51:59.261     0     0 I trusty  : WARN: system/keymint/ta/src/lib.rs:1331 failing DeviceBegin request with error Error { location: Some(ErrorLocation { file: "system/keymint/ta/src/lib.rs", line: 475 }), kind: Hal(KeyRequiresUpgrade, "keyblob with old OS patchlevel 202606 needs upgrade to 
07-16 13:52:00.408  1373  3739 W android.hardware.biometrics.face-service.pixel: Failed to read CombinedOverrideOptions.
07-16 13:52:00.434  1081  2154 W Lyric   : device_context.cc:373: NotifyCaptureSessionOpen: No OisController found for physical camera FrontVirtual. Status: NOT_FOUND: Failed to find controller by type and camera id(FrontVirtual); Controller with ID: optical image stabilization controller for camera: FrontVirtual not present in device_context
07-16 13:52:00.434  1081  2154 W Lyric   : device_context.cc:373: NotifyCaptureSessionOpen: No OisController found for physical camera Front. Status: NOT_FOUND: Failed to find controller by type and camera id(Front); Controller with ID: optical image stabilization controller for camera: Front not present in device_context
07-16 13:52:00.434  3994  4093 D LyricConfigProviderService: android.content.pm.PackageManager$NameNotFoundException: client.pid<1373>
07-16 13:52:00.474  1081  2156 I Lyric   : graph_states.cc:57: Failed to add camera id to priority map as the device doesn't support it: NOT_FOUND: Couldn't find the CameraId which has {position: front, lens_type: normal, spectrum: visible, instance: virtual, capability: {default_mode: 1, in_sensor_hdr: 1, remosaic: 0, max_resolution: 0, cropped_fov: 0, multiframe_hdr: 0}}
07-16 13:52:00.508  1081  1552 W Lyric   : auto_focus_node.cc:552: cam7_af failed to acquire eco context: UNAVAILABLE: Not able to create valid eco proxy client
07-16 13:52:00.523  1081  1551 W Lyric   : auto_exposure_node.cc:1095: cam7_ae failed to acquire eco context: UNAVAILABLE: Not able to create valid eco proxy client
07-16 13:52:00.523  1081  1550 W G3ACoordinator: awb_engine.cc:529: Failed to register data types in data manager.
07-16 13:52:00.525  1081  2150 W Lyric   : auto_exposure_node.cc:856: 1 calls in 723 sec(s): cam7_ae, failed to fetch display data on frame id: 0, status: INTERNAL: No cached display data.
07-16 13:52:00.561 27741 27741 W Finsky  : [2] STU: Failed to get storage stats for package 'com.google.android.media.swcodec' (1601: Error getting stats: android.content.pm.PackageManager.NameNotFoundException)
07-16 13:52:00.609 27741 27741 W Finsky  : [2] STU: Failed to get storage stats for package 'com.android.i18n' (1601: Error getting stats: android.content.pm.PackageManager.NameNotFoundException)
07-16 13:52:00.620 27741 27741 W Finsky  : [2] STU: Failed to get storage stats for package 'com.google.android.conscrypt' (1601: Error getting stats: android.content.pm.PackageManager.NameNotFoundException)
07-16 13:52:00.630 27741 27741 W Finsky  : [2] STU: Failed to get storage stats for package 'com.android.hardware.cas' (1601: Error getting stats: android.content.pm.PackageManager.NameNotFoundException)
07-16 13:52:00.652 27741 27741 W Finsky  : [2] STU: Failed to get storage stats for package 'com.google.android.neuralnetworks' (1601: Error getting stats: android.content.pm.PackageManager.NameNotFoundException)
07-16 13:52:00.658 27741 27741 W Finsky  : [2] STU: Failed to get storage stats for package 'com.google.android.webapp' (1601: Error getting stats: android.content.pm.PackageManager.NameNotFoundException)
07-16 13:52:00.679 27741 27741 W Finsky  : [2] STU: Failed to get storage stats for package 'com.google.android.ondevicepersonalization' (1601: Error getting stats: android.content.pm.PackageManager.NameNotFoundException)
07-16 13:52:00.703 27741 27741 W Finsky  : [2] STU: Failed to get storage stats for package 'com.google.android.healthfitness' (1601: Error getting stats: android.content.pm.PackageManager.NameNotFoundException)
07-16 13:52:00.731 27741 27741 W Finsky  : [2] STU: Failed to get storage stats for package 'com.google.android.extservices' (1601: Error getting stats: android.content.pm.PackageManager.NameNotFoundException)
07-16 13:52:00.806  1424  2022 E [GF_HAL][FingerprintCore]: [onBeforeAuthCapture] exit. err=GF_ERROR_TOO_FAST, errno=1096
07-16 13:52:00.806  1424  2022 E [GF_HAL][DelmarFingerprintCore]: [onBeforeAuthCapture] exit. err=GF_ERROR_TOO_FAST, errno=1096
07-16 13:52:00.806  1424  2022 E [GF_HAL][CustomizedFingerprintCore]: [onBeforeAuthCapture] exit. err=GF_ERROR_TOO_FAST, errno=1096
07-16 13:52:00.806  1424  2022 E [GF_HAL][CustomizedFingerprintCore]: [onAfterAuthRetry] exit. err=GF_ERROR_TOO_FAST, errno=1096
07-16 13:52:00.827 27741 27741 W Finsky  : [2] STU: Failed to get storage stats for package 'com.android.hardware.biometrics.face.virtual' (1601: Error getting stats: android.content.pm.PackageManager.NameNotFoundException)
07-16 13:52:00.837  1081  1574 I Lyric   : zuma_csis_core_driver.cc:261: [FEIRQ] CSIS Core context 0: event IspFe.csis_core_pd_err.LogicalChannel0LateConfigError #1, category: 16, count: 1, timestamp: 23144345683207
07-16 13:52:00.844  1424  2022 E [GF_HAL][CustomizedFingerprintCore]: [onError] err=GF_ERROR_TOO_FAST, errno=1096
07-16 13:52:00.845  1424  2022 E [GF_HAL][FingerprintCore]: [onError] Up too fast.
07-16 13:52:00.846  1424  2022 E [GF_HAL][FingerprintCore]: [onAuthDownEvt] exit. err=GF_ERROR_TOO_FAST, errno=1096
07-16 13:52:00.846  1424  2022 E [GF_HAL][FingerprintCore]: [onAuthReceivedEvt] exit. err=GF_ERROR_TOO_FAST, errno=1096
07-16 13:52:00.846  1424  2022 E [GF_HAL][FingerprintCore]: [onEvent] exit. err=GF_ERROR_TOO_FAST, errno=1096
07-16 13:52:00.849  1424  1424 E [GF_HAL][FingerprintCore]: [notifyErrorInfo] err code : 5.
07-16 13:52:00.849  1424  1424 E FingerprintHal: [notify] data.error:5, onError(5, 0)
07-16 13:52:00.852  1836  3730 I AuthenticationPolicyService: AuthenticationStateListener#onAuthenticationError
07-16 13:52:00.852  1836  3730 D AcquisitionClient: onErrorInternal code: 5, finish: true
07-16 13:52:00.852  3796  3829 D BiometricStatusRepositoryImpl: authenticationState updated: Error(biometricSourceType=FINGERPRINT, errString=Fingerprint operation canceled, errCode=5, requestReason=BiometricPromptAuthentication)
07-16 13:52:00.852  1836  3730 D BiometricLogger: Error! Modality: fingerprint, latency: 55
07-16 13:52:00.852  3796  3796 D BiometricStatusRepositoryImpl: fingerprintAuthenticationState updated: Error(biometricSourceType=FINGERPRINT, errString=Fingerprint operation canceled, errCode=5, requestReason=BiometricPromptAuthentication)
07-16 13:52:00.856  1836  3671 D BiometricService: handleOnError() sensorId: 0, cookie: 1357949502, error: 5, vendorCode: 0
07-16 13:52:00.856  1836  3671 D BiometricService/AuthSession: onErrorReceived sensor: 0 error: 5 state: 6
07-16 13:52:00.856  1836  3671 D BiometricService/AuthSession: onErrorReceived after successful auth (ignoring)
