07-16 13:50:48.883  3796  3845 V WindowManagerShell: Transition doesn't have explicit remote, search filters for match for {id=1053 t=WAKE f=0x0 trk=0 r=[0@Point(0, 0)] c=[{m=TO_FRONT f=IN_TASK_WITH_EMBEDDED_ACTIVITY|FILLS_TASK p=WCT{android.os.BinderProxy@8507468} leash=Surface(name=TaskFragment{bcb7919 mode=fullscreen}#9904)/@0x4293180 sb=Rect(0, 0 - 1008, 2244) eb=Rect(0, 0 - 1008, 2244) epz=Point(1008, 2244) d=0 bc=ff19191b taskFragmentToken=android.os.BinderProxy@5afe5ac},{m=TO_FRONT f=FLAG_CHANGED_INTERACTIVE p=WCT{android.os.BinderProxy@9943662} leash=Surface(name=Task=54826#173)/@0xb9f43b9 sb=Rect(0, 0 - 1008, 2244) eb=Rect(0, 0 - 1008, 2244) epz=Point(1008, 2244) d=0 taskParent=-1 winMode=1 userId=0},{m=TO_FRONT f=FLAG_IS_TASK_DISPLAY_AREA leash=Surface(name=DefaultTaskDisplayArea#10)/@0x38863fe sb=Rect(0, 0 - 1008, 2244) eb=Rect(0, 0 - 1008, 2244) epz=Point(1008, 2244) d=0}]}
07-16 13:50:48.883  3796  3845 V WindowManagerShell:  Checking filter Pair{{types=[] flags=0x0 notFlags=0x0 checks=[{atype=dream independent=true modes=[OPEN,TO_FRONT] flags=NONE mustBeTask=false order=ANY topActivity=null launchCookie=null windowingMode=undefined isCrossDisplayMove=false},{atype=home independent=true modes=[CLOSE,TO_BACK] flags=NONE mustBeTask=false order=ANY topActivity=null launchCookie=null windowingMode=undefined isCrossDisplayMove=false}]} RemoteTransition { remoteTransition = android.window.IRemoteTransition$Stub$Proxy@deffdf, appThread = android.app.IApplicationThread$Stub$Proxy@663142c, debugName = LauncherToDream, filter = {types=[] flags=0x0 notFlags=0x0 checks=[{atype=dream independent=true modes=[OPEN,TO_FRONT] flags=NONE mustBeTask=false order=ANY topActivity=null launchCookie=null windowingMode=undefined isCrossDisplayMove=false},{atype=home independent=true modes=[CLOSE,TO_BACK] flags=NONE mustBeTask=false order=ANY topActivity=null launchCookie=null windowingMode=undefined isCrossDisplayMove=false}]} }}
07-16 13:50:48.883  3796  3845 V WindowManagerShell:  Checking filter Pair{{types=[] flags=0x0 notFlags=0x0 checks=[{atype=standard independent=false modes=[CHANGE] flags=NONE mustBeTask=true order=ANY topActivity=null launchCookie=null windowingMode=undefined isCrossDisplayMove=true}]} RemoteTransition { remoteTransition = android.window.IRemoteTransition$Stub$Proxy@e5d2ef5, appThread = android.app.IApplicationThread$Stub$Proxy@879d48a, debugName = QuickstepDisplayMove, filter = {types=[] flags=0x0 notFlags=0x0 checks=[{atype=standard independent=false modes=[CHANGE] flags=NONE mustBeTask=true order=ANY topActivity=null launchCookie=null windowingMode=undefined isCrossDisplayMove=true}]} }}
07-16 13:50:48.883  3796  3845 V WindowManagerShell:  Checking filter Pair{{types=[] flags=0x0 notFlags=0x100 checks=[{atype=home independent=true modes=[OPEN,TO_FRONT] flags=NONE mustBeTask=false order=ANY topActivity=ComponentInfo{com.google.android.apps.nexuslauncher/com.google.android.apps.nexuslauncher.NexusLauncherActivity} launchCookie=null windowingMode=undefined isCrossDisplayMove=false},{atype=standard independent=true modes=[CLOSE,TO_BACK] flags=NONE mustBeTask=false order=ANY topActivity=null launchCookie=null windowingMode=undefined isCrossDisplayMove=false},{NOT atype=undefined independent=true modes=[] flags=NONE mustBeTask=true order=ANY topActivity=null launchCookie=null customAnim=true windowingMode=undefined isCrossDisplayMove=false}]} RemoteTransition { remoteTransition = android.window.IRemoteTransition$Stub$Proxy@75dbafb, appThread = android.app.IApplicationThread$Stub$Proxy@b034718, debugName = QuickstepLaunchHome, filter = {types=[] flags=0x0 notFlags=0x100 checks=[{atype=home independent=true modes=[OPEN,TO_FRONT] flags=NONE mustBeTask=false order=ANY topActivity=ComponentInfo{com.google.android.apps.nexuslauncher/com.google.android.apps.nexuslauncher.NexusLauncherActivity} launchCookie=null windowingMode=undefined isCrossDisplayMove=false},{atype=standard independent=true modes=[CLOSE,TO_BACK] flags=NONE mustBeTask=false order=ANY topActivity=null launchCookie=null windowingMode=undefined isCrossDisplayMove=false},{NOT atype=undefined independent=true modes=[] flags=NONE mustBeTask=true order=ANY topActivity=null launchCookie=null customAnim=true windowingMode=undefined isCrossDisplayMove=false}]} }}
07-16 13:50:48.883  3796  3845 V WindowManagerShell:  Checking filter Pair{{types=[OPEN,TO_FRONT] flags=0x0 notFlags=0x0 checks=[{atype=standard independent=true modes=[OPEN,TO_FRONT] flags=NONE mustBeTask=true order=ANY topActivity=null launchCookie=null windowingMode=freeform isCrossDisplayMove=false}]} RemoteTransition { remoteTransition = android.window.IRemoteTransition$Stub$Proxy@cdaf2e5, appThread = null, debugName = DesktopWindowLimitUnminimize, filter = {types=[OPEN,TO_FRONT] flags=0x0 notFlags=0x0 checks=[{atype=standard independent=true modes=[OPEN,TO_FRONT] flags=NONE mustBeTask=true order=ANY topActivity=null launchCookie=null windowingMode=freeform isCrossDisplayMove=false}]} }}
07-16 13:50:48.883  3796  3845 V WindowManagerShell:  Delegate animation for (#1053) to null
07-16 13:50:48.883  3796  3845 V WindowManagerShell: start default transition animation, info = {id=1053 t=WAKE f=0x0 trk=0 r=[0@Point(0, 0)] c=[{m=TO_FRONT f=IN_TASK_WITH_EMBEDDED_ACTIVITY|FILLS_TASK p=WCT{android.os.BinderProxy@8507468} leash=Surface(name=TaskFragment{bcb7919 mode=fullscreen}#9904)/@0x4293180 sb=Rect(0, 0 - 1008, 2244) eb=Rect(0, 0 - 1008, 2244) epz=Point(1008, 2244) d=0 bc=ff19191b taskFragmentToken=android.os.BinderProxy@5afe5ac},{m=TO_FRONT f=FLAG_CHANGED_INTERACTIVE p=WCT{android.os.BinderProxy@9943662} leash=Surface(name=Task=54826#173)/@0xb9f43b9 sb=Rect(0, 0 - 1008, 2244) eb=Rect(0, 0 - 1008, 2244) epz=Point(1008, 2244) d=0 taskParent=-1 winMode=1 userId=0},{m=TO_FRONT f=FLAG_IS_TASK_DISPLAY_AREA leash=Surface(name=DefaultTaskDisplayArea#10)/@0x38863fe sb=Rect(0, 0 - 1008, 2244) eb=Rect(0, 0 - 1008, 2244) epz=Point(1008, 2244) d=0}]}
07-16 13:50:48.884  3796  3845 V WindowManagerShell: Transition animation finished (aborted=false), notifying core (#1053) android.os.BinderProxy@2993649@0
07-16 13:50:48.884  1081 30897 I Lyric   : camera_device_session_manager_base.cc:1015: Successfully destroyed graph:top_graph_for_camera_FrontMultiFov
07-16 13:50:48.885  1081 30897 I Lyric   : camera_device_session_hwl_impl.cc:429: Destroyed CameraDeviceSessionHwlImpl for camera 1
07-16 13:50:48.885  1081 30897 I Lyric   : camera_powerhal_impl.cc:204: CancelPowerBoost CAMERA_LAUNCH
07-16 13:50:48.885  1081 30897 I Lyric   : camera_powerhal_impl.cc:204: CancelPowerBoost CAMERA_VIDEO_RECORDING
07-16 13:50:48.885  1081 30897 I Lyric   : camera_powerhal_impl.cc:204: CancelPowerBoost CAMERA_HIGH_PERFORMANCE_BOOST
07-16 13:50:48.885  1081 30897 I Lyric   : camera_powerhal_impl.cc:204: CancelPowerBoost CAMERA_LAUNCH_EXTENDED
07-16 13:50:48.885  1081 30897 I Lyric   : camera_powerhal_impl.cc:204: CancelPowerBoost CAMERA_BACKEND_BOOST
07-16 13:50:48.885  1081 30897 I Lyric   : camera_powerhal_impl.cc:204: CancelPowerBoost CAMERA_MULTICAM_BOOST
07-16 13:50:48.885  1081 30931 I G3ACoordinator: coordinator.cc:1060: Coordinator NotifyCaptureSessionClose called for camera: {position: front, lens_type: multi_fov, spectrum: visible, instance: real, capability: {default_mode: 1, in_sensor_hdr: 1, remosaic: 0, max_resolution: 0, cropped_fov: 0, multiframe_hdr: 0}}
07-16 13:50:48.885  1081  1552 I Lyric   : device_context.cc:216: Closing cameras synchronously
07-16 13:50:48.885  1081 30931 I G3ACoordinator: coordinator.cc:1084: Coordinator AfNotifyCaptureSessionClose called for camera: {position: front, lens_type: multi_fov, spectrum: visible, instance: real, capability: {default_mode: 1, in_sensor_hdr: 1, remosaic: 0, max_resolution: 0, cropped_fov: 0, multiframe_hdr: 0}}
07-16 13:50:48.885  1081  1552 I Lyric   : generic_actuator_controller.cc:174: act-front-normal sampling intervals: (count=73, min=1.0708ms, max=5.45321ms, mean=4.94978ms, stddev=0.470219ms, skew=-7.66809, kurtosis=63.4773)
07-16 13:50:48.885  1081 30931 I Lyric   : external_auto_scene_detection_controller_proxy.cc:184: ExternalAutoSceneDetectionControllerProxy::NotifyCaptureSessionClose called for camera: {position: front, lens_type: multi_fov, spectrum: visible, instance: real, capability: {default_mode: 1, in_sensor_hdr: 1, remosaic: 0, max_resolution: 0, cropped_fov: 0, multiframe_hdr: 0}}
07-16 13:50:48.885  1081 30931 I Lyric   : external_auto_white_balance_controller_proxy.cc:237: ExternalAutoWhiteBalanceControllerProxy::NotifyCaptureSessionClose called for camera: {position: front, lens_type: multi_fov, spectrum: visible, instance: real, capability: {default_mode: 1, in_sensor_hdr: 1, remosaic: 0, max_resolution: 0, cropped_fov: 0, multiframe_hdr: 0}}
07-16 13:50:48.885  1081 30931 I G3ACoordinator: coordinator.cc:1039: Coordinator::NotifyCaptureSessionClose called for camera: {position: front, lens_type: multi_fov, spectrum: visible, instance: real, capability: {default_mode: 1, in_sensor_hdr: 1, remosaic: 0, max_resolution: 0, cropped_fov: 0, multiframe_hdr: 0}}
07-16 13:50:48.885  1081 19794 I Lyric   : focus_lens_actuator_driver_impl_base.cc:736: act-front-normal Event thread is disabled
07-16 13:50:48.886  1081  1552 I Lyric   : focus_lens_actuator_driver_impl_base.cc:745: act-front-normal: Total events dequeued: 38, failed events: 0
07-16 13:50:48.886  1081 30931 I G3ACoordinator: coordinator.cc:1039: Coordinator::NotifyCaptureSessionClose called for camera: {position: front, lens_type: multi_fov, spectrum: visible, instance: real, capability: {default_mode: 1, in_sensor_hdr: 1, remosaic: 0, max_resolution: 0, cropped_fov: 0, multiframe_hdr: 0}}
07-16 13:50:48.888  1836  1896 V WindowManager: Finish Transition (#1053): created at 07-16 13:50:48.785 collect-started=0.03ms request-sent=0.046ms started=13.853ms ready=13.838ms sent=85.458ms finished=101.22ms
07-16 13:50:48.923     0     0 I trusty  : [GF_TA][E][gf_algo_customized][gf_customized_algo_cmd_entry]GF_DUMP_BIG_DATA_CMD, bd_cmd->big_data_type=1
07-16 13:50:48.924     0     0 I trusty  : [GF_TA][I][gf_algo_customized][fill_auth_big_data] continuous_update_flag:0x0f
07-16 13:50:48.890  3796  3845 V WindowManagerShell: Track 0 became idle
07-16 13:50:48.890  3796  3845 V WindowManagerShell: All active transition animations finished
07-16 13:50:48.890  3796  3845 V WindowManagerShell:  animated by com.android.wm.shell.transition.DefaultTransitionHandler@13e1f10
07-16 13:50:48.890  3796  3845 V WindowManagerShell: Track 0 became idle
07-16 13:50:48.890  3796  3845 V WindowManagerShell: All active transition animations finished
07-16 13:50:48.890  1836  1953 I DisplayPowerController[0]: BrightnessEvent: brt=0.06269304(66.0%), nits=101.208405, lux=305.73947, reason=automatic, strat=AutomaticBrightnessStrategy, state=ON, stateReason=DEFAULT_POLICY, policy=BRIGHT, flags=, initBrt=0.06269304, rcmdBrt=0.06269304, preBrt=NaN, preLux=-1.0, lastReadLux=305.73947, wasShortTermModelActive=false, autoBrightness=true (default), unclampedBrt=0.06269304, brtRange=[0.0, 0.377495], hbmMax=0.63, hbmMode=off, thrmMax=1.0, rbcStrength=35, powerFactor=1.0, physDisp=Built-in Screen(local:4619827535830457088), logicalId=0, slowChange=true, rampSpeed=0.05, colorTemp=NaN, thermalStatus=none
07-16 13:50:48.891  1081  1552 W Lyric   : device_context.cc:418: NotifyCaptureSessionClose: No OisController found for physical camera FrontVirtual. Status: NOT_FOUND: Failed to find controller by type and camera id(FrontVirtual); Controller with ID: optical image stabilization controller for camera: FrontVirtual not present in device_context
07-16 13:50:48.891  1081  1552 W Lyric   : device_context.cc:418: NotifyCaptureSessionClose: No OisController found for physical camera Front. Status: NOT_FOUND: Failed to find controller by type and camera id(Front); Controller with ID: optical image stabilization controller for camera: Front not present in device_context
07-16 13:50:48.928     0     0 I trusty  : logging.cc: 91: ***: :302: Command Received: TzResetLockout
07-16 13:50:48.928     0     0 I trusty  : logging.cc: 91: ***"faceauth": :181: Session finished, current heap footprint: 1277952, maximum footprint: 6094848
07-16 13:50:48.894  1081 30897 I Lyric   : camera_latency_analyzer.cc:113: [CLA] Cam1-Close
07-16 13:50:48.894  1081 30897 I Lyric   : camera_latency_analyzer.cc:115: [CLA] (Cam1-Close) Flush latency: 56.556
07-16 13:50:48.894  1081 30897 I Lyric   : camera_latency_analyzer.cc:115: [CLA] (Cam1-Close) <-- IDLE --> latency: 7.90287
07-16 13:50:48.894  1081 30897 I Lyric   : camera_latency_analyzer.cc:115: [CLA] (Cam1-Close) Flush latency: 0.123657
07-16 13:50:48.894  1081 30897 I Lyric   : camera_latency_analyzer.cc:115: [CLA] (Cam1-Close) <-- IDLE --> latency: 0.307821
07-16 13:50:48.894  1081 30897 I Lyric   : camera_latency_analyzer.cc:115: [CLA] (Cam1-Close) Close latency: 95.8416
07-16 13:50:48.894  1081 30897 I Lyric   : camera_latency_analyzer.cc:115: [CLA] (Cam1-Close) Overall latency: 160.745
07-16 13:50:48.894  1081 30897 I Lyric   : camera_latency_analyzer.cc:115: [CLA] (Cam1-Close) HAL Total latency: 152.515
07-16 13:50:48.898  1081  2068 I Lyric   : spectral_driver.cc:455: Changed als mode from On-change to On-change for sensor: rear with new id: 208
07-16 13:50:48.899  1081  1551 I Lyric   : motion_sensor_reader.cc:64: gravity sampling intervals: (count=34, min=4.94702ms, max=5.00175ms, mean=4.9744ms, stddev=0.0149088ms, skew=-0.00171072, kurtosis=2.53067)
07-16 13:50:48.902  1081  1550 I G3ACoordinator: front_als_manager.cc:211: Front ALS sensor disabled
07-16 13:50:48.906  1836  2311 I ImeTracker: com.android.settings:6fc8e009: onRequestHide at ORIGIN_SERVER reason HIDE_SAME_WINDOW_FOCUSED_WITHOUT_EDITOR fromUser false userId 0 displayId 0
07-16 13:50:48.907  4233  4233 D InsetsController: hide(ime())
07-16 13:50:48.907  4233  4233 I ImeTracker: com.android.settings:6fc8e009: onCancelled at PHASE_CLIENT_ALREADY_HIDDEN
07-16 13:50:48.909  1836  1836 V WindowManager: AppCompatCamera: Camera 1 is closed.
07-16 13:50:48.909  1836  1836 W WindowManager: WindowManager: Camera closed but cannot find the app which had it opened.
07-16 13:50:48.912  1081  1551 I Lyric   : direct_channel_motion_sensor_data_streamer.cc:615: gravity resource released.
07-16 13:50:48.912  1081  1551 I Lyric   : motion_sensor_reader.cc:64: gyroscope sampling intervals: (count=36, min=4.94702ms, max=5.00175ms, mean=4.97438ms, stddev=0.014489ms, skew=0.00209366, kurtosis=2.67934)
07-16 13:50:48.913  1081  1551 I Lyric   : time_triggered_task_pool.cc:79: Timer is removed: TTTP[0,0]
07-16 13:50:48.919  1836  3732 I AuthenticationPolicyService: AuthenticationStateListener#onAuthenticationError
07-16 13:50:48.919  1836  3732 D AcquisitionClient: onErrorInternal code: 5, finish: true
07-16 13:50:48.919  1836  3732 D BiometricLogger: Error! Modality: face, latency: 475
07-16 13:50:48.919  1836  3732 D BiometricSchedulerOperation: [Finished / destroy]: {[266] com.android.server.biometrics.sensors.face.aidl.FaceAuthenticationClient, proto=3, owner=com.android.systemui, cookie=0, requestId=94, userId=0}
07-16 13:50:48.920  1836  5855 W PackageConfigPersister: App-specific configuration not found for packageName: com.android.settings and userId: 0
07-16 13:50:48.920  1081  1551 I Lyric   : direct_channel_motion_sensor_data_streamer.cc:615: gyroscope resource released.
07-16 13:50:48.922  1836  3732 V ALSProbe: Disable ALS: 208682366
07-16 13:50:48.922  1836  3732 D BiometricScheduler: [Finishing] {[266] com.android.server.biometrics.sensors.face.aidl.FaceAuthenticationClient, proto=3, owner=com.android.systemui, cookie=0, requestId=94, userId=0}, success: false
07-16 13:50:48.922  1836  3732 D BiometricScheduler: [Polled] {[267] com.android.server.biometrics.sensors.face.aidl.FaceResetLockoutClient, proto=12, owner=android, cookie=0, requestId=-1, userId=0}, State: 0
07-16 13:50:48.922  1836  3732 D BiometricScheduler: [Started] {[267] com.android.server.biometrics.sensors.face.aidl.FaceResetLockoutClient, proto=12, owner=android, cookie=0, requestId=-1, userId=0}
07-16 13:50:48.925  1836  3732 V BiometricSchedulerOperation: started: {[267] com.android.server.biometrics.sensors.face.aidl.FaceResetLockoutClient, proto=12, owner=android, cookie=0, requestId=-1, userId=0}, State: 2
07-16 13:50:48.927  1836  3732 D LockoutCache: Lockout for user: 0 is 0
07-16 13:50:48.929  1836  3732 D BiometricSchedulerOperation: [Finished / destroy]: {[267] com.android.server.biometrics.sensors.face.aidl.FaceResetLockoutClient, proto=12, owner=android, cookie=0, requestId=-1, userId=0}
07-16 13:50:48.929  1836  3732 D BiometricScheduler: [Finishing] {[267] com.android.server.biometrics.sensors.face.aidl.FaceResetLockoutClient, proto=12, owner=android, cookie=0, requestId=-1, userId=0}, success: true
07-16 13:50:48.929  1836  3732 D BiometricScheduler: No operations, returning to idle
07-16 13:50:48.963  1836  5835 I SoundTriggerMiddlewareLogging: FORCE_RECOGNITION (1)
07-16 13:50:48.966  1836  5835 I SoundTriggerMiddlewareLogging: RECOGNITION (1, RecognitionEventSys{recognitionEvent: RecognitionEvent{status: 0, type: 1, captureAvailable: true, captureDelayMs: 0, capturePreambleMs: 0, triggerInData: false, audioConfig: AudioConfig{base: AudioConfigBase{sampleRate: 16000, channelMask: AudioChannelLayout.layoutMask(1), format: AudioFormatDescription{type: 1, pcm: 1, encoding: }}, offloadInfo: AudioOffloadInfo{base: AudioConfigBase{sampleRate: 0, channelMask: AudioChannelLayout.none(0), format: AudioFormatDescription{type: 0, pcm: 0, encoding: }}, streamType: -2, bitRatePerSecond: 0, durationUs: 0, hasVideo: false, isStreaming: false, bitWidth: 16, offloadBufferSize: 0, usage: -1, encapsulationMode: -1, contentId: 0, syncId: 0}, frameCount: 0}, data: [112, 111, 115, 95, 109, 117, 115, 105, 99, 44, 118, 97, 108, 58, 50, 48, 51, 52, 48], recognitionStillActive: false}, halEventReceivedMillis: 23072474, token: android.os.Binder@cb62284}, 1777)
07-16 13:50:48.992  1836  3709 I AdbWifiNetworkMonitor: Wi-Fi network available
07-16 13:50:48.992  1836  3709 I AdbWifiNetworkMonitor: Received the same Wi-Fi SSID. Ignoring.
07-16 13:50:49.032  1836  1836 W AccessibilityManagerService:  wait for adding window timeout: 1
07-16 13:50:49.035  1836  2039 D ActivityManager: sync unfroze 6316 com.google.android.apps.messaging for 7
07-16 13:50:49.070  1836  5505 W AppOps  : Noting op not finished: uid 10159 pkg com.google.android.apps.wellbeing code 79 startTime of in progress event=1784202649069
07-16 13:50:49.150  1836  5561 D BiometricService: canAuthenticate: User=0, Caller=0, Authenticators=32768
07-16 13:50:49.150  1836  5561 D BiometricService/PreAuthInfo: getCanAuthenticateInternal Modality: 1 AuthenticatorStatus: 1
07-16 13:50:49.150  1836  5561 D AuthService: canAuthenticate, userId: 0, callingUserId: 0, authenticators: 32768, result: 0
07-16 13:50:49.150  1836  2039 D BiometricService: canAuthenticate: User=0, Caller=0, Authenticators=32768
07-16 13:50:49.150  1836  2039 D BiometricService/PreAuthInfo: getCanAuthenticateInternal Modality: 1 AuthenticatorStatus: 1
07-16 13:50:49.151  1836  2039 D AuthService: canAuthenticate, userId: 0, callingUserId: 0, authenticators: 32768, result: 0
07-16 13:50:49.162  1836  5561 W ActivityManager: Skipping manifest association check for null package. SourceUid: 10147, SourcePkg: null, TargetUid: 10147, TargetPkg: com.google.android.gms
07-16 13:50:49.212  1836  2039 I SoundTriggerMiddlewareLogging: UNLOAD_MODEL (1)
07-16 13:50:49.215  1836  5855 W SoundTriggerHelper: Unload error: Attempting unload invalid generic model with id:9f6ad62a-1f0b-11e7-87c5-40a8f03d3f15
07-16 13:50:49.216  1836  5855 V SoundTriggerHelper: startRecognition
07-16 13:50:49.216  1836  5855 I SoundTriggerHelper: isRecognitionAllowed: mDeviceState=ENABLE, mIsAppOpPermitted=true
07-16 13:50:49.216  1836  5855 V SoundTriggerHelper: deviceState: ENABLE
07-16 13:50:49.216  1836  5855 V SoundTriggerHelper: updateRecognitionLocked
07-16 13:50:49.216  1836  5855 I SoundTriggerHelper: isRecognitionAllowed: mDeviceState=ENABLE, mIsAppOpPermitted=true
07-16 13:50:49.216  1836  5855 V SoundTriggerHelper: deviceState: ENABLE
07-16 13:50:49.216  1836  5855 V SoundTriggerHelper: prepareForRecognition
07-16 13:50:49.229  1836  5855 I SoundTriggerMiddlewareLogging: LOAD_MODEL ("9f6ad62a-1f0b-11e7-87c5-40a8f03d3f15") -> 1
07-16 13:50:49.229  1836  5855 V SoundTriggerHelper: startRecognitionLocked
07-16 13:50:49.229  1836  5855 I SoundTriggerHelper: isRecognitionAllowed: mDeviceState=ENABLE, mIsAppOpPermitted=true
07-16 13:50:49.229  1836  5855 V SoundTriggerHelper: deviceState: ENABLE
07-16 13:50:49.255  1836  4512 D FaceProvider/default: Starting watchdog for face
07-16 13:50:49.255  1836  4512 E BiometricScheduler: Current operation is null,no need to start watchdog
07-16 13:50:49.271  1836  5855 I SoundTriggerMiddlewareLogging: START_RECOGNITION (1, RecognitionConfig{captureRequested: true, phraseRecognitionExtras: [], audioCapabilities: 0, data: []}) -> android.os.Binder@8c9b094
07-16 13:50:49.271  1836  5855 I SoundTriggerHelper: startRecognition successful.
07-16 13:50:49.271  1836  5855 W SoundTriggerService: error onStart(): Model 9f6ad62a-1f0b-11e7-87c5-40a8f03d3f15 already started
07-16 13:50:49.272  1836  5855 W SoundTriggerHelper: Unload error: Attempting unload invalid generic model with id:12caddb1-acdb-4dce-8cb0-2e95a2313aee
07-16 13:50:49.272  1836  5855 I SoundTriggerService: error onStop(): Model 12caddb1-acdb-4dce-8cb0-2e95a2313aee has no stats available
07-16 13:50:49.285   666 11453 I keystore2: system/security/keystore2/src/error.rs:69 - system/security/keystore2/src/security_level.rs:340
07-16 13:50:49.285   666 11453 I keystore2: 
07-16 13:50:49.285   666 11453 I keystore2: Caused by:
07-16 13:50:49.285   666 11453 I keystore2:     0: system/security/keystore2/src/enforcements.rs:619: matching auth token (challenge=0, userId=8884461381520231137, authId=0, authType=0x1, timestamp=8724425ms) rcved=BootTime(8713938) for sids [SecureUserId(8884461381520231137)] type Some(r#PASSWORD) is expired (14358s old > timeout=5s)
07-16 13:50:49.285   666 11453 I keystore2:     1: Error::Km(r#KEY_USER_NOT_AUTHENTICATED) for AppUid(10147)
07-16 13:50:49.709  1081  2069 I Lyric   : spectral_driver.cc:657: Flicker sampling has been disabled.
07-16 13:50:49.780  3796  3845 V RecentTasksController: generateList(getRecentTasks)
07-16 13:50:49.781  3796  3845 V RecentTasksController: initializeDesksMap - allDeskIds: []
07-16 13:50:49.781  3796  3845 V RecentTasksController: Task 54826 is not an active desktop task
07-16 13:50:49.781  3796  3845 V RecentTasksController: Added fullscreen task: 54826
07-16 13:50:49.781  3796  3845 V RecentTasksController: Task 54839 is not an active desktop task
07-16 13:50:49.781  3796  3845 V RecentTasksController: Added fullscreen task: 54839
07-16 13:50:49.781  3796  3845 V RecentTasksController: Task 54833 is not an active desktop task
07-16 13:50:49.781  3796  3845 V RecentTasksController: Added fullscreen task: 54833
07-16 13:50:49.781  3796  3845 V RecentTasksController: Task 54835 is not an active desktop task
07-16 13:50:49.781  3796  3845 V RecentTasksController: Added fullscreen task: 54835
07-16 13:50:49.781  3796  3845 V RecentTasksController: Task 54844 is not an active desktop task
07-16 13:50:49.781  3796  3845 V RecentTasksController: Added fullscreen task: 54844
07-16 13:50:49.781  3796  3845 V RecentTasksController: Task 54829 is not an active desktop task
07-16 13:50:49.781  3796  3845 V RecentTasksController: Added fullscreen task: 54829
07-16 13:50:49.781  3796  3845 V RecentTasksController: Task 54863 is not an active desktop task
07-16 13:50:49.781  3796  3845 V RecentTasksController: Added fullscreen task: 54863
07-16 13:50:49.781  3796  3845 V RecentTasksController: Task 54846 is not an active desktop task
07-16 13:50:49.781  3796  3845 V RecentTasksController: Added fullscreen task: 54846
07-16 13:50:49.781  3796  3845 V RecentTasksController: Task 54840 is not an active desktop task
07-16 13:50:49.781  3796  3845 V RecentTasksController: Added fullscreen task: 54840
07-16 13:50:49.781  3796  3845 V RecentTasksController: Task 54862 is not an active desktop task
07-16 13:50:49.781  3796  3845 V RecentTasksController: Added fullscreen task: 54862
07-16 13:50:49.781  3796  3845 V RecentTasksController: Task 54861 is not an active desktop task
07-16 13:50:49.781  3796  3845 V RecentTasksController: Added fullscreen task: 54861
07-16 13:50:49.781  3796  3845 V RecentTasksController: Task 54860 is not an active desktop task
07-16 13:50:49.781  3796  3845 V RecentTasksController: Added fullscreen task: 54860
07-16 13:50:49.781  3796  3845 V RecentTasksController: Task 54827 is not an active desktop task
07-16 13:50:49.781  3796  3845 V RecentTasksController: Added fullscreen task: 54827
07-16 13:50:49.781  3796  3845 V RecentTasksController: Task 54855 is not an active desktop task
07-16 13:50:49.781  3796  3845 V RecentTasksController: Added fullscreen task: 54855
07-16 13:50:49.781  3796  3845 V RecentTasksController: Task 54857 is not an active desktop task
07-16 13:50:49.781  3796  3845 V RecentTasksController: Added fullscreen task: 54857
07-16 13:50:49.781  3796  3845 V RecentTasksController: Task 54831 is not an active desktop task
07-16 13:50:49.781  3796  3845 V RecentTasksController: Added fullscreen task: 54831
07-16 13:50:49.781  3796  3845 V RecentTasksController: Task 54842 is not an active desktop task
07-16 13:50:49.781  3796  3845 V RecentTasksController: Added fullscreen task: 54842
07-16 13:50:49.781  3796  3845 V RecentTasksController: Task 54828 is not an active desktop task
07-16 13:50:49.781  3796  3845 V RecentTasksController: Added fullscreen task: 54828
07-16 13:50:49.781  3796  3845 V RecentTasksController: Task 54845 is not an active desktop task
07-16 13:50:49.781  3796  3845 V RecentTasksController: Added fullscreen task: 54845
07-16 13:50:49.781  3796  3845 V RecentTasksController: Task 54830 is not an active desktop task
07-16 13:50:49.781  3796  3845 V RecentTasksController: Added fullscreen task: 54830
07-16 13:50:49.781  3796  3845 V RecentTasksController: Task 54841 is not an active desktop task
07-16 13:50:49.781  3796  3845 V RecentTasksController: Added fullscreen task: 54841
07-16 13:50:49.781  3796  3845 V RecentTasksController: Task 54843 is not an active desktop task
07-16 13:50:49.781  3796  3845 V RecentTasksController: Added fullscreen task: 54843
07-16 13:50:49.781  3796  3845 V RecentTasksController: Task 54849 is not an active desktop task
07-16 13:50:49.781  3796  3845 V RecentTasksController: Added fullscreen task: 54849
07-16 13:50:49.781  3796  3845 V RecentTasksController: Task 54847 is not an active desktop task
07-16 13:50:49.781  3796  3845 V RecentTasksController: Added fullscreen task: 54847
07-16 13:50:49.781  3796  3845 V RecentTasksController: Task 54859 is not an active desktop task
07-16 13:50:49.781  3796  3845 V RecentTasksController: Added fullscreen task: 54859
07-16 13:50:49.781  3796  3845 V RecentTasksController: Task 54856 is not an active desktop task
07-16 13:50:49.781  3796  3845 V RecentTasksController: Added fullscreen task: 54856
07-16 13:50:49.781  3796  3845 V RecentTasksController: Task 54854 is not an active desktop task
07-16 13:50:49.781  3796  3845 V RecentTasksController: Added fullscreen task: 54854
07-16 13:50:49.781  3796  3845 V RecentTasksController: Task 54852 is not an active desktop task
07-16 13:50:49.781  3796  3845 V RecentTasksController: Added fullscreen task: 54852
07-16 13:50:49.781  3796  3845 V RecentTasksController: Task 54851 is not an active desktop task
07-16 13:50:49.781  3796  3845 V RecentTasksController: Added fullscreen task: 54851
07-16 13:50:49.781  3796  3845 V RecentTasksController: Task 54850 is not an active desktop task
07-16 13:50:49.781  3796  3845 V RecentTasksController: Added fullscreen task: 54850
07-16 13:50:49.781  3796  3845 V RecentTasksController: Task 54836 is not an active desktop task
07-16 13:50:49.781  3796  3845 V RecentTasksController: Added fullscreen task: 54836
07-16 13:50:49.781  3796  3845 V RecentTasksController: Task 54834 is not an active desktop task
07-16 13:50:49.781  3796  3845 V RecentTasksController: Added fullscreen task: 54834
07-16 13:50:49.781  3796  3845 V RecentTasksController: generateList - complete
07-16 13:50:49.781  3796  3845 V ShellRecents: startRecentsTransition
07-16 13:50:49.781  3796  3845 D WindowManagerShell: PipDesktopState: Recents transition state changed: TRANSITION_STATE_REQUESTED
07-16 13:50:49.781  3796  3845 V ShellRecents: Recents transition state changed on display 0 to TRANSITION_STATE_REQUESTED
07-16 13:50:49.782  3796  3845 V ShellRecents: RecentsTransitionHandler.startRealRecentsTransition(): displayId=0
07-16 13:50:49.782  3796  3845 V WindowManagerShell:  handleRecentsRequest displayId=0 deskActive=false
07-16 13:50:49.782  3796  3845 V WindowManagerShell: Directly starting a new transition type=START_RECENTS_TRANSITION(FIRST_CUSTOM+21) wct=WindowContainerTransaction { changes= {} hops= [{pendingIntent: options=Bundle[{android.activity.splashScreenStyle=-1, android.activity.sourceInfo=android.app.ActivityOptions$SourceInfo@13d95c3, android.pendingIntent.backgroundActivityAllowed=3, android.activity.launchDisplayId=0, android:activity.animAbortListener=null, android.activity.transientLaunch=true}]}, {setAnimationDelegate:  caller=android.os.BinderProxy@a838105}] flags= 0 errorCallbackToken=null taskFragmentOrganizer=null } handler=com.android.wm.shell.recents.RecentsTransitionHandler@a2ba55a
07-16 13:50:49.783  1836  4512 V WindowManager: deferTransitionReady deferReadyDepth=1 stack=com.android.server.wm.WindowOrganizerController.applyTransaction:720 com.android.server.wm.WindowOrganizerController.applyTransaction:648 com.android.server.wm.WindowOrganizerController.lambda$startTransition$3:385 com.android.server.wm.WindowOrganizerController.$r8$lambda$PHnU0rj5Bcvaq0dL-Wi7kOJt8bo:0 com.android.server.wm.WindowOrganizerController$$ExternalSyntheticLambda5.onCollectStarted:0 
07-16 13:50:49.791  1836  4512 V WindowManager: continueTransitionReady deferReadyDepth=0 stack=com.android.server.wm.WindowOrganizerController.applyTransaction:861 com.android.server.wm.WindowOrganizerController.applyTransaction:648 com.android.server.wm.WindowOrganizerController.lambda$startTransition$3:385 com.android.server.wm.WindowOrganizerController.$r8$lambda$PHnU0rj5Bcvaq0dL-Wi7kOJt8bo:0 com.android.server.wm.WindowOrganizerController$$ExternalSyntheticLambda5.onCollectStarted:0 
07-16 13:50:49.792  1836  1899 I ActivityManager: updateOomAdj start time is before than pendingPid added, don't delete it
07-16 13:50:49.797  1836  4512 W Transition: #1054: Condition met too late, already in state=2: {start WCT appliedIGNORED}
07-16 13:50:49.797  3796  3845 V ShellRecents: [29441726] RecentsController.setTransition: id=android.os.BinderProxy@d9bd179
07-16 13:50:49.797  3796  3845 V RecentTasksController: Notify recent tasks changed: 1
07-16 13:50:49.797  1836  1896 V WindowManager: Sent Transition (#1054) createdAt=07-16 13:50:49.783
07-16 13:50:49.798  1836  1896 V WindowManager:     startWCT=WindowContainerTransaction { changes= {} hops= [{pendingIntent: options=Bundle[{android.activity.splashScreenStyle=-1, android.activity.sourceInfo=android.app.ActivityOptions$SourceInfo@981d1df, android.pendingIntent.backgroundActivityAllowed=3, android.activity.launchDisplayId=0, android:activity.animAbortListener=null, android.activity.transientLaunch=true}]}, {setAnimationDelegate:  caller=android.os.BinderProxy@f06786e}] flags= 0 errorCallbackToken=null taskFragmentOrganizer=null }
07-16 13:50:49.798  1836  1896 V WindowManager:     info={id=1054 t=FIRST_CUSTOM+21 f=0x80 trk=0 r=[0@Point(0, 0)] c=[
07-16 13:50:49.798  1836  1896 V WindowManager:         {WCT{RemoteToken{35afb77 Task{1666cae #1 type=home}}} m=TO_FRONT f=SHOW_WALLPAPER|MOVE_TO_TOP|FLAG_CHANGED_INTERACTIVE leash=Surface(name=Task=1#45)/@0x2aadcaa sb=Rect(0, 0 - 1008, 2244) eb=Rect(0, 0 - 1008, 2244) epz=Point(1008, 2244) d=0 taskParent=-1 winMode=1 userId=0},
07-16 13:50:49.798  1836  1896 V WindowManager:         {WCT{RemoteToken{932139d Task{1113ff0 #54826 type=standard A=1000:com.android.settings.root}}} m=TO_BACK f=FLAG_CHANGED_INTERACTIVE leash=Surface(name=Task=54826#173)/@0xab913ba sb=Rect(0, 0 - 1008, 2244) eb=Rect(0, 0 - 1008, 2244) epz=Point(1008, 2244) d=0 taskParent=-1 winMode=1 userId=0},
07-16 13:50:49.798  1836  1896 V WindowManager:         {m=TO_FRONT f=IS_WALLPAPER leash=Surface(name=WallpaperWindowToken{c0f19a0}#62)/@0x54ac395 sb=Rect(0, 0 - 1008, 2244) eb=Rect(0, 0 - 1008, 2244) epz=Point(1008, 2244) d=0}
07-16 13:50:49.798  1836  1896 V WindowManager:     ]}
07-16 13:50:49.799  3796 16845 V WindowManagerShell: onTransitionReady(transaction=7885560048115)
07-16 13:50:49.799  3796  3845 V WindowManagerShell: onTransitionReady (#1054) android.os.BinderProxy@d9bd179: {id=1054 t=FIRST_CUSTOM+21 f=0x80 trk=0 r=[0@Point(0, 0)] c=[
07-16 13:50:49.799  3796  3845 V WindowManagerShell:         {m=TO_FRONT f=SHOW_WALLPAPER|MOVE_TO_TOP|FLAG_CHANGED_INTERACTIVE leash=Surface(name=Task=1#45)/@0x2ac5e40 sb=Rect(0, 0 - 1008, 2244) eb=Rect(0, 0 - 1008, 2244) epz=Point(1008, 2244) d=0 taskParent=-1 winMode=1 userId=0},
07-16 13:50:49.799  3796  3845 V WindowManagerShell:         {m=TO_BACK f=FLAG_CHANGED_INTERACTIVE leash=Surface(name=Task=54826#173)/@0x559cb1f sb=Rect(0, 0 - 1008, 2244) eb=Rect(0, 0 - 1008, 2244) epz=Point(1008, 2244) d=0 taskParent=-1 winMode=1 userId=0},
07-16 13:50:49.799  3796  3845 V WindowManagerShell:         {m=TO_FRONT f=IS_WALLPAPER leash=Surface(name=WallpaperWindowToken{c0f19a0}#62)/@0xc191e6c sb=Rect(0, 0 - 1008, 2244) eb=Rect(0, 0 - 1008, 2244) epz=Point(1008, 2244) d=0}
07-16 13:50:49.799  3796  3845 V WindowManagerShell:     ]}
07-16 13:50:49.799  3796  3845 V WindowManagerShell: FocusTransitionObserver: Updating focus state for transition #1054
07-16 13:50:49.799  3796  3845 D WindowManagerShell: FocusTransitionObserver: Task id=54826 is already focused on displayId=0. Skip notifying.
07-16 13:50:49.799  3796  3845 D WindowManagerShell: FocusTransitionObserver: Focus updated on displayId=0 to taskId=1
07-16 13:50:49.799  3796  3845 V WindowManagerShell: FocusTransitionObserver: Notifying local listeners of task focus change: taskId=1, isFocusedOnDisplay=true, isFocusedGlobally=true
07-16 13:50:49.799  3796  3845 V RecentTasksController: Notify recent tasks changed: 2
07-16 13:50:49.799  3796  3845 V WindowManagerShell: FocusTransitionObserver: Notifying local listeners of task focus change: taskId=54826, isFocusedOnDisplay=false, isFocusedGlobally=false
07-16 13:50:49.799  3796  3845 V ShellDesktopMode: DesktopModeLogger: taskInfo map after processing changes 0
07-16 13:50:49.800  3796  3845 D ShellDesktopMode: DesktopTaskChangeListener: onTaskMovingToFront for taskId=1, displayId=0 - desktop not supported
07-16 13:50:49.800  3796  3845 V WindowManagerShell: Playing animation for (#1054) android.os.BinderProxy@d9bd179@0
07-16 13:50:49.800  3796  3845 V WindowManagerShell:  try firstHandler com.android.wm.shell.recents.RecentsTransitionHandler@a2ba55a
07-16 13:50:49.800  3796  3845 V ShellRecents: [29441726] RecentsController.start
07-16 13:50:49.801  3796  3845 V ShellRecents:   hiding home taskId=1
07-16 13:50:49.801  3796  3845 V ShellRecents:   adding pausing leaf taskId=54826 at layer=8
07-16 13:50:49.801  3796  3845 V ShellRecents: Applying transaction=7885560048115
07-16 13:50:49.802  3796  3845 V ShellRecents: No matching remote found to takeover (#1054)
07-16 13:50:49.802  3796  3845 V ShellSplitScreen: getSplitBoundsForTaskId: expected split bounds for taskId=54826 but not found
07-16 13:50:49.802  3796  3845 V ShellRecents: [29441726] RecentsController.start: calling onAnimationStart with 2 apps
07-16 13:50:49.802  3796  3845 D WindowManagerShell: PipDesktopState: Recents transition state changed: TRANSITION_STATE_ANIMATING
07-16 13:50:49.802  3796  3845 V ShellRecents: Recents transition state changed on display 0 to TRANSITION_STATE_ANIMATING
07-16 13:50:49.802  3796  3845 V WindowManagerShell:  animated by firstHandler
07-16 13:50:49.821  1836  2039 D WindowManager: setClientSurface Surface(name=VRI-com.google.android.apps.nexuslauncher/com.google.android.apps.nexuslauncher.NexusLauncherActivity#10170)/@0x7c7a9ad for d84758b com.google.android.apps.nexuslauncher/com.google.android.apps.nexuslauncher.NexusLauncherActivity
07-16 13:50:49.828  1836  2039 D InputManagerService: pilferPointers
07-16 13:50:49.832  1836  1911 I ActivityManager: Start proc 19888:com.oscarspalk.lpp/u0a640 for bound-service {com.oscarspalk.lpp/androidx.work.impl.background.systemjob.SystemJobService}
07-16 13:50:49.835  3796  3845 V ShellRecents: [29441726] RecentsController.setInputConsumerEnabled: set focus to recents
07-16 13:50:49.848  1836  2311 E HandwritingModeController: Cannot get requestId: Handwriting was not initialized.
07-16 13:50:49.932 19888 19888 D ActivityThread: Set OS env TMPDIR to /data/user/0/com.oscarspalk.lpp/cache
07-16 13:50:49.961  1836  2283 W JobServiceContext: Sending onNetworkChanged for a job that isn't started. JobStatus{82ad65f androidx.work.systemjobscheduler:u0a640/6 #BackgroundWorker#@androidx.work.systemjobscheduler@com.oscarspalk.lpp/androidx.work.impl.background.systemjob.SystemJobService u=0 s=10640 NET READY}
07-16 13:50:50.021 19888 19888 I DisplayManager: Implicitly registering for refresh rate
07-16 13:50:50.233     0     0 I trusty  : WARN: system/keymint/ta/src/lib.rs:1331 failing OperationFinish request with error Error { location: Some(ErrorLocation { file: "system/keymint/boringssl/src/aes.rs", line: 276 }), kind: Hal(VerificationFailed, "failed to finalize: ErrorStack([])") }
07-16 13:50:50.234   670   684 W keymint-hal-trusty: kmr_hal: HAL: command OperationFinish failed: -30
07-16 13:50:50.235   666 11453 E keystore2: system/security/keystore2/src/error.rs:69 - system/security/keystore2/src/operation.rs:905: KeystoreOperation::finish
07-16 13:50:50.235   666 11453 E keystore2: 
07-16 13:50:50.235   666 11453 E keystore2: Caused by:
07-16 13:50:50.235   666 11453 E keystore2:     0: system/security/keystore2/src/operation.rs:451: Finish failed for AppUid(10640)
07-16 13:50:50.235   666 11453 E keystore2:     1: Error::Km(r#VERIFICATION_FAILED) for AppUid(10640)
07-16 13:50:50.298  3796  3845 D ShellDesktopMode: DesktopScrimController: onOverviewShown: displayId=0
07-16 13:50:50.300  3796  4325 V ShellRecents: [29441726] RecentsController.detachNavigationBarFromApp
07-16 13:50:50.523  1836  5835 D InputManagerService: pilferPointers
07-16 13:50:50.527     0     0 I trusty  : WARN: system/keymint/ta/src/lib.rs:1331 failing OperationFinish request with error Error { location: Some(ErrorLocation { file: "system/keymint/boringssl/src/aes.rs", line: 276 }), kind: Hal(VerificationFailed, "failed to finalize: ErrorStack([])") }
07-16 13:50:50.527   670   684 W keymint-hal-trusty: kmr_hal: HAL: command OperationFinish failed: -30
07-16 13:50:50.528   666 11453 E keystore2: system/security/keystore2/src/error.rs:69 - system/security/keystore2/src/operation.rs:905: KeystoreOperation::finish
07-16 13:50:50.528   666 11453 E keystore2: 
07-16 13:50:50.528   666 11453 E keystore2: Caused by:
07-16 13:50:50.528   666 11453 E keystore2:     0: system/security/keystore2/src/operation.rs:451: Finish failed for AppUid(10640)
07-16 13:50:50.528   666 11453 E keystore2:     1: Error::Km(r#VERIFICATION_FAILED) for AppUid(10640)
07-16 13:50:50.559     0     0 I trusty  : WARN: system/keymint/ta/src/lib.rs:1331 failing OperationFinish request with error Error { location: Some(ErrorLocation { file: "system/keymint/boringssl/src/aes.rs", line: 276 }), kind: Hal(VerificationFailed, "failed to finalize: ErrorStack([])") }
07-16 13:50:50.559   670   684 W keymint-hal-trusty: kmr_hal: HAL: command OperationFinish failed: -30
07-16 13:50:50.559   666 11453 E keystore2: system/security/keystore2/src/error.rs:69 - system/security/keystore2/src/operation.rs:905: KeystoreOperation::finish
07-16 13:50:50.559   666 11453 E keystore2: 
07-16 13:50:50.559   666 11453 E keystore2: Caused by:
07-16 13:50:50.559   666 11453 E keystore2:     0: system/security/keystore2/src/operation.rs:451: Finish failed for AppUid(10640)
07-16 13:50:50.559   666 11453 E keystore2:     1: Error::Km(r#VERIFICATION_FAILED) for AppUid(10640)
07-16 13:50:50.562  3796  3845 D WindowManagerShell: setLauncherKeepClearAreaHeight: visible=true, height=404
07-16 13:50:50.563  3796  3845 V RecentTasksController: generateList(getRecentTasks)
07-16 13:50:50.563  3796  3845 V RecentTasksController: initializeDesksMap - allDeskIds: []
07-16 13:50:50.563  3796  3845 V RecentTasksController: Task 54826 is not an active desktop task
07-16 13:50:50.563  3796  3845 V RecentTasksController: Added fullscreen task: 54826
07-16 13:50:50.563  3796  3845 V RecentTasksController: Task 54839 is not an active desktop task
07-16 13:50:50.563  3796  3845 V RecentTasksController: Added fullscreen task: 54839
07-16 13:50:50.563  3796  3845 V RecentTasksController: Task 54833 is not an active desktop task
07-16 13:50:50.563  3796  3845 V RecentTasksController: Added fullscreen task: 54833
07-16 13:50:50.563  3796  3845 V RecentTasksController: generateList - complete
07-16 13:50:50.591  3796  3845 V ShellRecents: [29441726] RecentsController.finishInner: toHome=true userLeave=true willFinishToHome=true state=0 hasPausingTasks=true reason=requested
07-16 13:50:50.591  3796  3845 V ShellRecents:   normal finish
07-16 13:50:50.591  3796  3845 V ShellRecents: [29441726] RecentsController.finishInner: Completing finish
07-16 13:50:50.591  3796  3845 V ShellRecents: [29441726] RecentsController.cleanup
07-16 13:50:50.591  3796  3845 D WindowManagerShell: PipDesktopState: Recents transition state changed: TRANSITION_STATE_NOT_RUNNING
07-16 13:50:50.591  3796  3845 V ShellRecents: Recents transition state changed on display 0 to TRANSITION_STATE_NOT_RUNNING
07-16 13:50:50.591  3796  3845 D ShellDesktopMode: DesktopTaskChangeListener: onTaskMovingToBack for taskId=54826, displayId=0 - desktop not supported
07-16 13:50:50.591  3796  3845 V WindowManagerShell: Transition animation finished (aborted=false), notifying core (#1054) android.os.BinderProxy@d9bd179@0
07-16 13:50:50.594  1836  1896 V WindowManager: Finish Transition (#1054): created at 07-16 13:50:49.783 collect-started=0.247ms started=0.284ms ready=8.583ms sent=12.06ms commit=10.872ms finished=811.018ms
07-16 13:50:50.598  3796  3845 V WindowManagerShell: Track 0 became idle
07-16 13:50:50.598  3796  3845 V WindowManagerShell: All active transition animations finished
07-16 13:50:50.598  3796  3845 V ShellRecents: [29441726] RecentsController.finishInner: calling finish callback
07-16 13:50:50.598   670   684 W keymint-hal-trusty: kmr_hal: HAL: command OperationFinish failed: -30
07-16 13:50:50.598   666  2661 E keystore2: system/security/keystore2/src/error.rs:69 - system/security/keystore2/src/operation.rs:905: KeystoreOperation::finish
07-16 13:50:50.598   666  2661 E keystore2: 
07-16 13:50:50.598   666  2661 E keystore2: Caused by:
07-16 13:50:50.598   666  2661 E keystore2:     0: system/security/keystore2/src/operation.rs:451: Finish failed for AppUid(10640)
07-16 13:50:50.598   666  2661 E keystore2:     1: Error::Km(r#VERIFICATION_FAILED) for AppUid(10640)
07-16 13:50:50.599     0     0 I trusty  : WARN: system/keymint/ta/src/lib.rs:1331 failing OperationFinish request with error Error { location: Some(ErrorLocation { file: "system/keymint/boringssl/src/aes.rs", line: 276 }), kind: Hal(VerificationFailed, "failed to finalize: ErrorStack([])") }
07-16 13:50:50.610  1836  1899 V WindowManager: Unknown focus tokens, dropping reportFocusChanged
07-16 13:50:50.618  1836  2311 I ImeTracker: com.google.android.apps.nexuslauncher:5410fbf7: onRequestHide at ORIGIN_SERVER reason HIDE_UNSPECIFIED_WINDOW fromUser false userId 0 displayId 0
07-16 13:50:50.618  4207  4207 D InsetsController: hide(ime())
07-16 13:50:50.618  4207  4207 I ImeTracker: com.google.android.apps.nexuslauncher:5410fbf7: onCancelled at PHASE_CLIENT_ALREADY_HIDDEN
07-16 13:50:50.621  1836  2311 D InputMethodManagerService: Attach new input but force hide
07-16 13:50:50.621  1836  2311 I ImeTracker: com.google.android.apps.nexuslauncher:fd622d8e: onRequestHide at ORIGIN_SERVER reason HIDE_SOFT_INPUT fromUser false userId 0 displayId 0
07-16 13:50:50.621  1836  2311 I ImeTracker: com.google.android.apps.nexuslauncher:fd622d8e: onCancelled at PHASE_SERVER_SHOULD_HIDE
07-16 13:50:50.625  1836  5561 W PackageConfigPersister: App-specific configuration not found for packageName: com.google.android.apps.nexuslauncher and userId: 0
07-16 13:50:50.627  1836  4512 I ImeTracker: system_server:097e6784: onRequestHide at ORIGIN_SERVER reason IME_REQUESTED_CHANGED_LISTENER fromUser false displayId 0
07-16 13:50:50.627  1836  1899 I ImeTracker: system_server:097e6784: onCancelled at PHASE_SERVER_SHOULD_HIDE
07-16 13:50:50.654     0     0 I trusty  : WARN: system/keymint/ta/src/lib.rs:1331 failing OperationFinish request with error Error { location: Some(ErrorLocation { file: "system/keymint/boringssl/src/aes.rs", line: 276 }), kind: Hal(VerificationFailed, "failed to finalize: ErrorStack([])") }
07-16 13:50:50.654   670   684 W keymint-hal-trusty: kmr_hal: HAL: command OperationFinish failed: -30
07-16 13:50:50.654   666  2661 E keystore2: system/security/keystore2/src/error.rs:69 - system/security/keystore2/src/operation.rs:905: KeystoreOperation::finish
07-16 13:50:50.654   666  2661 E keystore2: 
07-16 13:50:50.654   666  2661 E keystore2: Caused by:
07-16 13:50:50.654   666  2661 E keystore2:     0: system/security/keystore2/src/operation.rs:451: Finish failed for AppUid(10640)
07-16 13:50:50.654   666  2661 E keystore2:     1: Error::Km(r#VERIFICATION_FAILED) for AppUid(10640)
07-16 13:50:50.696  3796  3845 V RecentTasksController: Notify recent tasks changed: 1
07-16 13:50:50.697  3796  3845 V RecentTasksController: generateList(getRecentTasks)
07-16 13:50:50.697  3796  3845 V RecentTasksController: initializeDesksMap - allDeskIds: []
07-16 13:50:50.697  3796  3845 V RecentTasksController: Task 54826 is not an active desktop task
07-16 13:50:50.697  3796  3845 V RecentTasksController: Added fullscreen task: 54826
07-16 13:50:50.697  3796  3845 V RecentTasksController: Task 54839 is not an active desktop task
07-16 13:50:50.697  3796  3845 V RecentTasksController: Added fullscreen task: 54839
07-16 13:50:50.697  3796  3845 V RecentTasksController: Task 54833 is not an active desktop task
07-16 13:50:50.697  3796  3845 V RecentTasksController: Added fullscreen task: 54833
07-16 13:50:50.697  3796  3845 V RecentTasksController: generateList - complete
07-16 13:50:50.911  1836  1899 D WindowManager: AppCompatCamera: Active camera compat treatments: {}
07-16 13:50:50.911  3796  3845 D ShellDesktopMode: DesktopScrimController: onOverviewHidden: displayId=0
07-16 13:50:50.911  3796  3845 D ShellDesktopMode: DesktopScrimController: updateDesktopScrimIfNeeded: displayId=0, userId=0, excludeTaskId=null, targetDeskId=null, pendingTaskBounds=null, ignoreVisibility=false
07-16 13:50:50.912  3796  3845 D ShellDesktopMode: DesktopScrimController: updateDesktopScrimIfNeeded: applyLightOutEffect=false, isPeeking=false, dividerBarVisible=null
07-16 13:50:51.640  1836  2291 D ActivityManager: freezing 9637 com.google.android.aicore
07-16 13:50:52.150  1836  1899 I DisplayDeviceRepository: Display device changed render timings: "Built-in Screen", renderFrameRate=60.000004, presentationDeadlineNanos=11500000, appVsyncOffsetNanos=6233332, frameRateOverrides=[]
07-16 13:50:52.155  1836  1897 D WindowManager: DeferredDisplayUpdater: partially applying DisplayInfo(1008 x 2244) immediately
07-16 13:50:52.375  1836  1910 W ActivityManager: Stopping service due to app idle: u0a279 -5m13s54ms com.whatsapp/.messageservice.messaging.MessageService
07-16 13:50:56.450  1836  1923 D BatteryStatsImpl: Reading cpu stats took 106ms
07-16 13:50:58.773  1836  2291 D ActivityManager: freezing 6307 com.google.android.crossdeviceaccessservice
07-16 13:50:59.138  1836  1911 I ActivityManager: Start proc 19941:com.google.android.verifier/u0a470 for bound-service {com.google.android.verifier/com.google.android.verifier.helpers.verification.impl.common.platform.PlatformVerificationService}
07-16 13:50:59.237 19941 19941 D ActivityThread: Set OS env TMPDIR to /data/user/0/com.google.android.verifier/cache
07-16 13:50:59.318  1836  2266 I VerifierController: Verifier com.google.android.verifier is connected on user 0
07-16 13:50:59.373  1836  1972 D ActivityManager: sync unfroze 7428 com.android.vending:background for 10
07-16 13:50:59.650 27741 20009 I AconfigFlags: Using new flag storage
07-16 13:51:00.051  1836  1899 I DisplayDeviceRepository: Display device changed render timings: "Built-in Screen", renderFrameRate=120.00001, presentationDeadlineNanos=11500000, appVsyncOffsetNanos=6233332, frameRateOverrides=[]
07-16 13:51:00.052  1836  1897 D WindowManager: DeferredDisplayUpdater: partially applying DisplayInfo(1008 x 2244) immediately
07-16 13:51:00.421  1836  1972 I PackageManager: Continuing with installation of file:///data/app/vmdl1525309055.tmp
07-16 13:51:00.490  1836  1972 W PackageManager: Existing package dk.betterlectio.android signatures do not match newer version; ignoring!
07-16 13:51:00.502  1836  1972 D PackageInstallerSession: Marking session 1525309055 as failed: INSTALL_FAILED_UPDATE_INCOMPATIBLE: Existing package dk.betterlectio.android signatures do not match newer version; ignoring!
