07-16 13:50:48.473  1081 30931 W Lyric   : session_telemetry_controller.cc:109: Telemetry was not initialized sensor-dokkaebi
07-16 13:50:48.473  1081 30931 W Lyric   : session_telemetry_controller.cc:109: Telemetry was not initialized top
07-16 13:50:48.473  1081 30931 I Lyric   : camera_device_session_manager_base.cc:1194: Attempting to start graph:top_graph_for_camera_FrontMultiFov
07-16 13:50:48.473  1081 30931 I Lyric   : processing_graph.cc:334: Node start critical order experiment is disabled
07-16 13:50:48.474  1081 30931 I Lyric   : camera_device_session_manager_base.cc:1198: Successfully started graph:top_graph_for_camera_FrontMultiFov
07-16 13:50:48.474  1081 30931 I Lyric   : malloc_tracker.cc:34: Starting malloc tracker
07-16 13:50:48.474  1081  1551 I Lyric   : sensor_node.cc:559: cam7_sensor SensorNode starting for sensor: DOKKAEBI, camera: Front
07-16 13:50:48.474  1081   650 I Lyric   : lyric_basic_capture_session.cc:97: LyricBasicCaptureSession created
07-16 13:50:48.474  1081  1551 I Lyric   : zuma_front_end_controller.cc:1073: LMP DDS crop enabled: false, AutoCal crop enabled: false, YUV to framework enabled: false
07-16 13:50:48.474  1081  1551 I Lyric   : zuma_front_end_controller.cc:1122: [CAM7] Ready to acquire driver context for sensor DOKKAEBI, mode_index 5, csi-ch 0, at (3840x2736). With a normal lens at front position.
07-16 13:50:48.474  1081  1551 I Lyric   : zuma_fe_driver.cc:1018: Power Context acquired in FE driver.
07-16 13:50:48.474  1081  1551 I Lyric   : zuma_fe_driver.cc:1171: [ISPFE] Enabling the device
07-16 13:50:48.476  1081  1551 I Lyric   : zuma_fe_resetter.cc:157: FrontEnd: SW Reset begins.
07-16 13:50:48.477  1081  1551 I Lyric   : zuma_fe_resetter.cc:168: FrontEnd: SW Reset done: rstctl_status = 0x0
07-16 13:50:48.477  1081  1551 I Lyric   : zuma_lmp_driver.cc:356: Configuring global system CSRs
07-16 13:50:48.477  1081  2150 I Lyric   : multicam_controller_base.cc:2789: 7 calls in 182 sec(s): Lead camera is locked, skip PIP processing
07-16 13:50:48.477  1081  2150 I Lyric   : multicam_node.cc:3269: ********************dpm: put camera: 7 on NORMAL, frame number: 0, zoom ratio: 1.00 ********************
07-16 13:50:48.477  1081  2150 I Lyric   : multicam_node.cc:3443: ******************** new lead: camera: 7(Front), frame number: 0, zoom ratio: 1.00 *******************
07-16 13:50:48.477  1081  2150 I Lyric   : camera_powerhal_impl.cc:189: SetPowerBoost Trigger CAMERA_LAUNCH_EXTENDED for 2000ms
07-16 13:50:48.477  1081  1551 I Lyric   : zuma_csis_core_driver.cc:197: CSIS Core: ebuf_free_byte_size: 0x75800, ebuf_fifo_intf0_ctl0: 0x967b5c2e
07-16 13:50:48.477  1081  2150 I Lyric   : multicam_node.cc:2062: ====== Multicam status update ======
07-16 13:50:48.477  1081  2150 I Lyric   : multicam_node.cc:2063: Frame number: 0, Lead cam: 7, Zoom ratio: 1.00, APP requested streams:  [1(GCH/Lyric), 7] [0(GCH/Lyric), 7]
07-16 13:50:48.477  1081  2150 I Lyric   : multicam_node.cc:2070: cam: 7, dpm_mode: Normal, activation_flags: None
07-16 13:50:48.477  1081  2150 I Lyric   : retiming_node.cc:1417: ******** dpm: Front (hal id: 7) change DPM mode from Undefined to Normal, is virtual transition: 0, framework request id 0, frame number: 0
07-16 13:50:48.477  1081 19786 I Lyric   : lwis_event_thread.cc:211: LwEv:FeLmp event thread is starting . . .
07-16 13:50:48.478  1081 19785 I Lyric   : lwis_event_thread.cc:211: LwEv:FePdma event thread is starting . . .
07-16 13:50:48.478  1081 19787 I Lyric   : lwis_event_thread.cc:211: LwEv:FePhyLink event thread is starting . . .
07-16 13:50:48.478  1081  2150 I Lyric   : multicam_node.cc:2062: ====== Multicam status update ======
07-16 13:50:48.478  1081  2150 I Lyric   : multicam_node.cc:2063: Frame number: 1, Lead cam: 7, Zoom ratio: 1.00, APP requested streams:  [0(GCH/Lyric), 7] [1(GCH/Lyric), 7]
07-16 13:50:48.478  1081  2150 I Lyric   : multicam_node.cc:2070: cam: 7, dpm_mode: Undefined, activation_flags: None
07-16 13:50:48.478  1836  3732 W FaceManager: Unknown authentication acquired message: 24, 0
07-16 13:50:48.486  1081  1551 I Lyric   : rgbp_driver.cc:443: Ip version: 0x1050001
07-16 13:50:48.486  1081  1551 I Lyric   : mcfp_driver.cc:804: Ip version: 0x10050000
07-16 13:50:48.486  1081  1551 I Lyric   : yuvp_driver.cc:519: Ip version: 0x1050001
07-16 13:50:48.486  1081  1551 I Lyric   : zuma_be_core_driver_impl.cc:535: Successfully powered up BeCore block.
07-16 13:50:48.492  1081  1551 I Lyric   : secure_operation_controller.cc:24: SecureOperationController: Requested secure session for mcfp
07-16 13:50:48.493  1081  1551 I Lyric   : secure_operation_controller.cc:24: SecureOperationController: Requested secure session for rgbp
07-16 13:50:48.511     0     0 I trusty  : gxp_device_impl: 460: Loaded GXP library:
07-16 13:50:48.511     0     0 I trusty  : gxp_device_impl: 462:  - Name: tuscany_dsp_lib
07-16 13:50:48.511     0     0 I trusty  : gxp_device_impl: 463:  - Functions: ExtractThumbnailKernel,Yuv2RgbKernel
07-16 13:50:48.494  1081  1552 I G3ACoordinator: front_als_manager.cc:184: Front ALS sensor enabled
07-16 13:50:48.511     0     0 I trusty  : logging.cc: 91: ***: :100: Creating dsp pal.
07-16 13:50:48.494  1081  1552 W Lyric   : auto_focus_node.cc:552: cam7_af failed to acquire eco context: UNAVAILABLE: Not able to create valid eco proxy client
07-16 13:50:48.494  1081  1552 I Lyric   : auto_focus_node.cc:603: cam7_af dcc data type: Normal
07-16 13:50:48.494  1081  1552 I Lyric   : auto_focus_node.cc:623: The isp_input_raw_image_size = {width: 3648, height: 2736}; camera_id = 7; camera_app_1p_enabled = 1; session id = -2516576662540549609
07-16 13:50:48.494  1081  1552 I G3ACoordinator: af_engine.cc:224: InitializeAlgorithm
07-16 13:50:48.494  1081  1552 I G3ACoordinator: af_engine.cc:230: [1, 7] AfEngine_1_7 initialized
07-16 13:50:48.494  1081  1552 E GAF     : af_tuning_manager.cc:110: 3 calls in 182 sec(s): Tof tuning key not found:  Usecase: 0 Sensor mode: -1 Viridian value: -1 Camera position: 2 Camera lens_type: 0 Camera spectrum: -1 Partial Usecases: {}
07-16 13:50:48.494  1081  1552 W G3ACoordinator: af_engine.cc:740: camera_name=FrontNormal: Retain last focus states. Overwriting af_mode Off->Off af_state Inactive->Inactive
07-16 13:50:48.494  1081  1551 I Lyric   : secure_operation_controller.cc:24: SecureOperationController: Requested secure session for yuvp
07-16 13:50:48.494  1081  1551 I Lyric   : raw_to_yuv_node.cc:755: Starting node cam7_raw_to_yuv with Pipeline (ID: (instance_id: 7254), IPs: [ RawToYuv ], Max Outputs: 1, IPConnections: [ ], Usecase: Realtime, Priority: Unspecified) on camera 7
07-16 13:50:48.494  1081  1552 I Lyric   : external_auto_focus_controller_proxy.cc:342: ExternalAutoFocusControllerProxy [3A Coordinator]: Creating context for camera 7; long query warning threshold 250us; long set focus warning threshold 500us; last session lens position 0.771605
07-16 13:50:48.494  1081  1552 I G3ACoordinator: awb_session_config_parser_lyric.cc:245: sensor_mode ptr [0xb400007c85b92b48], sobek_enabled [false], post_process [0]
07-16 13:50:48.494  1081  1552 I G3ACoordinator: awb_session_config_parser_lyric.cc:285: Map sensor mode property: sobek_enabled [false], hdr_mode [0]
07-16 13:50:48.494  1081  1552 I G3ACoordinator: awb_session_config_parser_lyric.cc:210: Map sensor name [DOKKAEBI] binning_factor [1 1] mode_index [5] to GCam sensor ID [1]
07-16 13:50:48.494  1081  1552 I G3ACoordinator: awb_session_config_parser_lyric.cc:145: Fail to read calibration data for camera[front normal]]. Use the default LED decision in tuning!
07-16 13:50:48.494  1081  1552 I G3ACoordinator: awb_engine.cc:446: Use lut file ghawb_para_lut_front_normal.binarypb
07-16 13:50:48.494  1081  1552 I G3ACoordinator: awb_engine.cc:498: Camera 7 Initial decision [2.1053584 1 1.3972075] CCT [5849] CCM[ccm=(1.8073 -0.4839 -0.3234 -0.1305 1.2699 -0.1394 0.0607 -0.8383 1.7776) offset=(0 0 0) color_space_type=(1 -> 1)]
07-16 13:50:48.496  1081  1552 W G3ACoordinator: awb_engine.cc:529: Failed to register data types in data manager.
07-16 13:50:48.496  1081  1552 I G3ACoordinator: awb_engine.cc:532: [2, 7] AwbEngine_2_7 initialized
07-16 13:50:48.496  1081  1552 I G3ACoordinator: ae_session_config_parser_lyric.cc:201: ispfe_raw_input_resolution [width:3648, height:2736]
07-16 13:50:48.496  1081  1552 I G3ACoordinator: ae_session_config_parser_lyric.cc:268: Map sensor mode property: sobek_enabled = false, g3a_session_info.hdr_mode = 0, sensor_mode_property 0
07-16 13:50:48.496  1081  1552 I G3ACoordinator: ae_session_config_parser_lyric.cc:279: Map sensor name [DOKKAEBI], binning_factor [1, 1] and mode_index [5] to GCam sensor ID [1]
07-16 13:50:48.496  1081  1552 I G3ACoordinator: ae_session_config_parser_lyric.cc:379: Pre-LSC AE stats status: disabled
07-16 13:50:48.496  1081  1552 I G3ACoordinator: ae_engine.cc:453: GABC fatp_enable_ = 0
07-16 13:50:48.496  1081  1552 I G3ACoordinator: ae_engine.cc:454: [0, 7] AeEngine_0_7 initialized
07-16 13:50:48.497  1081  1552 W Lyric   : auto_exposure_node.cc:1095: cam7_ae failed to acquire eco context: UNAVAILABLE: Not able to create valid eco proxy client
07-16 13:50:48.497  1081  2069 I Lyric   : spectral_driver.cc:659: Flicker sampling has been enabled.
07-16 13:50:48.497  1081  1552 I Lyric   : telemetry_node.cc:353: 1 calls in 182 sec(s): DmaMemoryAllocationCost size is set to 0 MiB.
07-16 13:50:48.497  1081 30940 W Lyric   : motion_sensor_controller_proxy.cc:134: 1 calls in 0 sec(s): gyroscope: Attempting to query before the resource is ready.
07-16 13:50:48.497  1081 30940 W Lyric   : motion_sensor_controller_proxy.cc:134: 8 calls in 349 sec(s): gravity: Attempting to query before the resource is ready.
07-16 13:50:48.497  1081  1552 I Lyric   : page_release_controller.cc:108: Disabling page releasing.
07-16 13:50:48.497  1081 30929 W Lyric   : motion_sensor_controller_proxy.cc:287: 6 calls in 349 sec(s): device orientation: Attempting to query before the resource is ready.
07-16 13:50:48.497  1081  2050 I Lyric   : binder_sensor_vsync_reader.cc:41: Enabled BinderSensorVsyncReader, cam_vsync_id: 2
07-16 13:50:48.497  1081  2050 W Lyric   : shutter_notification_manager.cc:138: Sensor with vsync id : 2 creating vsync sensor connection spent 28.059489ms
07-16 13:50:48.497  1081 30929 I G3ACoordinator: ae_input_parser_lyric.cc:2202: Starter frame: rel_frame_num [-3]
07-16 13:50:48.497  1081 30929 W G3ACoordinator: data_manager.cc:154: [5, 2, 9000] can't be found
07-16 13:50:48.497  1081 30929 I G3ACoordinator: ae_engine.cc:550: Starter Frames
07-16 13:50:48.498  1081  2155 I Lyric   : conditional_dpm_node.cc:70: cam7_conditional_dpm turn to dpm mode: Normal, framte number: 0
07-16 13:50:48.498  1081  2150 I Lyric   : dpm_bandwidth_controller_v2.cc:1013: Update minimum MIF clock to 1000000000 number of active sensor: 1
07-16 13:50:48.498  1081  2150 I Lyric   : dpm_bandwidth_controller_v2.cc:1069: Update minimum INT clock to 200000000 number of active sensor: 1
07-16 13:50:48.498  1081  2150 I Lyric   : multisensor_controller.cc:808: Front StartStreaming, waiting on barrier, request: 0
07-16 13:50:48.498  1081  2150 I Lyric   : multisensor_controller.cc:852: camera Front start prepare spend : 3.417us
07-16 13:50:48.498  1081  2150 I Lyric   : multisensor_controller.cc:877: camera Front does not wait for sensor start blocker, start will sync in kernel by lwis fence created by sensor driver.
07-16 13:50:48.502  1081  1550 I Lyric   : direct_channel_motion_sensor_data_streamer.cc:590: gyroscope resource acquired.
07-16 13:50:48.502  1081  1550 W Lyric   : direct_channel_motion_sensor_data_streamer.cc:569: gyroscope acquire resources spent {overall = 50.937175ms, get_service_manager = 20.915us, get_default_sensor = 805.582us, create_hardware_buffer = 2.415324ms, create_direct_channel = 39.110636ms, configure_direct_channel = 8.483887ms, lock_hardware_buffer = 63.395us}
07-16 13:50:48.502  1081  1550 I Lyric   : time_triggered_task_pool.cc:66: Timer is created: TTTP[0,0]
07-16 13:50:48.502  1081 19793 I Lyric   : time_triggered_task_pool.cc:112: TTTP[0,0] worker is running the loop
07-16 13:50:48.507  1081  1548 I Lyric   : sensor_generic_driver.cc:703: DOKKAEBI init success.
07-16 13:50:48.510  1081  1550 I Lyric   : direct_channel_motion_sensor_data_streamer.cc:590: gravity resource acquired.
07-16 13:50:48.510  1081  1551 I Lyric   : actuator_driver.cc:285: act-front-normal auto clip state off
07-16 13:50:48.510  1081  1551 I Lyric   : generic_actuator_controller.cc:551: AF LTC: act-front-normal is enabled with software LTC
07-16 13:50:48.510  1081 30933 W Lyric   : actuator_node.cc:426: 1 calls in 181 sec(s): cam7_actuator: Update lens dac readout failed with status INTERNAL: cam7_actuator: shutter notification frame is dropped at frame: -4
07-16 13:50:48.510  1081 30933 W Lyric   : actuator_node.cc:436: 1 calls in 181 sec(s): cam7_actuator: Update lens temperature failed with status ABORTED: No temperature read
07-16 13:50:48.515  1836  3759 I LocalDisplayAdapter: SF.setDisplayPowerMode took 107ms
07-16 13:50:48.517  3796  3796 W FaceManager: Unknown authentication acquired message: 24, 0
07-16 13:50:48.519  1081  1550 I Lyric   : binder_environment_sensor_reader.cc:79: Enabled BinderEnvironmentSensorReader, type: device_orientation
07-16 13:50:48.522  1081  2150 I Lyric   : focus_lens_actuator_driver_impl_base.cc:220: act-front-normal Actuator operation mode changed to: Active
07-16 13:50:48.522  1081  2150 I Lyric   : sensor_generic_driver.cc:1408:  event thread started.
07-16 13:50:48.522  1081 19794 I Lyric   : focus_lens_actuator_driver_impl_base.cc:734: act-front-normal Event thread is enabled
07-16 13:50:48.522  1081  2150 I Lyric   : sensor_generic_driver.cc:1607: DOKKAEBI stream on, size: {width: 3648, height: 2736}, frame rate range: [7.5, 30], sensor ispfe sync in kernel with sensor-side lwis fence request id: 0
07-16 13:50:48.522  1081  2150 I Lyric   : per_camera_barrier_impl.cc:47: Blocker for MultiSensorController_Stop acquired
07-16 13:50:48.522  1081  2150 I Lyric   : sensor_node.cc:1542: cam7_sensor Sensor start fence created at frame 0 request 0
07-16 13:50:48.522  1081  2153 W Lyric   : external_auto_focus_controller_proxy.cc:475: 3 calls in 182 sec(s): ExternalAutoFocusControllerProxy: camera_id = 7; The total number of frames missing CDAF, HW PDAF, SW PDAF and Sparse PDAF statistics is 1
07-16 13:50:48.522  1081  2153 W Lyric   : external_auto_focus_controller_proxy.cc:830: 3 calls in 182 sec(s): Not able to get shutter notification timestamp
07-16 13:50:48.523  1081 30929 I G3ACoordinator: awb_input_parser_lyric.cc:1415: Starter frame: rel_frame_num [-3]
07-16 13:50:48.523  1081 30929 I G3ACoordinator: awb_engine.cc:2039: Load tuning with previous:Primary :  Usecase: 1 Sensor mode: -1 Viridian value: -1 Camera position: 2 Camera lens_type: 0 Camera spectrum: -1 Partial Usecases: {} current:Primary :  Usecase: 0 Sensor mode: -1 Viridian value: -1 Camera position: 2 Camera lens_type: 0 Camera spectrum: -1 Partial Usecases: {}
07-16 13:50:48.523  1081  2153 I G3ACoordinator: af_engine.cc:1014: Starter Frames
07-16 13:50:48.523  1081  2153 W G3ACoordinator: af_engine.cc:507: camera_name=FrontNormal: Retain last focus states. Overwriting af_mode Off->Auto af_state Inactive->Inactive
07-16 13:50:48.523  1081  2153 I GAF     : gaf_data_manager_impl.cc:675: 1 calls in 182 sec(s): FrontNormal: [ReqId:0] New tuning ptr from file gaf_front_normal_preview
07-16 13:50:48.523  1081  2153 I GAF     : gaf_data_manager_impl.cc:689: 1 calls in 182 sec(s): FrontNormal: [ReqId:0] Mode Lens Range: 0 324
07-16 13:50:48.523  1081  2153 I GAF     : gaf_mod_hw_controller_impl.cc:307: 6 calls in 182 sec(s): FrontNormal: [ReqId:0] fv Config: algo kMain type: kGAfFocusTypeNormal (Coarse)
07-16 13:50:48.523  1081  2153 I G3ACoordinator: af_engine.cc:555: camera_name=FrontNormal: Starter Frames. request_id=0 first_starter_frame_request_id=0 is_cam_sensor_mode_switch=false
07-16 13:50:48.523  1081  2153 W GAF     : gaf_stats_roi_impl.cc:674: 6 calls in 182 sec(s): FrontNormal: [ReqId:0] full frame hwpd stats is invalid.
07-16 13:50:48.523  1081  2153 W GAF     : gaf_stats_roi_impl.cc:778: 6 calls in 182 sec(s): FrontNormal: [ReqId:0] invalid segmentation masks.
07-16 13:50:48.523  1081  2153 W GAF     : gaf_stats_aec.cc:208: 4 calls in 182 sec(s): FrontNormal: [ReqId:0] Invalid raw ae luma
07-16 13:50:48.523  1081  2153 I GAF     : elp_util.cc:512: 3 calls in 182 sec(s): FrontNormal: [ReqId:0] Falling back to assumed exposure (current ELP table) for ELP determination because there is no valid requested timestamp: 0
07-16 13:50:48.523  1081  2153 W GAF     : elp_util.cc:51: 6 calls in 182 sec(s): FrontNormal: [ReqId:0] Invalid region_top or region_height: 0, 0
07-16 13:50:48.523  1081  2153 E GAF     : elp_util.cc:523: 6 calls in 182 sec(s): FrontNormal: [ReqId:0] ELP couldn't be calculated from the ELP table history. Using final_Fallback_position 250
07-16 13:50:48.523  1081  2153 W GAF     : gaf_motion_stats_estimator.cc:187: 4 calls in 182 sec(s): FrontNormal: [ReqId:0] Invalid raw ae luma.
07-16 13:50:48.523  1081  2153 I GAF     : gaf_mod_data_analyzer_impl.cc:165: 1 calls in 182 sec(s): FrontNormal: [ReqId:0] Reset Triggers due to focus mode change, new focus mode: kManualLensControl
07-16 13:50:48.523  1081  2153 I GAF     : gaf_data_manager_impl.cc:701: 1 calls in 182 sec(s): FrontNormal: [ReqId:0] New focus command: CANCEL_SEARCH
07-16 13:50:48.523  1081  2153 I GAF     : gaf_data_manager_impl.cc:647: 1 calls in 182 sec(s): FrontNormal: [ReqId:0] Setting OpMode: 0 -> 1
07-16 13:50:48.523  1081  2153 I GAF     : gaf_mod_data_analyzer_impl.cc:268: 1 calls in 182 sec(s): FrontNormal: [ReqId:0] Reset Triggers due to Opmode change
07-16 13:50:48.523  1081  2153 W GAF     : gaf_metric_algos_pd_impl.cc:580: 6 calls in 182 sec(s): FrontNormal: [ReqId:0] The effective lens position used for PD tPos is not reliable: effective_lens_pos(250,kFallback)
07-16 13:50:48.523  1081  2153 W GAF     : gaf_face_processing_utils.cc:433: 1 calls in 182 sec(s): FrontNormal: [ReqId:0] Uninitialized ref frame size.
07-16 13:50:48.523  1081  2153 I GAF     : gaf_mod_data_analyzer_impl.cc:548: 6 calls in 182 sec(s): FrontNormal: [ReqId:0] override: lock[false], passive[false,false,false], MAF[true], pd_suppression[false]
07-16 13:50:48.523  1081  2153 I GAF     : gaf_mod_data_analyzer_impl.cc:500: 6 calls in 182 sec(s): FrontNormal: [ReqId:0] bTrigger false, mbROIup false, ORoiup true, trigger_delay 0, input_roi: kInvalid       , face_roi_update: false
07-16 13:50:48.523  1081  2153 I GAF     : roi_tracking_config_generator.cc:202: 6 calls in 182 sec(s): FrontNormal: [ReqId:0] Roi tracking is disabled as roi type is not saliency.
07-16 13:50:48.523  1081  2153 I GAF     : auto_macro_interest.cc:204: 6 calls in 182 sec(s): FrontNormal: [ReqId:0] current_has_macro_interest: false, previous_has_macro_interest: false, reason: Not uw lead, skip macro interest determination
07-16 13:50:48.523  1081  1548 I Lyric   : sensor_generic_driver.cc:2961: DOKKAEBI set mode success.
07-16 13:50:48.523  1081  2153 I GAF     : gaf_core_impl.cc:912: 6 calls in 182 sec(s): FrontNormal: [ReqId:0] framework ReqId[ 0]: sensor_soe_timestamp_ns 0 cPos-->nextPos[250-->250] maxPos 324 vcm_dac    0 status kUnknown    state kInactive     fMode kManualLensControl opMode kPreview      searchType kMain         ROI kDefault       | id[0](1368,1026, 912, 684), attribute: 0, is_boh:0 eye_roi 0 crop_window (   0,   0,3648,2736) inFaceCnt 0 ScType kGAfFocusTypeNormal    depth_metric_type kInvalid      pd_tPos 250 pd_conf    0.00 main_pd_effective_lens_pos(250,kFallback) PdSourceType(pdIn,pdOut,cnt) (kLow ,kLow ,0) tof_tPos  -1 tof_confLvl 0.00 tof_isConf 0 tof_GD 0 gyro -1.00 roi_motion kUnknown ledAssist 0 aecSettled 0 luxI 0.00 expI 0.00 g 0.00 et 0.00 bv 0.00 light kGAfTLightBright  exposureValue 0.00 TF 0 SC 1 ST 0 [roi(1,1) depth(0,0) motion(0,0) 3a(0,0) fv(0,1) peer(0,1)] fv 0.00 bUpRoi 1 bUpBAF 1 bUpPD 1 FVCmpEn 0 FVCmpRe 0 zPlusCropWin(   0,   0,3648,2736) zPlusRatios(1.00, 1.00) RefCdafAeGain: none
07-16 13:50:48.523  1081 30940 W GAF     : search_stats_metric_aggregator.cc:99: 1 calls in 182 sec(s): Monitoring search_stats: [ReqId:0] Invalid raw data
07-16 13:50:48.523  1081 30940 W GAF     : multicam_stats_metric_aggregator.cc:85: 1 calls in 182 sec(s): Monitoring multicam_stats: [ReqId:0] Invalid raw data
07-16 13:50:48.523  1081 30940 W Lyric   : telemetry_node.cc:310: 1 calls in 182 sec(s): cam7_telemetry: auto_focus FN 0 Failure recording telemetry. Skip recording.
07-16 13:50:48.524  1081  2153 I G3ACoordinator: af_engine.cc:1014: Starter Frames
07-16 13:50:48.524  1081  2153 I G3ACoordinator: af_engine.cc:555: camera_name=FrontNormal: Starter Frames. request_id=1 first_starter_frame_request_id=0 is_cam_sensor_mode_switch=false
07-16 13:50:48.524  1081 30933 I G3ACoordinator: ae_input_parser_lyric.cc:2202: Starter frame: rel_frame_num [-2]
07-16 13:50:48.524  1081 30933 I G3ACoordinator: ae_engine.cc:550: Starter Frames
07-16 13:50:48.524  1081 30929 I Lyric   : zuma_front_end_controller.cc:743: [CAM7] Updating power mode from Standby to Normal on frame 0, and stream_off_fence: 0
07-16 13:50:48.524  1081 30929 I Lyric   : zuma_fe_driver.cc:904: [ISPFE] Acquiring context. Sensor: DOKKAEBI
07-16 13:50:48.524  1081 30929 I Lyric   : switchboard.cc:333: Booked resources: BookedResourceMap below:
07-16 13:50:48.524  1081 30929 I Lyric   :   Resource type PD LoCH at index 0,
07-16 13:50:48.524  1081 30929 I Lyric   :   Resource type PD OTF at index 0,
07-16 13:50:48.524  1081 30929 I Lyric   :   Resource type PD WDMA at index 0,
07-16 13:50:48.524  1081 30929 I Lyric   :   Resource type Image LoCH at index 0,
07-16 13:50:48.524  1081 30929 I Lyric   :   Resource type Bayer OTF at index 4,
07-16 13:50:48.524  1081 30929 I Lyric   : pd_logical_channel.cc:63: CSIS Core: pd context 0 is tpg 0 for camera 7 created.
07-16 13:50:48.524  1081 30929 I Lyric   : zuma_csis_core_context.cc:396: [CAM7] Created Zuma CSIS Core context for sensor DOKKAEBI with size: {width: 3648, height: 2736}
07-16 13:50:48.524  1081 30929 I Lyric   : zuma_csis_phy_link_context.cc:171: Zuma CsisPhyLinkContext_0 sensor with image size: {width: 3648, height: 2736}, format: raw_10
07-16 13:50:48.524  1081 30929 I Lyric   : zuma_csis_phy_link_context.cc:1339: Zuma CsisPhyLinkContext_0 Rx CTLE enable: 0, is CPHY: 0, mipi rate: 1628Msps
07-16 13:50:48.524  1081 30929 I Lyric   : zuma_csis_phy_link_context.cc:204: Zuma CsisPhyLinkContext_0 Disable Rx CTLE settings NcCoef: 0x0, CntRout: 0x5, BiasCon: 0x8, RselCnt: 0xa, CapCnt: 0xe
07-16 13:50:48.524  1081 30929 I Lyric   : zuma_fc_bayer_context.cc:45: FC bayer context 4 for camera 7 created, sensor output size: {width: 3648, height: 2736} bayer output size: 3648 x 2736
07-16 13:50:48.524  1081 30939 I G3ACoordinator: awb_input_parser_lyric.cc:1415: Starter frame: rel_frame_num [-2]
07-16 13:50:48.525  1081 30929 I Lyric   : zuma_lmp_line_buffer.h:50: For LMP bayer context index 4, requested width 3648 compared to last used width -1, after allocation, the available linebuffer size is 15040
07-16 13:50:48.525  1081 30929 I Lyric   : zuma_lmp_bayer_context.cc:62: Created Zuma LMP context with bayer size: 3648 x 2736 for sensor output stream 3648 x 2736
07-16 13:50:48.525  1081  2153 I G3ACoordinator: af_engine.cc:1014: Starter Frames
07-16 13:50:48.525  1081  2153 I G3ACoordinator: af_engine.cc:555: camera_name=FrontNormal: Starter Frames. request_id=2 first_starter_frame_request_id=0 is_cam_sensor_mode_switch=false
07-16 13:50:48.525  1081 30933 I G3ACoordinator: ae_input_parser_lyric.cc:2202: Starter frame: rel_frame_num [-1]
07-16 13:50:48.525  1081 30933 I G3ACoordinator: ae_engine.cc:550: Starter Frames
07-16 13:50:48.525  1081  2153 I G3ACoordinator: awb_input_parser_lyric.cc:1415: Starter frame: rel_frame_num [-1]
07-16 13:50:48.525  1081 30929 I Lyric   : zuma_fc_pdaf_context.cc:24: FC PD context 0 for camera 7 created.
07-16 13:50:48.525  1081 30929 I Lyric   : zuma_lmp_pdaf_context.cc:44: Created Zuma LMP context with pd size: {width: 3648, height: 684}
07-16 13:50:48.526  1081 19785 I Lyric   : zuma_fe_pdma_driver.cc:153: [FEIRQ] FE PDMA event 608 #1, timestamp: 23072034742498, name: IspFe.pdma_rstctl.Context0SwResetDone
07-16 13:50:48.526  1081 30929 I Lyric   : test_pattern_calculator.h:79: TpgSync clock: 115000 KHz, fps: 30
07-16 13:50:48.526  1081 30929 I Lyric   : pd_logical_channel.cc:163: CSIS Core: PdLoch_0 size: {width: 3648, height: 684} auto_rec hblanking: 6840 auto_rec vblanking: 1452184
07-16 13:50:48.526  1081 30929 I Lyric   : test_pattern_calculator.h:79: TpgSync clock: 115000 KHz, fps: 30
07-16 13:50:48.526  1081 30929 I Lyric   : image_logical_channel.cc:119: CSIS Core: ImgLoch_0 size: {width: 3648, height: 2736} auto_rec hblanking: 6840 auto_rec vblanking: 1452184
07-16 13:50:48.526  1081 30929 I Lyric   : zuma_csis_phy_link_context.cc:249: Zuma CsisPhyLinkContext_0 Camera ID(7) Initialized
07-16 13:50:48.526  1081 30929 I Lyric   : zuma_csis_phy_link_context.cc:961: Zuma CsisPhyLinkContext_0 IspConfigCh0 with virtual channel: 0, parallel mode: 0, size: {width: 3648, height: 2736}, format: raw_10
07-16 13:50:48.526  1081 30929 I Lyric   : zuma_csis_phy_link_context.cc:961: Zuma CsisPhyLinkContext_0 IspConfigCh1 with virtual channel: 1, parallel mode: 0, size: {width: 3648, height: 684}, format: raw_10
07-16 13:50:48.526  1081 30929 I Lyric   : zuma_csis_phy_link_context.cc:961: Zuma CsisPhyLinkContext_0 IspConfigCh2 with virtual channel: 0, parallel mode: 2, size: {width: 3648, height: 2}, format: 8_bit_data
07-16 13:50:48.527  1081 30929 I Lyric   : zuma_csis_phy_link_context.cc:257: Zuma CsisPhyLinkContext_0 enabled
07-16 13:50:48.527  1081 30929 I Lyric   : zuma_fe_programming.cc:97: [CAM7][ISPFE] Creating programming model. Indices: {bayer_context_index = [4], pdaf_context_index = [0], image_loch_indices = [0], pdaf_loch_indices = [0], vc_loch_index = nullopt, rdma_indices = []}
07-16 13:50:48.527  1081 30929 I Lyric   : zuma_fe_programming.cc:108: [CAM7][ISPFE] Submitted repeating SOF sync transaction id 587
07-16 13:50:48.527  1081 30929 I Lyric   : zuma_fe_utils.cc:694: ISP-FE Bandwidth Formula V1.1
07-16 13:50:48.527  1081 30929 I Lyric   : zuma_fe_utils.cc:727: ISP-FE Clock Formula V1.6, csis_core: 81400250 csi_phy: 111000000 lmp: 101772720
07-16 13:50:48.527  1081 30929 I Lyric   : zuma_fe_driver.cc:1382: ISP-FE Qos Update: context(0), csi clock: 111000000, lmp clock: 101772720
07-16 13:50:48.527  1081 30929 I Lyric   : zuma_fe_driver.cc:1437: ISP-FE Qos Update: clock frequency: 111000000, write bandwidth: 785362560, read bandwidth: 0
07-16 13:50:48.528  1081 30929 I Lyric   : secure_operation_controller.cc:24: SecureOperationController: Requested secure session for fe
07-16 13:50:48.528  1081 30929 I Lyric   : zuma_front_end_controller.cc:202: [CAM7] Acquired driver context for exposure 0.
07-16 13:50:48.528  1081 30929 I Lyric   : per_camera_barrier_impl.cc:47: Blocker for FeControllerBlockCam7ToStop#0 acquired
07-16 13:50:48.528  1081 30929 E Lyric   : software_fence.cc:40: Resetting unsignaled fence unnamed
07-16 13:50:48.528  1081 30929 I Lyric   : front_end_node.cc:2902: cam7_frontend HalPixelFormat for FrontEndNode RAW16_BAYER_SBWC 3648 x 2736
07-16 13:50:48.529  1081 30929 I Lyric   : zuma_front_end_controller.cc:310: [CAM7] The first sensor frame number is changed from -1 to 1 for exposure index 0.
07-16 13:50:48.530  1081 30929 I Lyric   : zuma_csis_core_context.cc:666: [CAM7] queuing PD frame: 1, addr[0]: 0x4b730000, SQ addr: 0x4cef0000
07-16 13:50:48.530  1081 30929 I Lyric   : register_sets.cc:171: ISPFE RegisterUpdate Expression events: IspFe.fc_bayer.Context4FcRegUpdated IspFe.lmp_pdaf.Context0RegisterUpdate IspFe.csis_core_pd_proc.LogicalChannel0ShadowUpdate 
07-16 13:50:48.530  1081 30929 I Lyric   : zuma_fe_programming.cc:790: Sensor start fence created by sensor for cam7 should be signaled by ISPFE in kernel at sensor frame number 1, frame number 0
07-16 13:50:48.531  1081  1572 I Lyric   : zuma_fe_programming.cc:292: [FEIRQ] [CAM7][ISPFE] Received event IspFe.csis_core_pd_proc.LogicalChannel0ShadowUpdate. Count: 1. Timestamp: 23072039825709 ns.
07-16 13:50:48.531  1081  1574 I Lyric   : zuma_csis_core_driver.cc:261: [FEIRQ] CSIS Core context 0: event IspFe.csis_core_cmn_ctl.Loch7 #1, category: 8, count: 1, timestamp: 23072039870753
07-16 13:50:48.531  1081  1572 I Lyric   : zuma_fe_programming.cc:292: [FEIRQ] [CAM7][ISPFE] Received event IspFe.fc_bayer.Context4FcRegUpdated. Count: 1. Timestamp: 23072039922389 ns.
07-16 13:50:48.531  1081  1572 I Lyric   : zuma_fe_programming.cc:292: [FEIRQ] [CAM7][ISPFE] Received event IspFe.lmp_pdaf.Context0RegisterUpdate. Count: 1. Timestamp: 23072039956487 ns.
07-16 13:50:48.531  1081  1572 I Lyric   : zuma_fe_programming.cc:629: [CAM7][ISPFE] Enabling LoCHs with register-set states: {fc_lmp_bayer = 1, fc_lmp_pdaf = 1, csis_image_wdmas = [], csis_pd_wdmas = [{0, 1}], csis_vc_wdma = 0, csis_rdmas = [], context_indices = {bayer_context_index = [4], pdaf_context_index = [0], image_loch_indices = [0], pdaf_loch_indices = [0], vc_loch_index = nullopt, rdma_indices = []}}
07-16 13:50:48.531  1081  1572 I Lyric   : pd_logical_channel.cc:299: CSIS Core: Setting loch_en for PdLoch_0
07-16 13:50:48.531  1081  1572 I Lyric   : image_logical_channel.cc:264: CSIS Core: Setting loch_en for ImgLoch_0
07-16 13:50:48.531  1081  1572 I Lyric   : zuma_fe_programming.cc:292: [FEIRQ] [CAM7][ISPFE] Received event IspFe.lmp_bayer.Context4RegisterUpdate. Count: 1. Timestamp: 23072040047430 ns.
07-16 13:50:48.531  1081 19796 I Lyric   : sensor_generic_driver.cc:1283: DOKKAEBI stream on success. Transaction delay: 8.983114ms
07-16 13:50:48.535  1081 30929 I Lyric   : zuma_csis_core_context.cc:666: [CAM7] queuing PD frame: 2, addr[0]: 0x4cbf0000, SQ addr: 0x4d200000
07-16 13:50:48.539     0     0 I trusty  : [GF_TA][I][gf_delmar_sensor][determine_expo_mode] operation: 2, retry: 0, need_dec_gain_due_to_als: 0, expo mode:0
07-16 13:50:48.539     0     0 I trusty  : [GF_TA][I][gf_delmar_cs_dc][delmar_capture_image] g_current_expo_mode=0
07-16 13:50:48.539     0     0 I trusty  : [GF_TA][I][gf_delmar_cs_dc][delmar_capture_image] g_is_dec_expo_set_to_chip=1
07-16 13:50:48.539     0     0 I trusty  : [GF_TA][I][gf_delmar_cs_dc][delmar_capture_image] valid_sg_mask=0x00ff
07-16 13:50:48.539     0     0 I trusty  : [GF_TA][I][gf_delmar_cs_dc][delmar_capture_image] lb_mode=0, expo_mode=0, expo_time=91.750610, gain=0x53
07-16 13:50:48.539     0     0 I trusty  : [GF_TA][E][gf_hw_dc][hw_set_current_operation] cali_flesh_max_frame_index = 0 
07-16 13:50:48.540     0     0 I trusty  : [GF_TA][I][gf_delmar_sensor][sensor_calculate_mask] cal sensor mask cost=0
07-16 13:50:48.540     0     0 I trusty  : [GF_TA][I][gf_delmar_cs_dc][delmar_read_image_hr_mode_poll_data] pre_dummy_time*100=1000, time_cost=0, expo=91, want delay = 81 
07-16 13:50:48.540  1081 30929 I Lyric   : zuma_csis_core_context.cc:666: [CAM7] queuing PD frame: 3, addr[0]: 0x4cf00000, SQ addr: 0x4d210000
07-16 13:50:48.554  1081  1574 I Lyric   : zuma_csis_core_driver.cc:261: [FEIRQ] CSIS Core context 0: event IspFe.csis_core_cmn_ctl.Loch0 #1, category: 8, count: 1, timestamp: 23072063441269
07-16 13:50:48.554  1081 19796 I Lyric   : sensor_generic_driver.cc:1115: DOKKAEBI 1st SOF arrived. Delay from stream on: 32.432739ms Delay from stream on transaction: 23.324992ms (Delay - exposure time): 12.2177005ms
07-16 13:50:48.554  1081  1572 I Lyric   : zuma_fe_programming.cc:292: [FEIRQ] [CAM7][ISPFE] Received event IspFe.fe_programming.Context0SofSyncSuccess. Count: 1. Timestamp: 23072063395371 ns.
07-16 13:50:48.574  1081 19786 I Lyric   : zuma_lmp_driver.cc:455: [FEIRQ] Lmp bayer context 4, event 2305843009213694852, name: IspFe.lmp_bayer.Context4CdafPrimary, count: 1, timestamp: 23072083281520
07-16 13:50:48.574  1081 19786 I Lyric   : zuma_lmp_driver.cc:479: [FEIRQ] Lmp pdaf context0, event 2305843009213694883, name: IspFe.lmp_pdaf.Context0Early, count: 1, timestamp: 23072083416652
07-16 13:50:48.575  1081  2153 I G3ACoordinator: af_input_pd_parser.cc:316: No valid main PD inputs
07-16 13:50:48.575  1081  2153 W G3ACoordinator: af_input_parser_lyric.cc:1845: AfInputParserLyric: stats_cis_temperature is empty
07-16 13:50:48.586  1081  1574 I Lyric   : zuma_csis_core_driver.cc:261: [FEIRQ] CSIS Core context 0: event IspFe.csis_core_pd_proc.LogicalChannel0DmaDone #1, category: 15, count: 1, timestamp: 23072095058172
07-16 13:50:48.586  1081  1574 I Lyric   : frame_images_queue_handler.cc:418: [CAM7] PD signaling secure mode frame: 1
07-16 13:50:48.586  1081  1574 I Lyric   : zuma_csis_core_driver.cc:261: [FEIRQ] CSIS Core context 0: event IspFe.csis_core_pd_proc.LogicalChannel0Eof #1, category: 15, count: 1, timestamp: 23072095091660
07-16 13:50:48.586  1081  1574 I Lyric   : zuma_csis_core_driver.cc:261: [FEIRQ] CSIS Core context 0: event IspFe.csis_core_img_proc.LogicalChannel0Eof #1, category: 11, count: 1, timestamp: 23072095158229
07-16 13:50:48.586  1081 19786 I Lyric   : zuma_lmp_driver.cc:479: [FEIRQ] Lmp pdaf context0, event 2305843009213694881, name: IspFe.lmp_pdaf.Context0Eof, count: 1, timestamp: 23072095256658
07-16 13:50:48.586  1081 19786 I Lyric   : zuma_lmp_driver.cc:455: [FEIRQ] Lmp bayer context 4, event 2305843009213694849, name: IspFe.lmp_bayer.Context4Eof, count: 1, timestamp: 23072095436183
07-16 13:50:48.587  1081  2153 I Lyric   : raw_to_yuv_node.cc:1298: HalImageFormat for YUV output: HalImageFormat{ pixel_format = YCBCR_420_888, stride_alignment = 16, num_buffers = 1 }
07-16 13:50:48.594  1081 30933 I Lyric   : zuma_csis_core_context.cc:666: [CAM7] queuing PD frame: 4, addr[0]: 0x4d220000, SQ addr: 0x4d520000
07-16 13:50:48.608  1081 30933 I G3ACoordinator: af_input_pd_parser.cc:316: No valid main PD inputs
07-16 13:50:48.608  1081 30933 W G3ACoordinator: af_input_parser_lyric.cc:1845: AfInputParserLyric: stats_cis_temperature is empty
07-16 13:50:48.614  1081  1568 I Lyric   : zuma_be_core_event_handler_impl.cc:76: Received Hw event: BeCore.RgbpInt0.FrameEnd counter 1, timestamp: 23072123246486
07-16 13:50:48.614  1081  1568 I Lyric   : zuma_be_core_event_handler_impl.cc:76: Received Hw event: BeCore.YuvpInt0.FrameEnd counter 1, timestamp: 23072123341172
07-16 13:50:48.615  1081 19782 I Lyric   : camera_latency_analyzer.cc:113: [CLA] Cam1-Open
07-16 13:50:48.615  1081 19782 I Lyric   : camera_latency_analyzer.cc:115: [CLA] (Cam1-Open) Open latency: 2.64771
07-16 13:50:48.615  1081 19782 I Lyric   : camera_latency_analyzer.cc:115: [CLA] (Cam1-Open) <-- IDLE --> latency: 13.6893
07-16 13:50:48.615  1081 19782 I Lyric   : camera_latency_analyzer.cc:115: [CLA] (Cam1-Open) ConfigureStream latency: 9.81987
07-16 13:50:48.615  1081 19782 I Lyric   : camera_latency_analyzer.cc:115: [CLA] (Cam1-Open) <-- IDLE --> latency: 2.73417
07-16 13:50:48.615  1081 19782 I Lyric   : camera_latency_analyzer.cc:115: [CLA] (Cam1-Open) First frame latency: 137.85
07-16 13:50:48.615  1081 19782 I Lyric   : camera_latency_analyzer.cc:115: [CLA] (Cam1-Open) Overall latency: 166.758
07-16 13:50:48.615  1081 19782 I Lyric   : camera_latency_analyzer.cc:115: [CLA] (Cam1-Open) HAL Total latency: 150.313
07-16 13:50:48.617     0     0 I trusty  : logging.cc: 91: ***: :302: Command Received: AuthenticationEvaluate
07-16 13:50:48.619  1081  1574 I Lyric   : frame_images_queue_handler.cc:418: [CAM7] PD signaling secure mode frame: 2
07-16 13:50:48.627  1081 30933 I Lyric   : zuma_csis_core_context.cc:666: [CAM7] queuing PD frame: 5, addr[0]: 0x4d7f0000, SQ addr: 0x4cef0000
07-16 13:50:48.641  1081 30933 I G3ACoordinator: af_input_pd_parser.cc:316: No valid main PD inputs
07-16 13:50:48.641  1081 30933 W G3ACoordinator: af_input_parser_lyric.cc:1845: AfInputParserLyric: stats_cis_temperature is empty
07-16 13:50:48.648     0     0 I trusty  : logging.cc: 91: ***: :302: Command Received: AuthenticationEvaluate
07-16 13:50:48.653  1081  1574 I Lyric   : frame_images_queue_handler.cc:418: [CAM7] PD signaling secure mode frame: 3
07-16 13:50:48.658     0     0 I trusty  : [GF_TA][I][gf_delmar_cs_dc][delmar_read_image_hr_mode] pre_dummy_count = ***, tail=***, valid=***, expected=***
07-16 13:50:48.658     0     0 I trusty  : [GF_TA][I][gf_delmar_cs_dc][delmar_read_image_hr_mode] read image end, err=0
07-16 13:50:48.658  1081 30934 I Lyric   : zuma_csis_core_context.cc:666: [CAM7] queuing PD frame: 6, addr[0]: 0x4b730000, SQ addr: 0x4d200000
07-16 13:50:48.659     0     0 I trusty  : [GF_TA][E][gf_algo_utils][gf_is_gain_decreased_retry0] gain ratio: 100
07-16 13:50:48.659     0     0 I trusty  : [GF_TA][E][gf_algo_utils][gf_is_gain_decreased_retry0] gain ratio: 100
07-16 13:50:48.659     0     0 I trusty  : [GF_TA][I][gf_cali][cali_process] authenticate, sNum = 1
07-16 13:50:48.659     0     0 I trusty  : [GF_TA][I][gf_cali][cali_process] stRawdata.psData=0x***, stRawdata.psDarkImage=0, stRawdata.sNum=1
07-16 13:50:48.659     0     0 I trusty  : [GF_TA][I][gf_cali][cali_process] nSegThre=-1
07-16 13:50:48.659     0     0 I trusty  : [GF_TA][I][gf_cali][cali_process] nCaliMode=1, support_moire_filter=1
07-16 13:50:48.659     0     0 I trusty  : [GF_TA][I][gf_cali][cali_process] nRetryFlag=0
07-16 13:50:48.659     0     0 I trusty  : [GF_TA][I][gf_cali][cali_process] gain_ratio=100
07-16 13:50:48.659     0     0 I trusty  : [GF_TA][I][gf_cali][cali_process] nBrokenEnable=1
07-16 13:50:48.659     0     0 I trusty  : [GF_TA][I][gf_cali][cali_process] before fp_preprocess(): nCaliMode=1, nDarkPixelFlag=0, nSubBaseCaliFlag=1
07-16 13:50:48.659     0     0 I trusty  : [GF_TA][I][gf_cali][cali_process] before fp_preprocess(): nAdj2FixFlag=0, nMaxITODepth=0, uchFlagScanMode=0
07-16 13:50:48.659     0     0 I trusty  : [GF_TA][I][gf_cali][cali_process] before fp_preprocess(): uchCompensationOff=0, nFlagDeblurOff=0, uchAdj2FixOff=0
07-16 13:50:48.659     0     0 I trusty  : [GF_TA][I][gf_cali][cali_process] authenticate, sNum = 1
07-16 13:50:48.659     0     0 I trusty  : [GF_TA][I][gf_cali][cali_process] stRawdata.psData=0x***, stRawdata.psDarkImage=0, stRawdata.sNum=1
07-16 13:50:48.659     0     0 I trusty  : [GF_TA][I][gf_cali][cali_process] nSegThre=-1
07-16 13:50:48.659     0     0 I trusty  : [GF_TA][I][gf_cali][cali_process] nCaliMode=1, support_moire_filter=1
07-16 13:50:48.659     0     0 I trusty  : [GF_TA][I][gf_cali][cali_process] nRetryFlag=0
07-16 13:50:48.659     0     0 I trusty  : [GF_TA][I][gf_cali][cali_process] gain_ratio=100
07-16 13:50:48.659     0     0 I trusty  : [GF_TA][I][gf_cali][cali_process] nBrokenEnable=1
07-16 13:50:48.659     0     0 I trusty  : [GF_TA][I][gf_cali][cali_process] before fp_preprocess(): nCaliMode=1, nDarkPixelFlag=0, nSubBaseCaliFlag=1
07-16 13:50:48.659     0     0 I trusty  : [GF_TA][I][gf_cali][cali_process] before fp_preprocess(): nAdj2FixFlag=0, nMaxITODepth=0, uchFlagScanMode=0
07-16 13:50:48.659     0     0 I trusty  : [GF_TA][I][gf_cali][cali_process] before fp_preprocess(): uchCompensationOff=0, nFlagDeblurOff=0, uchAdj2FixOff=0
07-16 13:50:48.659     0     0 I trusty  : [GF_TA][I][gf_cali][cali_process] authenticate, sNum = 1
07-16 13:50:48.659     0     0 I trusty  : [GF_TA][I][gf_cali][cali_process] stRawdata.psData=0x***, stRawdata.psDarkImage=0, stRawdata.sNum=1
07-16 13:50:48.659     0     0 I trusty  : [GF_TA][I][gf_cali][cali_process] nSegThre=-1
07-16 13:50:48.659     0     0 I trusty  : [GF_TA][I][gf_cali][cali_process] nCaliMode=1, support_moire_filter=1
07-16 13:50:48.659     0     0 I trusty  : [GF_TA][I][gf_cali][cali_process] nRetryFlag=0
07-16 13:50:48.660     0     0 I trusty  : [GF_TA][I][gf_cali][cali_process] gain_ratio=100
07-16 13:50:48.660     0     0 I trusty  : [GF_TA][I][gf_cali][cali_process] nBrokenEnable=1
07-16 13:50:48.660     0     0 I trusty  : [GF_TA][I][gf_cali][cali_process] before fp_preprocess(): nCaliMode=1, nDarkPixelFlag=0, nSubBaseCaliFlag=1
07-16 13:50:48.660     0     0 I trusty  : [GF_TA][I][gf_cali][cali_process] before fp_preprocess(): nAdj2FixFlag=0, nMaxITODepth=0, uchFlagScanMode=0
07-16 13:50:48.660     0     0 I trusty  : [GF_TA][I][gf_cali][cali_process] before fp_preprocess(): uchCompensationOff=0, nFlagDeblurOff=0, uchAdj2FixOff=0
07-16 13:50:48.660     0     0 I trusty  : [GF_TA][I][gf_cali][cali_process] authenticate, sNum = 1
07-16 13:50:48.660     0     0 I trusty  : [GF_TA][I][gf_cali][cali_process] stRawdata.psData=0x***, stRawdata.psDarkImage=0, stRawdata.sNum=1
07-16 13:50:48.660     0     0 I trusty  : [GF_TA][I][gf_cali][cali_process] nSegThre=-1
07-16 13:50:48.660     0     0 I trusty  : [GF_TA][I][gf_cali][cali_process] nCaliMode=1, support_moire_filter=1
07-16 13:50:48.660     0     0 I trusty  : [GF_TA][I][gf_cali][cali_process] nRetryFlag=0
07-16 13:50:48.660     0     0 I trusty  : [GF_TA][I][gf_cali][cali_process] gain_ratio=100
07-16 13:50:48.660     0     0 I trusty  : [GF_TA][I][gf_cali][cali_process] nBrokenEnable=1
07-16 13:50:48.660     0     0 I trusty  : [GF_TA][I][gf_cali][cali_process] before fp_preprocess(): nCaliMode=1, nDarkPixelFlag=0, nSubBaseCaliFlag=1
07-16 13:50:48.660     0     0 I trusty  : [GF_TA][I][gf_cali][cali_process] before fp_preprocess(): nAdj2FixFlag=0, nMaxITODepth=0, uchFlagScanMode=0
07-16 13:50:48.660     0     0 I trusty  : [GF_TA][I][gf_cali][cali_process] before fp_preprocess(): uchCompensationOff=0, nFlagDeblurOff=0, uchAdj2FixOff=0
07-16 13:50:48.663     0     0 I trusty  : [GF_TA][I][gf_cali][cali_process] after fp_preprocess(): nCaliMode=1, nDarkPixelFlag=0, nSubBaseCaliFlag=1
07-16 13:50:48.663     0     0 I trusty  : [GF_TA][I][gf_cali][cali_process] after fp_preprocess(): nAdj2FixFlag=0, nMaxITODepth=0, uchFlagScanMode=0
07-16 13:50:48.663     0     0 I trusty  : [GF_TA][I][gf_cali][cali_process] after fp_preprocess(): uchCompensationOff=0, nFlagDeblurOff=0, uchAdj2FixOff=0
07-16 13:50:48.663     0     0 I trusty  : [GF_TA][I][gf_cali][cali_process] after fp_preprocess(): nCaliMode=1, nDarkPixelFlag=0, nSubBaseCaliFlag=1
07-16 13:50:48.663     0     0 I trusty  : [GF_TA][I][gf_cali][cali_process] after fp_preprocess(): nAdj2FixFlag=0, nMaxITODepth=0, uchFlagScanMode=0
07-16 13:50:48.664     0     0 I trusty  : [GF_TA][I][gf_cali][cali_process] after fp_preprocess(): uchCompensationOff=0, nFlagDeblurOff=0, uchAdj2FixOff=0
07-16 13:50:48.664     0     0 I trusty  : [GF_TA][I][gf_cali][cali_process] after fp_preprocess(): nCaliMode=1, nDarkPixelFlag=0, nSubBaseCaliFlag=1
07-16 13:50:48.664     0     0 I trusty  : [GF_TA][I][gf_cali][cali_process] after fp_preprocess(): nAdj2FixFlag=0, nMaxITODepth=0, uchFlagScanMode=0
07-16 13:50:48.664     0     0 I trusty  : [GF_TA][I][gf_cali][cali_process] after fp_preprocess(): uchCompensationOff=0, nFlagDeblurOff=0, uchAdj2FixOff=0
07-16 13:50:48.664     0     0 I trusty  : [GF_TA][I][gf_cali][cali_process] after fp_preprocess(): nCaliMode=1, nDarkPixelFlag=0, nSubBaseCaliFlag=1
07-16 13:50:48.664     0     0 I trusty  : [GF_TA][I][gf_cali][cali_process] after fp_preprocess(): nAdj2FixFlag=0, nMaxITODepth=0, uchFlagScanMode=0
07-16 13:50:48.664     0     0 I trusty  : [GF_TA][I][gf_cali][cali_process] after fp_preprocess(): uchCompensationOff=0, nFlagDeblurOff=0, uchAdj2FixOff=0
07-16 13:50:48.664     0     0 I trusty  : [GF_TA][E][gf_algo_utils][gf_is_gain_decreased_retry0] gain ratio: 100
07-16 13:50:48.664     0     0 I trusty  : [GF_TA][I][gf_cali][cali_process_img2mats] do fp_AntiPeepG5 flag:0
07-16 13:50:48.664     0     0 I trusty  : [GF_TA][E][gf_algo_utils][gf_is_gain_decreased_retry0] gain ratio: 100
07-16 13:50:48.664     0     0 I trusty  : [GF_TA][I][gf_delmar_sensor][determine_expo_mode] operation: 2, retry: 1, need_dec_gain_due_to_als: 0, expo mode:3
07-16 13:50:48.664     0     0 I trusty  : [GF_TA][I][gf_delmar_cs_dc][delmar_capture_image] capture sub image mode=0x0502
07-16 13:50:48.664     0     0 I trusty  : [GF_TA][I][gf_delmar_cs_dc][delmar_capture_image] retry1_valid_sg_mask=0x0003
07-16 13:50:48.667     0     0 I trusty  : [GF_TA][I][gf_delmar_cs_dc][delmar_capture_image] g_current_expo_mode=3
07-16 13:50:48.667     0     0 I trusty  : [GF_TA][I][gf_delmar_cs_dc][delmar_capture_image] g_is_dec_expo_set_to_chip=0
07-16 13:50:48.667     0     0 I trusty  : [GF_TA][I][gf_delmar_cs_dc][delmar_capture_image] valid_sg_mask=0x0003
07-16 13:50:48.667     0     0 I trusty  : [GF_TA][I][gf_delmar_cs_dc][delmar_capture_image] lb_mode=0, expo_mode=3, expo_time=133.447250, gain=0x70
07-16 13:50:48.667     0     0 I trusty  : [GF_TA][E][gf_hw_dc][hw_set_current_operation] cali_flesh_max_frame_index = 0 
07-16 13:50:48.675  1081 30933 I G3ACoordinator: af_input_pd_parser.cc:316: No valid main PD inputs
07-16 13:50:48.675  1081 30933 W G3ACoordinator: af_input_parser_lyric.cc:1845: AfInputParserLyric: stats_cis_temperature is empty
07-16 13:50:48.678     0     0 I trusty  : [GF_TA][E][gf_fake_detect_param][gf_get_fake_detect_param] use default fake params for G7
07-16 13:50:48.678     0     0 I trusty  : [GF_TA][I][gf_hw][hw_get_real_expo] real_expo = 91.750610
07-16 13:50:48.678     0     0 I trusty  : [GF_TA][I][gf_hw][hw_get_real_gain] real_gain = 3.190880
07-16 13:50:48.686     0     0 I trusty  : [GF_TA][I][gf_algo_adapter][gf_adt_OP7_fake_detect] fake algo check point, nFakeParamV1Arr[1] :1
07-16 13:50:48.686     0     0 I trusty  : [GF_TA][I][gf_algo_adapter][gf_adt_OP7_fake_detect] fake algo check point, nFakeParamV2Arr[37] :***
07-16 13:50:48.686     0     0 I trusty  : [GF_TA][I][gf_algo_adapter][gf_adt_OP7_fake_detect] fake algo check point, nFakeParamV2Arr[38] :***
07-16 13:50:48.686     0     0 I trusty  : [GF_TA][I][gf_algo_adapter][gf_adt_OP7_fake_detect] fake algo check point, nFakeParamV2Arr[39] :***
07-16 13:50:48.686     0     0 I trusty  : [GF_TA][I][gf_algo_adapter][gf_adt_OP7_fake_detect] pay_test_log1: 1
07-16 13:50:48.686     0     0 I trusty  : [GF_TA][I][gf_algo_adapter][gf_adt_OP7_fake_detect] pay_test_log2: ***
07-16 13:50:48.686     0     0 I trusty  : [GF_TA][I][gf_algo_adapter][gf_adt_OP7_fake_detect] pay_test_log3: 691
07-16 13:50:48.686     0     0 I trusty  : [GF_TA][I][gf_algo_adapter][gf_adt_OP7_fake_detect] pay_test_log4: 780
07-16 13:50:48.686     0     0 I trusty  : [GF_TA][I][gf_algo_adapter][gf_adt_OP7_fake_detect] No film has been detected
07-16 13:50:48.686     0     0 I trusty  : [GF_TA][I][gf_algo_adapter][gf_adt_OP7_fake_detect] XY-shift value: 11
07-16 13:50:48.686     0     0 I trusty  : [GF_TA][I][gf_algo_adapter][gf_adt_get_fake_version] af for g7 opt7.X
07-16 13:50:48.686     0     0 I trusty  : [GF_TA][I][gf_big_data][gf_get_auth_big_data_info] retry 0 sg:0 rawdata_mean_value:1762
07-16 13:50:48.686     0     0 I trusty  : [GF_TA][I][gf_big_data][gf_get_auth_big_data_info] retry 0 sg:1 rawdata_mean_value:2098
07-16 13:50:48.686     0     0 I trusty  : [GF_TA][I][gf_big_data][gf_get_auth_big_data_info] retry 0 sg:2 rawdata_mean_value:1704
07-16 13:50:48.686     0     0 I trusty  : [GF_TA][I][gf_big_data][gf_get_auth_big_data_info] retry 0 sg:3 rawdata_mean_value:1955
07-16 13:50:48.686     0     0 I trusty  : [GF_TA][I][gf_fpcore_common][handle_event] timestamp:***.
07-16 13:50:48.686     0     0 I trusty  : logging.cc: 91: ***: :302: Command Received: AuthenticationEvaluate
07-16 13:50:48.686  1081  1574 I Lyric   : frame_images_queue_handler.cc:418: [CAM7] PD signaling secure mode frame: 4
07-16 13:50:48.686  1836  3730 D BiometricLogger: Authenticated! Modality: fingerprint, latency: 277
07-16 13:50:48.686  1836  3730 V ALSProbe: Enable ALS: 53608127
07-16 13:50:48.687  1836  3730 W AuthenticationClient: Allowing background authentication, this is allowed only for platform or test invocations
07-16 13:50:48.687  1836  3730 D BaseClientMonitor: marking operation as done: {[265] com.android.server.biometrics.sensors.fingerprint.aidl.FingerprintAuthenticationClient, proto=3, owner=com.android.systemui, cookie=0, requestId=86, userId=0}
07-16 13:50:48.687  1836  3730 D BiometricService: resetLockout from: 0, for: 1, userId: 0
07-16 13:50:48.687  1836  3732 D BiometricScheduler: [Added] {[267] com.android.server.biometrics.sensors.face.aidl.FaceResetLockoutClient, proto=12, owner=android, cookie=0, requestId=-1, userId=0}, new queue size: 1
07-16 13:50:48.687  1836  3732 D BiometricScheduler: [Cancelling Interruptable]: {[266] com.android.server.biometrics.sensors.face.aidl.FaceAuthenticationClient, proto=3, owner=com.android.systemui, cookie=0, requestId=94, userId=0}, State: 2
07-16 13:50:48.687  1836  3732 D BiometricSchedulerOperation: [Cancelling] Current client: {[266] com.android.server.biometrics.sensors.face.aidl.FaceAuthenticationClient, proto=3, owner=com.android.systemui, cookie=0, requestId=94, userId=0}
07-16 13:50:48.689   666 11453 I keystore2: system/security/keystore2/src/authorization.rs:251 - add_auth_token(challenge=0, userId=8884461381520231137, authId=-637852604006642551, authType=0x2, timestamp=23082752ms)
07-16 13:50:48.690  1081 19796 W Lyric   : shutter_notification_manager.cc:269: 1 calls in 181 sec(s): vsync timeout for frame 5
07-16 13:50:48.690  1081 19796 I Lyric   : shutter_notification_manager.cc:311: 1 calls in 181 sec(s): vsync_timestamp unavailable. Apply previous vsync_sof_offset -917640
07-16 13:50:48.692     0     0 I trusty  : logging.cc: 91: ***: :302: Command Received: AuthenticationDelete
07-16 13:50:48.691  1836  3730 D AuthenticationClient: addAuthToken succeeded
07-16 13:50:48.691  1836  3730 D BiometricStateCallback: Client finished, state updated to 0, client {[265] com.android.server.biometrics.sensors.fingerprint.aidl.FingerprintAuthenticationClient, proto=3, owner=com.android.systemui, cookie=0, requestId=86, userId=0}
