07-16 13:55:14.219 30841 22098 E Cello   : [22098:NonCelloThread] item_query_handler.cc:78:CheckQueryAgainstInternalItemLocalProperty Querying on internal item local property key: pinned
07-16 13:55:14.236 30841  1585 E Cello   : [1585:NonCelloThread] item_query_handler.cc:78:CheckQueryAgainstInternalItemLocalProperty Querying on internal item local property key: pinned
07-16 13:55:14.250  1836  3710 E SyncManager: SYNC_OP_STATE_INVALID: disallowed by settings/network
07-16 13:55:14.251 30841 31699 E Cello   : [31699:NonCelloThread] item_query_handler.cc:78:CheckQueryAgainstInternalItemLocalProperty Querying on internal item local property key: pinned
07-16 13:55:14.262  1836  3710 E SyncManager: SYNC_OP_STATE_INVALID: disallowed by settings/network
07-16 13:55:14.263 30841 22036 E Cello   : [22036:NonCelloThread] item_query_handler.cc:78:CheckQueryAgainstInternalItemLocalProperty Querying on internal item local property key: pinned
07-16 13:55:14.275  1836  3710 E SyncManager: SYNC_OP_STATE_INVALID: disallowed by settings/network
07-16 13:55:14.414  1148  1201 E WifiHAL : Creating message to get cached scan results
07-16 13:55:14.458  4555  4677 E IwlanNetworkStatusTracker: Could not get Wifi SSID
07-16 13:55:15.206 30841  1671 E Cello   : [1671:NonCelloThread] item_query_handler.cc:78:CheckQueryAgainstInternalItemLocalProperty Querying on internal item local property key: pinned
07-16 13:55:15.231 30841 30977 E azmr    : RuntimeException while executing runnable idm@2bacdb9 with executor MoreExecutors.directExecutor()
07-16 13:55:15.231 30841 30977 E azmr    : java.lang.NullPointerException: Attempt to invoke virtual method 'int android.app.ApplicationStartInfo.getReason()' on a null object reference
07-16 13:55:15.231 30841 30977 E azmr    : 	at lc$$ExternalSyntheticApiModelOutline1.m(D8$$SyntheticClass:1)
07-16 13:55:15.231 30841 30977 E azmr    : 	at mxk.d(PG:9)
07-16 13:55:15.231 30841 30977 E azmr    : 	at idm.run(PG:149)
07-16 13:55:15.231 30841 30977 E azmr    : 	at azln.execute(PG:1)
07-16 13:55:15.231 30841 30977 E azmr    : 	at azmr.c(PG:7)
07-16 13:55:15.231 30841 30977 E azmr    : 	at mym.b(PG:274)
07-16 13:55:15.231 30841 30977 E azmr    : 	at mym.a(PG:3)
07-16 13:55:15.231 30841 30977 E azmr    : 	at ayhi.e(PG:318)
07-16 13:55:15.231 30841 30977 E azmr    : 	at lqc.run(PG:331)
07-16 13:55:15.231 30841 30977 E azmr    : 	at java.util.concurrent.ThreadPoolExecutor.runWorker(ThreadPoolExecutor.java:1100)
07-16 13:55:15.231 30841 30977 E azmr    : 	at java.util.concurrent.ThreadPoolExecutor$Worker.run(ThreadPoolExecutor.java:624)
07-16 13:55:15.231 30841 30977 E azmr    : 	at java.lang.Thread.run(Thread.java:1571)
07-16 13:55:17.478  1148  1201 E WifiHAL : Creating message to get cached scan results
07-16 13:55:17.503  4555  4677 E IwlanNetworkStatusTracker: Could not get Wifi SSID
07-16 13:55:17.846 30841 22033 E FileLoaderImpl: Trying to load files with a null executor. lcq@8f1de09
07-16 13:55:17.849 30841 22033 E FileLoaderImpl: Trying to load files with a null executor. lcq@8f1de09
07-16 13:55:17.851 30841 22033 E FileLoaderImpl: Trying to load files with a null executor. lcq@8f1de09
07-16 13:55:17.852 30841 22033 E FileLoaderImpl: Trying to load files with a null executor. lcq@8f1de09
07-16 13:55:17.852 30841 22033 E FileLoaderImpl: Trying to load files with a null executor. lcq@8f1de09
07-16 13:55:17.852 30841 22033 E FileLoaderImpl: Trying to load files with a null executor. lcq@8f1de09
07-16 13:55:17.858 30841 22033 E FileLoaderImpl: Trying to load files with a null executor. lcq@8f1de09
07-16 13:55:17.999 30841 22033 E FileLoaderImpl: Trying to load files with a null executor. lcq@8f1de09
07-16 13:55:18.001 30841 22033 E FileLoaderImpl: Trying to load files with a null executor. lcq@8f1de09
07-16 13:55:18.002 30841 22033 E FileLoaderImpl: Trying to load files with a null executor. lcq@8f1de09
07-16 13:55:18.002 30841 22033 E FileLoaderImpl: Trying to load files with a null executor. lcq@8f1de09
07-16 13:55:18.003 30841 22033 E FileLoaderImpl: Trying to load files with a null executor. lcq@8f1de09
07-16 13:55:18.004 30841 22033 E FileLoaderImpl: Trying to load files with a null executor. lcq@8f1de09
07-16 13:55:18.004 30841 22033 E FileLoaderImpl: Trying to load files with a null executor. lcq@8f1de09
07-16 13:55:18.005 30841 22033 E FileLoaderImpl: Trying to load files with a null executor. lcq@8f1de09
07-16 13:55:18.006 30841 22033 E FileLoaderImpl: Trying to load files with a null executor. lcq@8f1de09
07-16 13:55:18.006 30841 22033 E FileLoaderImpl: Trying to load files with a null executor. lcq@8f1de09
07-16 13:55:18.007 30841 22033 E FileLoaderImpl: Trying to load files with a null executor. lcq@8f1de09
07-16 13:55:18.007 30841 22033 E FileLoaderImpl: Trying to load files with a null executor. lcq@8f1de09
07-16 13:55:18.008 30841 22033 E FileLoaderImpl: Trying to load files with a null executor. lcq@8f1de09
07-16 13:55:18.122 30841 22033 E FileLoaderImpl: Trying to load files with a null executor. lcq@8f1de09
07-16 13:55:18.123 30841 22033 E FileLoaderImpl: Trying to load files with a null executor. lcq@8f1de09
07-16 13:55:18.123 30841 22033 E FileLoaderImpl: Trying to load files with a null executor. lcq@8f1de09
07-16 13:55:18.124 30841 22033 E FileLoaderImpl: Trying to load files with a null executor. lcq@8f1de09
07-16 13:55:18.124 30841 22033 E FileLoaderImpl: Trying to load files with a null executor. lcq@8f1de09
07-16 13:55:18.125 30841 22033 E FileLoaderImpl: Trying to load files with a null executor. lcq@8f1de09
07-16 13:55:18.126 30841 22033 E FileLoaderImpl: Trying to load files with a null executor. lcq@8f1de09
07-16 13:55:18.127 30841 22033 E FileLoaderImpl: Trying to load files with a null executor. lcq@8f1de09
07-16 13:55:18.127 30841 22033 E FileLoaderImpl: Trying to load files with a null executor. lcq@8f1de09
07-16 13:55:18.127 30841 22033 E FileLoaderImpl: Trying to load files with a null executor. lcq@8f1de09
07-16 13:55:18.128 30841 22033 E FileLoaderImpl: Trying to load files with a null executor. lcq@8f1de09
07-16 13:55:18.197 30841 22033 E CallbackManager: onErrorInternal: Failed to fetch URL //fonts.gstatic.com/s/yanonekaffeesatz/v34/3y9I6aknfjLm_3lMKjiMgmUUYBs04aUXNxt9gW2LIftodtWpdWuNCnQ.woff2. Executing errorRunnable
07-16 13:55:18.211 30841 22033 E CallbackManager: onErrorInternal: Failed to fetch URL //fonts.gstatic.com/s/yanonekaffeesatz/v34/3y9I6aknfjLm_3lMKjiMgmUUYBs04aUXNxt9gW2LIftoqNWpdWuNCnQ.woff2. Executing errorRunnable
07-16 13:55:18.213 30841 22033 E CallbackManager: onErrorInternal: Failed to fetch URL //fonts.gstatic.com/s/yanonekaffeesatz/v34/3y9I6aknfjLm_3lMKjiMgmUUYBs04aUXNxt9gW2LIfto9tWpdWuNCnQ.woff2. Executing errorRunnable
07-16 13:55:18.214 30841 22033 E CallbackManager: onErrorInternal: Failed to fetch URL //fonts.gstatic.com/s/yanonekaffeesatz/v34/3y9I6aknfjLm_3lMKjiMgmUUYBs04aUXNxt9gW2LIftoxNWpdWuNCnQ.woff2. Executing errorRunnable
07-16 13:55:18.216 30841 22033 E CallbackManager: onErrorInternal: Failed to fetch URL //fonts.gstatic.com/s/yanonekaffeesatz/v34/3y9I6aknfjLm_3lMKjiMgmUUYBs04aUXNxt9gW2LIftoKNKpdWuNCnQ.woff2. Executing errorRunnable
07-16 13:55:18.217 30841 22033 E CallbackManager: onErrorInternal: Failed to fetch URL //fonts.gstatic.com/s/yanonekaffeesatz/v34/3y9I6aknfjLm_3lMKjiMgmUUYBs04aUXNxt9gW2LIftoEdKpdWuNCnQ.woff2. Executing errorRunnable
07-16 13:55:18.219 30841 22033 E CallbackManager: onErrorInternal: Failed to fetch URL //fonts.gstatic.com/s/yanonekaffeesatz/v34/3y9I6aknfjLm_3lMKjiMgmUUYBs04aUXNxt9gW2LIfto9tWZcWGKKHb0VQ.woff2. Executing errorRunnable
07-16 13:55:18.226 30841 22033 E CallbackManager: onErrorInternal: Failed to fetch URL //fonts.gstatic.com/s/alegreya/v41/4UacrEBBsBhlBjvfkQjt71kZfyBzPgNG9hUI-aCksSA.woff2. Executing errorRunnable
07-16 13:55:18.228 30841 22033 E CallbackManager: onErrorInternal: Failed to fetch URL //fonts.gstatic.com/s/alegreya/v41/4UacrEBBsBhlBjvfkQjt71kZfyBzPgNGxBUI-aCksSA.woff2. Executing errorRunnable
07-16 13:55:18.229 30841 22033 E CallbackManager: onErrorInternal: Failed to fetch URL //fonts.gstatic.com/s/alegreya/v41/4UacrEBBsBhlBjvfkQjt71kZfyBzPgNGKBII-aCksSA.woff2. Executing errorRunnable
07-16 13:55:18.230 30841 22033 E CallbackManager: onErrorInternal: Failed to fetch URL //fonts.gstatic.com/s/alegreya/v41/4UacrEBBsBhlBjvfkQjt71kZfyBzPgNGERII-aCksSA.woff2. Executing errorRunnable
07-16 13:55:18.231 30841 22033 E CallbackManager: onErrorInternal: Failed to fetch URL //fonts.gstatic.com/s/alegreya/v41/4UacrEBBsBhlBjvfkQjt71kZfyBzPgNGdhII-aCksSA.woff2. Executing errorRunnable
07-16 13:55:18.233 30841 22033 E CallbackManager: onErrorInternal: Failed to fetch URL //fonts.gstatic.com/s/alegreya/v41/4UacrEBBsBhlBjvfkQjt71kZfyBzPgNGXxII-aCksSA.woff2. Executing errorRunnable
07-16 13:55:18.234 30841 22033 E CallbackManager: onErrorInternal: Failed to fetch URL //fonts.gstatic.com/s/alegreya/v41/4UaSrEBBsBhlBjvfkSLk3abBFkvpkARTPlbgv6qjkyKFrg.woff2. Executing errorRunnable
07-16 13:55:18.236 30841 22033 E CallbackManager: onErrorInternal: Failed to fetch URL //fonts.gstatic.com/s/alegreya/v41/4UaSrEBBsBhlBjvfkSLk3abBFkvpkARTPlbSv6qjkyKFrg.woff2. Executing errorRunnable
07-16 13:55:18.238 30841 22033 E CallbackManager: onErrorInternal: Failed to fetch URL //fonts.gstatic.com/s/alegreya/v41/4UaSrEBBsBhlBjvfkSLk3abBFkvpkARTPlY-uKqjkyKFrg.woff2. Executing errorRunnable
07-16 13:55:18.238 30841 22033 E CallbackManager: onErrorInternal: Failed to fetch URL //fonts.gstatic.com/s/alegreya/v41/4UaSrEBBsBhlBjvfkSLk3abBFkvpkARTPlYHuKqjkyKFrg.woff2. Executing errorRunnable
07-16 13:55:18.241 30841 22033 E CallbackManager: onErrorInternal: Failed to fetch URL //fonts.gstatic.com/s/alegreya/v41/4UaSrEBBsBhlBjvfkSLk3abBFkvpkARTPlZguKqjkyKFrg.woff2. Executing errorRunnable
07-16 13:55:18.243 30841 22033 E CallbackManager: onErrorInternal: Failed to fetch URL //fonts.gstatic.com/s/alegreya/v41/4UaSrEBBsBhlBjvfkSLk3abBFkvpkARTPlZJuKqjkyKFrg.woff2. Executing errorRunnable
07-16 13:55:18.244 30841 22033 E CallbackManager: onErrorInternal: Failed to fetch URL //fonts.gstatic.com/s/alegreya/v41/4UacrEBBsBhlBjvfkQjt71kZfyBzPgNG9hU4_aqjkyKFrg.woff2. Executing errorRunnable
07-16 13:55:18.253 30841 22033 E CallbackManager: onErrorInternal: Failed to fetch URL //fonts.gstatic.com/s/ebgaramond/v33/SlGDmQSNjdsmc35JDF1K5E55YMjF_7DPuGi-6_RUBoV4e60.woff2. Executing errorRunnable
07-16 13:55:18.254 30841 22033 E CallbackManager: onErrorInternal: Failed to fetch URL //fonts.gstatic.com/s/ebgaramond/v33/SlGDmQSNjdsmc35JDF1K5E55YMjF_7DPuGi-2fRUBoV4e60.woff2. Executing errorRunnable
07-16 13:55:18.256 30841 22033 E CallbackManager: onErrorInternal: Failed to fetch URL //fonts.gstatic.com/s/ebgaramond/v33/SlGDmQSNjdsmc35JDF1K5E55YMjF_7DPuGi-NfNUBoV4e60.woff2. Executing errorRunnable
07-16 13:55:18.258 30841 22033 E CallbackManager: onErrorInternal: Failed to fetch URL //fonts.gstatic.com/s/ebgaramond/v33/SlGDmQSNjdsmc35JDF1K5E55YMjF_7DPuGi-DPNUBoV4e60.woff2. Executing errorRunnable
07-16 13:55:18.258 30841 22033 E CallbackManager: onErrorInternal: Failed to fetch URL //fonts.gstatic.com/s/ebgaramond/v33/SlGDmQSNjdsmc35JDF1K5E55YMjF_7DPuGi-a_NUBoV4e60.woff2. Executing errorRunnable
07-16 13:55:18.261 30841 22033 E CallbackManager: onErrorInternal: Failed to fetch URL //fonts.gstatic.com/s/ebgaramond/v33/SlGFmQSNjdsmc35JDF1K5GRwUjcdlttVFm-rI7e8QI9_Wa-XgA.woff2. Executing errorRunnable
07-16 13:55:18.261 30841 22033 E CallbackManager: onErrorInternal: Failed to fetch URL //fonts.gstatic.com/s/ebgaramond/v33/SlGFmQSNjdsmc35JDF1K5GRwUjcdlttVFm-rI7eOQI9_Wa-XgA.woff2. Executing errorRunnable
07-16 13:55:18.264 30841 22033 E CallbackManager: onErrorInternal: Failed to fetch URL //fonts.gstatic.com/s/ebgaramond/v33/SlGFmQSNjdsmc35JDF1K5GRwUjcdlttVFm-rI7diR49_Wa-XgA.woff2. Executing errorRunnable
07-16 13:55:18.266 30841 22033 E CallbackManager: onErrorInternal: Failed to fetch URL //fonts.gstatic.com/s/ebgaramond/v33/SlGFmQSNjdsmc35JDF1K5GRwUjcdlttVFm-rI7dbR49_Wa-XgA.woff2. Executing errorRunnable
07-16 13:55:18.268 30841 22033 E CallbackManager: onErrorInternal: Failed to fetch URL //fonts.gstatic.com/s/ebgaramond/v33/SlGFmQSNjdsmc35JDF1K5GRwUjcdlttVFm-rI7c8R49_Wa-XgA.woff2. Executing errorRunnable
07-16 13:55:18.269 30841 22033 E CallbackManager: onErrorInternal: Failed to fetch URL //fonts.gstatic.com/s/ebgaramond/v33/SlGDmQSNjdsmc35JDF1K5E55YMjF_7DPuGi-6_RkAo9_Wa-XgA.woff2. Executing errorRunnable
07-16 13:55:20.550  1148  3775 E WifiHAL : Creating message to get cached scan results
07-16 13:55:20.595  4555  4677 E IwlanNetworkStatusTracker: Could not get Wifi SSID
07-16 13:55:23.629  1148  1201 E WifiHAL : Creating message to get cached scan results
07-16 13:55:26.690  1148  3775 E WifiHAL : Creating message to get cached scan results
07-16 13:55:29.801  1148  1201 E WifiHAL : Creating message to get cached scan results
07-16 13:55:30.215 17830 17830 E cr_Tab  : Activity is null when requesting activity.
07-16 13:55:30.215 17830 17830 E cr_Tab  : Tab couldn't be loaded because Context was null. mIsArchived: false, mInitializedWithWindowAndroid: true
07-16 13:55:30.329  1836  6369 E ConsumerBase: [ImageReader-806x1795f1m1-1836-407] abandonLocked: ConsumerBase is abandoned!
07-16 13:55:30.348 30841 22060 E Cello   : [22060:NonCelloThread] item_query_handler.cc:78:CheckQueryAgainstInternalItemLocalProperty Querying on internal item local property key: pinned
07-16 13:55:30.368 30841 31281 E Cello   : [31281:NonCelloThread] item_query_handler.cc:78:CheckQueryAgainstInternalItemLocalProperty Querying on internal item local property key: pinned
07-16 13:55:30.372  1836  3710 E SyncManager: SYNC_OP_STATE_INVALID: disallowed by settings/network
07-16 13:55:30.391 30841  1671 E Cello   : [1671:NonCelloThread] item_query_handler.cc:78:CheckQueryAgainstInternalItemLocalProperty Querying on internal item local property key: pinned
07-16 13:55:30.408 30841  1687 E Cello   : [1687:NonCelloThread] item_query_handler.cc:78:CheckQueryAgainstInternalItemLocalProperty Querying on internal item local property key: pinned
07-16 13:55:30.412  1836  3710 E SyncManager: SYNC_OP_STATE_INVALID: disallowed by settings/network
07-16 13:55:30.430 30841 22049 E Cello   : [22049:NonCelloThread] item_query_handler.cc:78:CheckQueryAgainstInternalItemLocalProperty Querying on internal item local property key: pinned
07-16 13:55:30.446 30841 22098 E Cello   : [22098:NonCelloThread] item_query_handler.cc:78:CheckQueryAgainstInternalItemLocalProperty Querying on internal item local property key: pinned
07-16 13:55:30.446  1836  3710 E SyncManager: SYNC_OP_STATE_INVALID: disallowed by settings/network
07-16 13:55:30.460 30841  1585 E Cello   : [1585:NonCelloThread] item_query_handler.cc:78:CheckQueryAgainstInternalItemLocalProperty Querying on internal item local property key: pinned
07-16 13:55:30.479 30841 31699 E Cello   : [31699:NonCelloThread] item_query_handler.cc:78:CheckQueryAgainstInternalItemLocalProperty Querying on internal item local property key: pinned
07-16 13:55:30.480  1836  3710 E SyncManager: SYNC_OP_STATE_INVALID: disallowed by settings/network
07-16 13:55:30.498 30841 22036 E Cello   : [22036:NonCelloThread] item_query_handler.cc:78:CheckQueryAgainstInternalItemLocalProperty Querying on internal item local property key: pinned
07-16 13:55:30.498  1836  3710 E SyncManager: SYNC_OP_STATE_INVALID: disallowed by settings/network
07-16 13:55:30.522  1836  3710 E SyncManager: SYNC_OP_STATE_INVALID: disallowed by settings/network
07-16 13:55:30.787  1836  3763 E ConsumerBase: [ImageReader-806x1795f1m1-1836-408] abandonLocked: ConsumerBase is abandoned!
07-16 13:55:31.318 17830 17855 E AtomicFile: Failed to sync file output stream
07-16 13:55:31.469 30841 22049 E Cello   : [22049:NonCelloThread] item_query_handler.cc:78:CheckQueryAgainstInternalItemLocalProperty Querying on internal item local property key: pinned
07-16 13:55:31.498 30841 30977 E azmr    : RuntimeException while executing runnable idm@93c136c with executor MoreExecutors.directExecutor()
07-16 13:55:31.498 30841 30977 E azmr    : java.lang.NullPointerException: Attempt to invoke virtual method 'int android.app.ApplicationStartInfo.getReason()' on a null object reference
07-16 13:55:31.498 30841 30977 E azmr    : 	at lc$$ExternalSyntheticApiModelOutline1.m(D8$$SyntheticClass:1)
07-16 13:55:31.498 30841 30977 E azmr    : 	at mxk.d(PG:9)
07-16 13:55:31.498 30841 30977 E azmr    : 	at idm.run(PG:149)
07-16 13:55:31.498 30841 30977 E azmr    : 	at azln.execute(PG:1)
07-16 13:55:31.498 30841 30977 E azmr    : 	at azmr.c(PG:7)
07-16 13:55:31.498 30841 30977 E azmr    : 	at mym.b(PG:274)
07-16 13:55:31.498 30841 30977 E azmr    : 	at mym.a(PG:3)
07-16 13:55:31.498 30841 30977 E azmr    : 	at ayhi.e(PG:318)
07-16 13:55:31.498 30841 30977 E azmr    : 	at lqc.run(PG:331)
07-16 13:55:31.498 30841 30977 E azmr    : 	at java.util.concurrent.ThreadPoolExecutor.runWorker(ThreadPoolExecutor.java:1100)
07-16 13:55:31.498 30841 30977 E azmr    : 	at java.util.concurrent.ThreadPoolExecutor$Worker.run(ThreadPoolExecutor.java:624)
07-16 13:55:31.498 30841 30977 E azmr    : 	at java.lang.Thread.run(Thread.java:1571)
07-16 13:55:31.665  1836  5554 E libbinder.IPCThreadState: Binder transaction failure. id: 16163430, cmd: BR_DEAD_REPLY (29189), error: -3 (No such process)
07-16 13:55:31.729  1836  1923 E system_server: updateValue is called with a value 2065845, which is lower than the previous value 2379011
07-16 13:55:31.729  1836  1923 E system_server: updateValue is called with a value 2735094, which is lower than the previous value 3554303
07-16 13:55:31.729  1836  1923 E system_server: updateValue is called with a value 132592, which is lower than the previous value 141801
07-16 13:55:31.730  1836  1923 E system_server: updateValue is called with a value 705671, which is lower than the previous value 705758
07-16 13:55:31.731  1836  1923 E system_server: updateValue is called with a value 27397, which is lower than the previous value 27402
07-16 13:55:31.741  1836  1923 E system_server: updateValue is called with a value 14708, which is lower than the previous value 14758
07-16 13:55:31.747   829  4231 E powerhal-libperfmgr: Error: shouldn't report duration during pause state.
07-16 13:55:31.767   829  2733 E powerhal-libperfmgr: Error: shouldn't report duration during pause state.
07-16 13:55:31.785 30841 22060 E Cello   : [22060:NonCelloThread] item_query_handler.cc:78:CheckQueryAgainstInternalItemLocalProperty Querying on internal item local property key: pinned
07-16 13:55:31.793   829  2733 E powerhal-libperfmgr: Error: shouldn't report duration during pause state.
07-16 13:55:31.803   829  2733 E powerhal-libperfmgr: Error: shouldn't report duration during pause state.
07-16 13:55:31.808   829  2733 E powerhal-libperfmgr: Error: shouldn't report duration during pause state.
07-16 13:55:31.819  1836  3710 E SyncManager: SYNC_OP_STATE_INVALID: disallowed by settings/network
07-16 13:55:31.822   829  2733 E powerhal-libperfmgr: Error: shouldn't report duration during pause state.
07-16 13:55:31.825 30841 31281 E Cello   : [31281:NonCelloThread] item_query_handler.cc:78:CheckQueryAgainstInternalItemLocalProperty Querying on internal item local property key: pinned
07-16 13:55:31.831   829  2733 E powerhal-libperfmgr: Error: shouldn't report duration during pause state.
07-16 13:55:31.849  1836  5554 E ConsumerBase: [ImageReader-806x1795f1m1-1836-409] abandonLocked: ConsumerBase is abandoned!
07-16 13:55:31.868 30841  1671 E Cello   : [1671:NonCelloThread] item_query_handler.cc:78:CheckQueryAgainstInternalItemLocalProperty Querying on internal item local property key: pinned
07-16 13:55:31.890 30841  1687 E Cello   : [1687:NonCelloThread] item_query_handler.cc:78:CheckQueryAgainstInternalItemLocalProperty Querying on internal item local property key: pinned
07-16 13:55:31.891  1836  3710 E SyncManager: SYNC_OP_STATE_INVALID: disallowed by settings/network
07-16 13:55:31.924 30841 22049 E Cello   : [22049:NonCelloThread] item_query_handler.cc:78:CheckQueryAgainstInternalItemLocalProperty Querying on internal item local property key: pinned
07-16 13:55:31.948  1836  3710 E SyncManager: SYNC_OP_STATE_INVALID: disallowed by settings/network
07-16 13:55:31.948 30841 22098 E Cello   : [22098:NonCelloThread] item_query_handler.cc:78:CheckQueryAgainstInternalItemLocalProperty Querying on internal item local property key: pinned
07-16 13:55:31.977 30841  1585 E Cello   : [1585:NonCelloThread] item_query_handler.cc:78:CheckQueryAgainstInternalItemLocalProperty Querying on internal item local property key: pinned
07-16 13:55:31.997 30841 31699 E Cello   : [31699:NonCelloThread] item_query_handler.cc:78:CheckQueryAgainstInternalItemLocalProperty Querying on internal item local property key: pinned
07-16 13:55:31.997  1836  3710 E SyncManager: SYNC_OP_STATE_INVALID: disallowed by settings/network
07-16 13:55:32.012 30841 22036 E Cello   : [22036:NonCelloThread] item_query_handler.cc:78:CheckQueryAgainstInternalItemLocalProperty Querying on internal item local property key: pinned
07-16 13:55:32.014  1836  3710 E SyncManager: SYNC_OP_STATE_INVALID: disallowed by settings/network
07-16 13:55:32.024  1836  3710 E SyncManager: SYNC_OP_STATE_INVALID: disallowed by settings/network
07-16 13:55:32.143 17830 17830 E cr_CompositorSurfaceMgr: surfaceDestroyed format : -3
07-16 13:55:32.200  1836  3763 E ConsumerBase: [ImageReader-806x1795f1m1-1836-410] abandonLocked: ConsumerBase is abandoned!
07-16 13:55:32.923  1148  3775 E WifiHAL : Creating message to get cached scan results
07-16 13:55:33.833 30841  1687 E Cello   : [1687:NonCelloThread] item_query_handler.cc:78:CheckQueryAgainstInternalItemLocalProperty Querying on internal item local property key: pinned
07-16 13:55:35.238 30841 30977 E azmr    : RuntimeException while executing runnable idm@8c9ef26 with executor MoreExecutors.directExecutor()
07-16 13:55:35.238 30841 30977 E azmr    : java.lang.NullPointerException: Attempt to invoke virtual method 'int android.app.ApplicationStartInfo.getReason()' on a null object reference
07-16 13:55:35.238 30841 30977 E azmr    : 	at lc$$ExternalSyntheticApiModelOutline1.m(D8$$SyntheticClass:1)
07-16 13:55:35.238 30841 30977 E azmr    : 	at mxk.d(PG:9)
07-16 13:55:35.238 30841 30977 E azmr    : 	at idm.run(PG:149)
07-16 13:55:35.238 30841 30977 E azmr    : 	at azln.execute(PG:1)
07-16 13:55:35.238 30841 30977 E azmr    : 	at azmr.c(PG:7)
07-16 13:55:35.238 30841 30977 E azmr    : 	at mym.b(PG:274)
07-16 13:55:35.238 30841 30977 E azmr    : 	at mym.a(PG:3)
07-16 13:55:35.238 30841 30977 E azmr    : 	at ayhi.e(PG:318)
07-16 13:55:35.238 30841 30977 E azmr    : 	at lqc.run(PG:331)
07-16 13:55:35.238 30841 30977 E azmr    : 	at java.util.concurrent.ThreadPoolExecutor.runWorker(ThreadPoolExecutor.java:1100)
07-16 13:55:35.238 30841 30977 E azmr    : 	at java.util.concurrent.ThreadPoolExecutor$Worker.run(ThreadPoolExecutor.java:624)
07-16 13:55:35.238 30841 30977 E azmr    : 	at java.lang.Thread.run(Thread.java:1571)
07-16 13:55:35.408  2754  3267 E Cello   : [3267:NonCelloThread] authenticated_transport.cc:182:DumpToLog Request 0xb40000783410f4d8: 0 transport: UNAVAILABLE: From legacy status [type.googleapis.com/drive.ds.Status='UNAVAILABLE_WHILE_OFFLINE']
07-16 13:55:35.408  2754  3267 E Cello   : === Source Location Trace: ===
07-16 13:55:35.408  2754  3267 E Cello   : java/com/google/android/libraries/drive/core/impl/cello/jni/http_transport.cc:63
07-16 13:55:35.408  2754  3267 E Cello   :  reader: OK url: https://play.googleapis.com/log
07-16 13:55:35.409  2754  3267 E Cello   : [3267:NonCelloThread] authenticated_transport.cc:182:DumpToLog req.hdr 0xb40000783410f4d8: Content-Type=
07-16 13:55:35.409  2754  3267 E Cello   : [3267:NonCelloThread] authenticated_transport.cc:182:DumpToLog Response body 0xb40000783410f4d8: (no response body)
07-16 13:55:35.409  2754  3270 E Cello   : [3270:MetricsTransportThread-CELLO] metrics_transport.cc:237:SendRequest Request failed: drive::ds::Status::UNAVAILABLE_WHILE_OFFLINE
07-16 13:55:35.411  2754  3153 E Cello   : [3153:NonCelloThread] authenticated_transport.cc:182:DumpToLog Request 0xb400007834105978: 0 transport: UNAVAILABLE: From legacy status [type.googleapis.com/drive.ds.Status='UNAVAILABLE_WHILE_OFFLINE']
07-16 13:55:35.411  2754  3153 E Cello   : === Source Location Trace: ===
07-16 13:55:35.411  2754  3153 E Cello   : java/com/google/android/libraries/drive/core/impl/cello/jni/http_transport.cc:63
07-16 13:55:35.411  2754  3153 E Cello   :  reader: OK url: https://play.googleapis.com/log
07-16 13:55:35.411  2754  3153 E Cello   : [3153:NonCelloThread] authenticated_transport.cc:182:DumpToLog req.hdr 0xb400007834105978: Content-Type=
07-16 13:55:35.411  2754  3153 E Cello   : [3153:NonCelloThread] authenticated_transport.cc:182:DumpToLog Response body 0xb400007834105978: (no response body)
07-16 13:55:35.411  2754  3155 E Cello   : [3155:MetricsTransportThread-CELLO] metrics_transport.cc:237:SendRequest Request failed: drive::ds::Status::UNAVAILABLE_WHILE_OFFLINE
07-16 13:55:35.416  2754  3020 E Cello   : [3020:NonCelloThread] authenticated_transport.cc:182:DumpToLog Request 0xb40000783411c058: 0 transport: UNAVAILABLE: From legacy status [type.googleapis.com/drive.ds.Status='UNAVAILABLE_WHILE_OFFLINE']
07-16 13:55:35.416  2754  3020 E Cello   : === Source Location Trace: ===
07-16 13:55:35.416  2754  3020 E Cello   : java/com/google/android/libraries/drive/core/impl/cello/jni/http_transport.cc:63
07-16 13:55:35.416  2754  3020 E Cello   :  reader: OK url: https://play.googleapis.com/log
07-16 13:55:35.416  2754  3020 E Cello   : [3020:NonCelloThread] authenticated_transport.cc:182:DumpToLog req.hdr 0xb40000783411c058: Content-Type=
07-16 13:55:35.416  2754  3020 E Cello   : [3020:NonCelloThread] authenticated_transport.cc:182:DumpToLog Response body 0xb40000783411c058: (no response body)
07-16 13:55:35.417  2754  3023 E Cello   : [3023:MetricsTransportThread-CELLO] metrics_transport.cc:237:SendRequest Request failed: drive::ds::Status::UNAVAILABLE_WHILE_OFFLINE
07-16 13:55:35.418  2754  2891 E Cello   : [2891:NonCelloThread] authenticated_transport.cc:182:DumpToLog Request 0xb4000078340eab18: 0 transport: UNAVAILABLE: From legacy status [type.googleapis.com/drive.ds.Status='UNAVAILABLE_WHILE_OFFLINE']
07-16 13:55:35.418  2754  2891 E Cello   : === Source Location Trace: ===
07-16 13:55:35.418  2754  2891 E Cello   : java/com/google/android/libraries/drive/core/impl/cello/jni/http_transport.cc:63
07-16 13:55:35.418  2754  2891 E Cello   :  reader: OK url: https://play.googleapis.com/log
07-16 13:55:35.418  2754  2891 E Cello   : [2891:NonCelloThread] authenticated_transport.cc:182:DumpToLog req.hdr 0xb4000078340eab18: Content-Type=
07-16 13:55:35.418  2754  2891 E Cello   : [2891:NonCelloThread] authenticated_transport.cc:182:DumpToLog Response body 0xb4000078340eab18: (no response body)
07-16 13:55:35.418  2754  2892 E Cello   : [2892:NonCelloThread] authenticated_transport.cc:182:DumpToLog Request 0xb40000783411b978: 0 transport: UNAVAILABLE: From legacy status [type.googleapis.com/drive.ds.Status='UNAVAILABLE_WHILE_OFFLINE']
07-16 13:55:35.418  2754  2892 E Cello   : === Source Location Trace: ===
07-16 13:55:35.418  2754  2892 E Cello   : java/com/google/android/libraries/drive/core/impl/cello/jni/http_transport.cc:63
07-16 13:55:35.418  2754  2892 E Cello   :  reader: OK url: https://play.googleapis.com/log
07-16 13:55:35.418  2754  2892 E Cello   : [2892:NonCelloThread] authenticated_transport.cc:182:DumpToLog req.hdr 0xb40000783411b978: Content-Type=
07-16 13:55:35.418  2754  2917 E Cello   : [2917:MetricsTransportThread-CELLO] metrics_transport.cc:237:SendRequest Request failed: drive::ds::Status::UNAVAILABLE_WHILE_OFFLINE
07-16 13:55:35.418  2754  3334 E Cello   : [3334:NonCelloThread] authenticated_transport.cc:182:DumpToLog Request 0xb4000078340f4518: 0 transport: UNAVAILABLE: From legacy status [type.googleapis.com/drive.ds.Status='UNAVAILABLE_WHILE_OFFLINE']
07-16 13:55:35.418  2754  3334 E Cello   : === Source Location Trace: ===
07-16 13:55:35.418  2754  3334 E Cello   : java/com/google/android/libraries/drive/core/impl/cello/jni/http_transport.cc:63
07-16 13:55:35.418  2754  3334 E Cello   :  reader: OK url: https://play.googleapis.com/log
07-16 13:55:35.418  2754  3334 E Cello   : [3334:NonCelloThread] authenticated_transport.cc:182:DumpToLog req.hdr 0xb4000078340f4518: Content-Type=
07-16 13:55:35.418  2754  3334 E Cello   : [3334:NonCelloThread] authenticated_transport.cc:182:DumpToLog Response body 0xb4000078340f4518: (no response body)
07-16 13:55:35.420  2754  3246 E Cello   : [3246:NonCelloThread] authenticated_transport.cc:182:DumpToLog Request 0xb400007834105ef8: 0 transport: UNAVAILABLE: From legacy status [type.googleapis.com/drive.ds.Status='UNAVAILABLE_WHILE_OFFLINE']
07-16 13:55:35.420  2754  3246 E Cello   : === Source Location Trace: ===
07-16 13:55:35.420  2754  3246 E Cello   : java/com/google/android/libraries/drive/core/impl/cello/jni/http_transport.cc:63
07-16 13:55:35.420  2754  3246 E Cello   :  reader: OK url: https://play.googleapis.com/log
07-16 13:55:35.420  2754  3356 E Cello   : [3356:MetricsTransportThread-CELLO] metrics_transport.cc:237:SendRequest Request failed: drive::ds::Status::UNAVAILABLE_WHILE_OFFLINE
07-16 13:55:35.420  2754  3246 E Cello   : [3246:NonCelloThread] authenticated_transport.cc:182:DumpToLog req.hdr 0xb400007834105ef8: Content-Type=
07-16 13:55:35.420  2754  3246 E Cello   : [3246:NonCelloThread] authenticated_transport.cc:182:DumpToLog Response body 0xb400007834105ef8: (no response body)
07-16 13:55:35.420  2754  3248 E Cello   : [3248:MetricsTransportThread-CELLO] metrics_transport.cc:237:SendRequest Request failed: drive::ds::Status::UNAVAILABLE_WHILE_OFFLINE
07-16 13:55:35.422  2754  3194 E Cello   : [3194:NonCelloThread] authenticated_transport.cc:182:DumpToLog Request 0xb4000078340ec3d8: 0 transport: UNAVAILABLE: From legacy status [type.googleapis.com/drive.ds.Status='UNAVAILABLE_WHILE_OFFLINE']
07-16 13:55:35.422  2754  3194 E Cello   : === Source Location Trace: ===
07-16 13:55:35.422  2754  3194 E Cello   : java/com/google/android/libraries/drive/core/impl/cello/jni/http_transport.cc:63
07-16 13:55:35.422  2754  3194 E Cello   :  reader: OK url: https://play.googleapis.com/log
07-16 13:55:35.422  2754  3194 E Cello   : [3194:NonCelloThread] authenticated_transport.cc:182:DumpToLog req.hdr 0xb4000078340ec3d8: Content-Type=
07-16 13:55:35.422  2754  3194 E Cello   : [3194:NonCelloThread] authenticated_transport.cc:182:DumpToLog Response body 0xb4000078340ec3d8: (no response body)
07-16 13:55:35.422  2754  3062 E Cello   : [3062:NonCelloThread] authenticated_transport.cc:182:DumpToLog Request 0xb4000078340ea438: 0 transport: UNAVAILABLE: From legacy status [type.googleapis.com/drive.ds.Status='UNAVAILABLE_WHILE_OFFLINE']
07-16 13:55:35.422  2754  3062 E Cello   : === Source Location Trace: ===
07-16 13:55:35.422  2754  3062 E Cello   : java/com/google/android/libraries/drive/core/impl/cello/jni/http_transport.cc:63
07-16 13:55:35.422  2754  3062 E Cello   :  reader: OK url: https://play.googleapis.com/log
07-16 13:55:35.422  2754  3197 E Cello   : [3197:MetricsTransportThread-CELLO] metrics_transport.cc:237:SendRequest Request failed: drive::ds::Status::UNAVAILABLE_WHILE_OFFLINE
07-16 13:55:35.422  2754  3062 E Cello   : [3062:NonCelloThread] authenticated_transport.cc:182:DumpToLog req.hdr 0xb4000078340ea438: Content-Type=
07-16 13:55:35.422  2754  3062 E Cello   : [3062:NonCelloThread] authenticated_transport.cc:182:DumpToLog Response body 0xb4000078340ea438: (no response body)
07-16 13:55:35.422  2754  3064 E Cello   : [3064:MetricsTransportThread-CELLO] metrics_transport.cc:237:SendRequest Request failed: drive::ds::Status::UNAVAILABLE_WHILE_OFFLINE
07-16 13:55:35.423  2754  2892 E Cello   : [2892:NonCelloThread] authenticated_transport.cc:182:DumpToLog Response body 0xb40000783411b978: (no response body)
07-16 13:55:35.423  2754  2919 E Cello   : [2919:MetricsTransportThread-CELLO] metrics_transport.cc:237:SendRequest Request failed: drive::ds::Status::UNAVAILABLE_WHILE_OFFLINE
07-16 13:55:35.860  2754  3246 E Cello   : [3246:NonCelloThread] authenticated_transport.cc:182:DumpToLog Request 0xb4000078340fe1d8: 0 transport: UNAVAILABLE: From legacy status [type.googleapis.com/drive.ds.Status='UNAVAILABLE_WHILE_OFFLINE']
07-16 13:55:35.860  2754  3246 E Cello   : === Source Location Trace: ===
07-16 13:55:35.860  2754  3246 E Cello   : java/com/google/android/libraries/drive/core/impl/cello/jni/http_transport.cc:63
07-16 13:55:35.860  2754  3246 E Cello   :  reader: OK url: https://drivefrontend-pa.googleapis.com/v1/items:get
07-16 13:55:35.861  2754  3246 E Cello   : [3246:NonCelloThread] authenticated_transport.cc:182:DumpToLog req.hdr 0xb4000078340fe1d8: Content-Type=application/x-protobuf
07-16 13:55:35.866  2754  3246 E Cello   : [3246:NonCelloThread] authenticated_transport.cc:182:DumpToLog req.hdr 0xb4000078340fe1d8: X-Goog-FieldMask=responses(status,item(etag,workspace_id,has_thumbnail,thumbnail_version,recency_date_millis,passively_subscribed,externality_state,inheritance_broken,last_modifying_agent(agent_id),title,resource_key,primary_sync_parent,trashed,readers_can_see_comments,primary_domain_name,shared_with_me_date_millis,permission_summary(visibility.type),head_revision_id,owned_by_me,organization_display_name,capabilities(can_block_owner,can_read,can_change_permission_expiration,can_manage_members,can_copy,can_delete_children,can_remove_children,can_add_children,can_edit,can_add_my_drive_parent,can_list_children,can_trash_children,can_change_security_update_enabled,can_rename,can_read_team_drive,can_untrash,can_share,can_read_category_metadata,can_move_children_within_drive,can_modify_content,can_manage_visitors,can_share_child_files,can_move_children_out_of_team_drive,can_accept_ownership,can_share_child_folders,can_copy_n
07-16 13:55:35.867  2754  3246 E Cello   : [3246:NonCelloThread] authenticated_transport.cc:182:DumpToLog req.hdr 0xb4000078340fe1d8: x-goog-ext-472780938-bin=Cg0IoQtCAEgBYgIIA2gB
07-16 13:55:35.867  2754  3246 E Cello   : [3246:NonCelloThread] authenticated_transport.cc:182:DumpToLog Response body 0xb4000078340fe1d8: (no response body)
07-16 13:55:35.868  2754  3246 E Cello   : [3246:NonCelloThread] item_query_handler.cc:1193:OnCloudByIdQuery Failed to get items from the cloud: MessageLite at 0xb4000079041018e0
07-16 13:55:35.886  2754 22277 E CelloEntryLoaderImpl: Error retrieving drive file from ResourceSpec[AccountId_b2b8a640, 13tuO3u2XqQjZCtARNl-HwZb6wnsG3OpUwVtB7p-iQhI, key absent]. Reason 1441
07-16 13:55:35.886  2754 22277 E CelloEntryLoaderImpl: stm: Cello error 2. Network error Cleared request. Failed task: getFiles_166211389(FindByIdsRequest={"id": ["13tuO3u2XqQjZCtARNl-HwZb6wnsG3OpUwVtB7p-iQhI"],"requestDescriptor": {"reason": 1441}},fetchedCloud=true)
07-16 13:55:35.886  2754 22277 E CelloEntryLoaderImpl: 	at tjl.a(PG:19)
07-16 13:55:35.886  2754 22277 E CelloEntryLoaderImpl: 	at tju.d(PG:71)
07-16 13:55:35.886  2754 22277 E CelloEntryLoaderImpl: 	at tmf.h(PG:87)
07-16 13:55:35.886  2754 22277 E CelloEntryLoaderImpl: 	at tma.a(PG:21)
07-16 13:55:35.886  2754 22277 E CelloEntryLoaderImpl: 	at com.google.android.libraries.drive.core.impl.cello.jni.SlimJni__Cello_ItemQueryCallback.call(PG:40)
07-16 13:55:35.886  2754 22277 E CelloEntryLoaderImpl: 	at com.google.android.libraries.drive.core.impl.cello.jni.SlimJni__PlatformDelegate_Task.native_run(Native Method)
07-16 13:55:35.886  2754 22277 E CelloEntryLoaderImpl: 	at com.google.android.libraries.drive.core.impl.cello.jni.SlimJni__PlatformDelegate_Task.run(PG:10)
07-16 13:55:35.886  2754 22277 E CelloEntryLoaderImpl: 	at ppl.run(PG:870)
07-16 13:55:35.886  2754 22277 E CelloEntryLoaderImpl: 	at java.util.concurrent.Executors$RunnableAdapter.call(Executors.java:520)
07-16 13:55:35.886  2754 22277 E CelloEntryLoaderImpl: 	at aegz.a(PG:3)
07-16 13:55:35.886  2754 22277 E CelloEntryLoaderImpl: 	at aegg.run(PG:19)
07-16 13:55:35.886  2754 22277 E CelloEntryLoaderImpl: 	at aeha.run(PG:5)
07-16 13:55:35.886  2754 22277 E CelloEntryLoaderImpl: 	at java.util.concurrent.Executors$RunnableAdapter.call(Executors.java:520)
07-16 13:55:35.886  2754 22277 E CelloEntryLoaderImpl: 	at java.util.concurrent.FutureTask.run(FutureTask.java:328)
07-16 13:55:35.886  2754 22277 E CelloEntryLoaderImpl: 	at java.util.concurrent.ScheduledThreadPoolExecutor$ScheduledFutureTask.run(ScheduledThreadPoolExecutor.java:323)
07-16 13:55:35.886  2754 22277 E CelloEntryLoaderImpl: 	at java.util.concurrent.ThreadPoolExecutor.runWorker(ThreadPoolExecutor.java:1100)
07-16 13:55:35.886  2754 22277 E CelloEntryLoaderImpl: 	at java.util.concurrent.ThreadPoolExecutor$Worker.run(ThreadPoolExecutor.java:624)
07-16 13:55:35.886  2754 22277 E CelloEntryLoaderImpl: 	at java.lang.Thread.run(Thread.java:1571)
07-16 13:55:35.886  2754 22277 E CelloEntryLoaderImpl: 	at swi.run(PG:6)
07-16 13:55:35.903  2754  3246 E Cello   : [3246:NonCelloThread] authenticated_transport.cc:182:DumpToLog Request 0xb4000078340f4bf8: 0 transport: UNAVAILABLE: From legacy status [type.googleapis.com/drive.ds.Status='UNAVAILABLE_WHILE_OFFLINE']
07-16 13:55:35.903  2754  3246 E Cello   : === Source Location Trace: ===
07-16 13:55:35.903  2754  3246 E Cello   : java/com/google/android/libraries/drive/core/impl/cello/jni/http_transport.cc:63
07-16 13:55:35.903  2754  3246 E Cello   :  reader: OK url: https://drivefrontend-pa.googleapis.com/v1/items:get
07-16 13:55:35.903  2754  3246 E Cello   : [3246:NonCelloThread] authenticated_transport.cc:182:DumpToLog req.hdr 0xb4000078340f4bf8: Content-Type=application/x-protobuf
07-16 13:55:35.904  2754  3246 E Cello   : [3246:NonCelloThread] authenticated_transport.cc:182:DumpToLog req.hdr 0xb4000078340f4bf8: X-Goog-FieldMask=responses(status,item(trashed,md5_checksum,recency_date_reason,viewed,folder_color,applied_labels,last_viewed_by_me_date_millis,creator_agent(agent_id),abuse_notice_reason,id,has_own_permissions,owned_by_me,resource_key,mime_type,externality_state,file_size,has_visitor_permissions,creator_app_id,subscribed,owner(focus_user_id,email_from_account,organization_display_name),create_date_millis,abuse_is_appealable,contains_unsubscribed_children,team_drive_id,open_with_links,approval_summaries,readers_can_see_comments,primary_domain_name,folder_features,default_open_with_link,folder_color_rgb,workspace_id,explicitly_trashed,single_parent_id,customer_id,sharing_agent(agent_id),has_thumbnail,recency_date_millis,ancestor_has_own_permissions,modified_by_me_date_millis,quota_bytes_used,starred,client_encryption_details(decryption_metadata.aes_256_gcm_chunk_size,decryption_metadata.kacls_id,decryption_metadata.key
07-16 13:55:35.904  2754  3246 E Cello   : [3246:NonCelloThread] authenticated_transport.cc:182:DumpToLog req.hdr 0xb4000078340f4bf8: x-goog-ext-472780938-bin=Cg0IoQtCAEgBYgIIA2gB
07-16 13:55:35.904  2754  3246 E Cello   : [3246:NonCelloThread] authenticated_transport.cc:182:DumpToLog Response body 0xb4000078340f4bf8: (no response body)
07-16 13:55:35.904  2754  3246 E Cello   : [3246:NonCelloThread] item_query_handler.cc:1193:OnCloudByIdQuery Failed to get items from the cloud: MessageLite at 0xb4000079040fece0
07-16 13:55:35.912  2754 22277 E CelloEntryLoaderImpl: Error retrieving drive file from ResourceSpec[AccountId_b2b8a640, 1Tqbr_oZCQdWng0Ai0Am7Qst83Jwm56QkjZKtb4CTaxA, key absent]. Reason 1441
07-16 13:55:35.912  2754 22277 E CelloEntryLoaderImpl: stm: Cello error 2. Network error Cleared request. Failed task: getFiles_163834063(FindByIdsRequest={"id": ["1Tqbr_oZCQdWng0Ai0Am7Qst83Jwm56QkjZKtb4CTaxA"],"requestDescriptor": {"reason": 1441}},fetchedCloud=true)
07-16 13:55:35.912  2754 22277 E CelloEntryLoaderImpl: 	at tjl.a(PG:19)
07-16 13:55:35.912  2754 22277 E CelloEntryLoaderImpl: 	at tju.d(PG:71)
07-16 13:55:35.912  2754 22277 E CelloEntryLoaderImpl: 	at tmf.h(PG:87)
07-16 13:55:35.912  2754 22277 E CelloEntryLoaderImpl: 	at tma.a(PG:21)
07-16 13:55:35.912  2754 22277 E CelloEntryLoaderImpl: 	at com.google.android.libraries.drive.core.impl.cello.jni.SlimJni__Cello_ItemQueryCallback.call(PG:40)
07-16 13:55:35.912  2754 22277 E CelloEntryLoaderImpl: 	at com.google.android.libraries.drive.core.impl.cello.jni.SlimJni__PlatformDelegate_Task.native_run(Native Method)
07-16 13:55:35.912  2754 22277 E CelloEntryLoaderImpl: 	at com.google.android.libraries.drive.core.impl.cello.jni.SlimJni__PlatformDelegate_Task.run(PG:10)
07-16 13:55:35.912  2754 22277 E CelloEntryLoaderImpl: 	at ppl.run(PG:870)
07-16 13:55:35.912  2754 22277 E CelloEntryLoaderImpl: 	at java.util.concurrent.Executors$RunnableAdapter.call(Executors.java:520)
07-16 13:55:35.912  2754 22277 E CelloEntryLoaderImpl: 	at aegz.a(PG:3)
07-16 13:55:35.912  2754 22277 E CelloEntryLoaderImpl: 	at aegg.run(PG:19)
07-16 13:55:35.912  2754 22277 E CelloEntryLoaderImpl: 	at aeha.run(PG:5)
07-16 13:55:35.912  2754 22277 E CelloEntryLoaderImpl: 	at java.util.concurrent.Executors$RunnableAdapter.call(Executors.java:520)
07-16 13:55:35.912  2754 22277 E CelloEntryLoaderImpl: 	at java.util.concurrent.FutureTask.run(FutureTask.java:328)
07-16 13:55:35.912  2754 22277 E CelloEntryLoaderImpl: 	at java.util.concurrent.ScheduledThreadPoolExecutor$ScheduledFutureTask.run(ScheduledThreadPoolExecutor.java:323)
07-16 13:55:35.912  2754 22277 E CelloEntryLoaderImpl: 	at java.util.concurrent.ThreadPoolExecutor.runWorker(ThreadPoolExecutor.java:1100)
07-16 13:55:35.912  2754 22277 E CelloEntryLoaderImpl: 	at java.util.concurrent.ThreadPoolExecutor$Worker.run(ThreadPoolExecutor.java:624)
07-16 13:55:35.912  2754 22277 E CelloEntryLoaderImpl: 	at java.lang.Thread.run(Thread.java:1571)
07-16 13:55:35.912  2754 22277 E CelloEntryLoaderImpl: 	at swi.run(PG:6)
07-16 13:55:35.927  2754  3246 E Cello   : [3246:NonCelloThread] authenticated_transport.cc:182:DumpToLog Request 0xb400007834104fd8: 0 transport: UNAVAILABLE: From legacy status [type.googleapis.com/drive.ds.Status='UNAVAILABLE_WHILE_OFFLINE']
07-16 13:55:35.927  2754  3246 E Cello   : === Source Location Trace: ===
07-16 13:55:35.927  2754  3246 E Cello   : java/com/google/android/libraries/drive/core/impl/cello/jni/http_transport.cc:63
07-16 13:55:35.927  2754  3246 E Cello   :  reader: OK url: https://drivefrontend-pa.googleapis.com/v1/items:get
07-16 13:55:35.927  2754  3246 E Cello   : [3246:NonCelloThread] authenticated_transport.cc:182:DumpToLog req.hdr 0xb400007834104fd8: Content-Type=application/x-protobuf
07-16 13:55:35.927  2754  3246 E Cello   : [3246:NonCelloThread] authenticated_transport.cc:182:DumpToLog req.hdr 0xb400007834104fd8: X-Goog-FieldMask=responses(status,item(action_item,permission_summary(visibility.type),workspace_id,primary_sync_parent,readers_can_see_comments,starred,modified_by_me_agent(agent_id),etag,folder_color_rgb,has_thumbnail,applied_labels,resource_key,thumbnail_version,single_parent_id,title,shared,mime_type,folder_features,file_size,default_open_with_link,owner(focus_user_id,email_from_account,organization_display_name),spam_metadata(is_spam,marked_as_spam_date_millis,is_inherited_spam,in_spam_view),sharing_user(focus_user_id,email_from_account),spaces,modified_by_me_date_millis,shortcut_details(target_lookup_status,target_id,target_mime_type,target_resource_key,target_item),owned_by_me,contains_unsubscribed_children,abuse_is_appealable,export_links,inheritance_broken,creator_app_id,recency_date_reason,workbook_details,content_restrictions.read_only,modified_date_millis,create_date_millis,creator_agent(agent_id),has_legac
07-16 13:55:35.927  2754  3246 E Cello   : [3246:NonCelloThread] authenticated_transport.cc:182:DumpToLog req.hdr 0xb400007834104fd8: x-goog-ext-472780938-bin=Cg0IoQtCAEgBYgIIA2gB
07-16 13:55:35.927  2754  3246 E Cello   : [3246:NonCelloThread] authenticated_transport.cc:182:DumpToLog Response body 0xb400007834104fd8: (no response body)
07-16 13:55:35.932  2754  3246 E Cello   : [3246:NonCelloThread] item_query_handler.cc:1193:OnCloudByIdQuery Failed to get items from the cloud: MessageLite at 0xb4000079041009c0
07-16 13:55:35.936  2754 22277 E CelloEntryLoaderImpl: Error retrieving drive file from ResourceSpec[AccountId_b2b8a640, 1Yzl13-aRJ7XmZqdbYAJNJd_VUUyNQFy24_o6aaVpdF8, key absent]. Reason 1441
07-16 13:55:35.936  2754 22277 E CelloEntryLoaderImpl: stm: Cello error 2. Network error Cleared request. Failed task: getFiles_68657396(FindByIdsRequest={"id": ["1Yzl13-aRJ7XmZqdbYAJNJd_VUUyNQFy24_o6aaVpdF8"],"requestDescriptor": {"reason": 1441}},fetchedCloud=true)
07-16 13:55:35.936  2754 22277 E CelloEntryLoaderImpl: 	at tjl.a(PG:19)
07-16 13:55:35.936  2754 22277 E CelloEntryLoaderImpl: 	at tju.d(PG:71)
07-16 13:55:35.936  2754 22277 E CelloEntryLoaderImpl: 	at tmf.h(PG:87)
07-16 13:55:35.936  2754 22277 E CelloEntryLoaderImpl: 	at tma.a(PG:21)
07-16 13:55:35.936  2754 22277 E CelloEntryLoaderImpl: 	at com.google.android.libraries.drive.core.impl.cello.jni.SlimJni__Cello_ItemQueryCallback.call(PG:40)
07-16 13:55:35.936  2754 22277 E CelloEntryLoaderImpl: 	at com.google.android.libraries.drive.core.impl.cello.jni.SlimJni__PlatformDelegate_Task.native_run(Native Method)
07-16 13:55:35.936  2754 22277 E CelloEntryLoaderImpl: 	at com.google.android.libraries.drive.core.impl.cello.jni.SlimJni__PlatformDelegate_Task.run(PG:10)
07-16 13:55:35.936  2754 22277 E CelloEntryLoaderImpl: 	at ppl.run(PG:870)
07-16 13:55:35.936  2754 22277 E CelloEntryLoaderImpl: 	at java.util.concurrent.Executors$RunnableAdapter.call(Executors.java:520)
07-16 13:55:35.936  2754 22277 E CelloEntryLoaderImpl: 	at aegz.a(PG:3)
07-16 13:55:35.936  2754 22277 E CelloEntryLoaderImpl: 	at aegg.run(PG:19)
07-16 13:55:35.936  2754 22277 E CelloEntryLoaderImpl: 	at aeha.run(PG:5)
07-16 13:55:35.936  2754 22277 E CelloEntryLoaderImpl: 	at java.util.concurrent.Executors$RunnableAdapter.call(Executors.java:520)
07-16 13:55:35.936  2754 22277 E CelloEntryLoaderImpl: 	at java.util.concurrent.FutureTask.run(FutureTask.java:328)
07-16 13:55:35.936  2754 22277 E CelloEntryLoaderImpl: 	at java.util.concurrent.ScheduledThreadPoolExecutor$ScheduledFutureTask.run(ScheduledThreadPoolExecutor.java:323)
07-16 13:55:35.936  2754 22277 E CelloEntryLoaderImpl: 	at java.util.concurrent.ThreadPoolExecutor.runWorker(ThreadPoolExecutor.java:1100)
07-16 13:55:35.936  2754 22277 E CelloEntryLoaderImpl: 	at java.util.concurrent.ThreadPoolExecutor$Worker.run(ThreadPoolExecutor.java:624)
07-16 13:55:35.936  2754 22277 E CelloEntryLoaderImpl: 	at java.lang.Thread.run(Thread.java:1571)
07-16 13:55:35.936  2754 22277 E CelloEntryLoaderImpl: 	at swi.run(PG:6)
07-16 13:55:35.965  2754  3246 E Cello   : [3246:NonCelloThread] authenticated_transport.cc:182:DumpToLog Request 0xb4000078341119f8: 0 transport: UNAVAILABLE: From legacy status [type.googleapis.com/drive.ds.Status='UNAVAILABLE_WHILE_OFFLINE']
07-16 13:55:35.965  2754  3246 E Cello   : === Source Location Trace: ===
07-16 13:55:35.965  2754  3246 E Cello   : java/com/google/android/libraries/drive/core/impl/cello/jni/http_transport.cc:63
07-16 13:55:35.965  2754  3246 E Cello   :  reader: OK url: https://drivefrontend-pa.googleapis.com/v1/items:get
07-16 13:55:35.965  2754  3246 E Cello   : [3246:NonCelloThread] authenticated_transport.cc:182:DumpToLog req.hdr 0xb4000078341119f8: Content-Type=application/x-protobuf
07-16 13:55:35.965  2754  3246 E Cello   : [3246:NonCelloThread] authenticated_transport.cc:182:DumpToLog req.hdr 0xb4000078341119f8: X-Goog-FieldMask=responses(status,item(shared_with_me_date_millis,shortcut_details(target_item,target_mime_type,target_id,target_resource_key,target_lookup_status),etag,alternate_link,inheritance_broken,owner(organization_display_name,email_from_account,focus_user_id),workspace_id,sharing_agent(agent_id),has_visitor_permissions,action_item,primary_domain_name,team_drive_id,resource_key,last_modifying_agent(agent_id),single_parent_id,owned_by_me,applied_labels,customer_id,permission_summary(visibility.type),explicitly_trashed,passively_subscribed,primary_sync_parent,md5_checksum,abuse_is_appealable,parent,export_links,has_own_permissions,modified_by_me_agent(agent_id),ancestor_has_own_permissions,last_modifying_user(focus_user_id,email_from_account),modified_by_me_date_millis,version,has_thumbnail,externality_state,open_with_links,creator_agent(agent_id),starred,shared,title,workbook_details,blocking_detectors,viewed,la
07-16 13:55:35.965  2754  3246 E Cello   : [3246:NonCelloThread] authenticated_transport.cc:182:DumpToLog req.hdr 0xb4000078341119f8: x-goog-ext-472780938-bin=Cg0IoQtCAEgBYgIIA2gB
07-16 13:55:35.965  2754  3246 E Cello   : [3246:NonCelloThread] authenticated_transport.cc:182:DumpToLog Response body 0xb4000078341119f8: (no response body)
07-16 13:55:35.973  2754  3246 E Cello   : [3246:NonCelloThread] item_query_handler.cc:1193:OnCloudByIdQuery Failed to get items from the cloud: MessageLite at 0xb400007904100860
07-16 13:55:35.977  2754 22277 E CelloEntryLoaderImpl: Error retrieving drive file from ResourceSpec[AccountId_b2b8a640, 1hL1sNE8-CepQjd6kOrpwA2TBDPkhSjHqsV_z2mesUFw, key absent]. Reason 1441
07-16 13:55:35.977  2754 22277 E CelloEntryLoaderImpl: stm: Cello error 2. Network error Cleared request. Failed task: getFiles_88682986(FindByIdsRequest={"id": ["1hL1sNE8-CepQjd6kOrpwA2TBDPkhSjHqsV_z2mesUFw"],"requestDescriptor": {"reason": 1441}},fetchedCloud=true)
07-16 13:55:35.977  2754 22277 E CelloEntryLoaderImpl: 	at tjl.a(PG:19)
07-16 13:55:35.977  2754 22277 E CelloEntryLoaderImpl: 	at tju.d(PG:71)
07-16 13:55:35.977  2754 22277 E CelloEntryLoaderImpl: 	at tmf.h(PG:87)
07-16 13:55:35.977  2754 22277 E CelloEntryLoaderImpl: 	at tma.a(PG:21)
07-16 13:55:35.977  2754 22277 E CelloEntryLoaderImpl: 	at com.google.android.libraries.drive.core.impl.cello.jni.SlimJni__Cello_ItemQueryCallback.call(PG:40)
