07-16 13:55:39.910  2754 22277 E CelloEntryLoaderImpl: 	at java.lang.Thread.run(Thread.java:1571)
07-16 13:55:39.910  2754 22277 E CelloEntryLoaderImpl: 	at swi.run(PG:6)
07-16 13:55:39.929  2754  3246 E Cello   : [3246:NonCelloThread] authenticated_transport.cc:182:DumpToLog Request 0xb40000783410d7f8: 0 transport: UNAVAILABLE: From legacy status [type.googleapis.com/drive.ds.Status='UNAVAILABLE_WHILE_OFFLINE']
07-16 13:55:39.929  2754  3246 E Cello   : === Source Location Trace: ===
07-16 13:55:39.929  2754  3246 E Cello   : java/com/google/android/libraries/drive/core/impl/cello/jni/http_transport.cc:63
07-16 13:55:39.929  2754  3246 E Cello   :  reader: OK url: https://drivefrontend-pa.googleapis.com/v1/items:get
07-16 13:55:39.934  2754  3246 E Cello   : [3246:NonCelloThread] authenticated_transport.cc:182:DumpToLog req.hdr 0xb40000783410d7f8: Content-Type=application/x-protobuf
07-16 13:55:39.934  2754  3246 E Cello   : [3246:NonCelloThread] authenticated_transport.cc:182:DumpToLog req.hdr 0xb40000783410d7f8: X-Goog-FieldMask=responses(status,item(id,folder_color,abuse_notice_reason,workbook_details,etag,owned_by_me,recency_date_reason,externality_state,resource_key,workspace_id,open_with_links,applied_labels,team_drive_id,creator_agent(agent_id),blocking_detectors,folder_color_rgb,modified_date_millis,default_open_with_link,folder_features,content_restrictions.read_only,last_modifying_agent(agent_id),modified_by_me_agent(agent_id),trashed_date_millis,export_links,primary_domain_name,create_date_millis,approval_version,inheritance_broken,customer_id,sharing_user(focus_user_id,email_from_account),sharing_agent(agent_id),primary_sync_parent,action_item,quota_bytes_used,spaces,file_size,approval_summaries,title,recency_date_millis,permission_summary(visibility.type),last_viewed_by_me_date_millis,abuse_is_appealable,has_visitor_permissions,creator_app_id,thumbnail_version,owner(email_from_account,organization_display_name,focus
07-16 13:55:39.934  2754  3246 E Cello   : [3246:NonCelloThread] authenticated_transport.cc:182:DumpToLog req.hdr 0xb40000783410d7f8: x-goog-ext-472780938-bin=Cg0IoQtCAEgBYgIIA2gB
07-16 13:55:39.934  2754  3246 E Cello   : [3246:NonCelloThread] authenticated_transport.cc:182:DumpToLog Response body 0xb40000783410d7f8: (no response body)
07-16 13:55:39.949  2754  3246 E Cello   : [3246:NonCelloThread] item_query_handler.cc:1193:OnCloudByIdQuery Failed to get items from the cloud: MessageLite at 0xb4000079040e3640
07-16 13:55:39.961  2754 22277 E CelloEntryLoaderImpl: Error retrieving drive file from ResourceSpec[AccountId_b2b8a640, 1ADkMuFiVB1DLZKkLgJ6DdC-n65J2S3uZwqIawF6Mt2c, key absent]. Reason 1441
07-16 13:55:39.961  2754 22277 E CelloEntryLoaderImpl: stm: Cello error 2. Network error Cleared request. Failed task: getFiles_83579581(FindByIdsRequest={"id": ["1ADkMuFiVB1DLZKkLgJ6DdC-n65J2S3uZwqIawF6Mt2c"],"requestDescriptor": {"reason": 1441}},fetchedCloud=true)
07-16 13:55:39.961  2754 22277 E CelloEntryLoaderImpl: 	at tjl.a(PG:19)
07-16 13:55:39.961  2754 22277 E CelloEntryLoaderImpl: 	at tju.d(PG:71)
07-16 13:55:39.961  2754 22277 E CelloEntryLoaderImpl: 	at tmf.h(PG:87)
07-16 13:55:39.961  2754 22277 E CelloEntryLoaderImpl: 	at tma.a(PG:21)
07-16 13:55:39.961  2754 22277 E CelloEntryLoaderImpl: 	at com.google.android.libraries.drive.core.impl.cello.jni.SlimJni__Cello_ItemQueryCallback.call(PG:40)
07-16 13:55:39.961  2754 22277 E CelloEntryLoaderImpl: 	at com.google.android.libraries.drive.core.impl.cello.jni.SlimJni__PlatformDelegate_Task.native_run(Native Method)
07-16 13:55:39.961  2754 22277 E CelloEntryLoaderImpl: 	at com.google.android.libraries.drive.core.impl.cello.jni.SlimJni__PlatformDelegate_Task.run(PG:10)
07-16 13:55:39.961  2754 22277 E CelloEntryLoaderImpl: 	at ppl.run(PG:870)
07-16 13:55:39.961  2754 22277 E CelloEntryLoaderImpl: 	at java.util.concurrent.Executors$RunnableAdapter.call(Executors.java:520)
07-16 13:55:39.961  2754 22277 E CelloEntryLoaderImpl: 	at aegz.a(PG:3)
07-16 13:55:39.961  2754 22277 E CelloEntryLoaderImpl: 	at aegg.run(PG:19)
07-16 13:55:39.961  2754 22277 E CelloEntryLoaderImpl: 	at aeha.run(PG:5)
07-16 13:55:39.961  2754 22277 E CelloEntryLoaderImpl: 	at java.util.concurrent.Executors$RunnableAdapter.call(Executors.java:520)
07-16 13:55:39.961  2754 22277 E CelloEntryLoaderImpl: 	at java.util.concurrent.FutureTask.run(FutureTask.java:328)
07-16 13:55:39.961  2754 22277 E CelloEntryLoaderImpl: 	at java.util.concurrent.ScheduledThreadPoolExecutor$ScheduledFutureTask.run(ScheduledThreadPoolExecutor.java:323)
07-16 13:55:39.961  2754 22277 E CelloEntryLoaderImpl: 	at java.util.concurrent.ThreadPoolExecutor.runWorker(ThreadPoolExecutor.java:1100)
07-16 13:55:39.961  2754 22277 E CelloEntryLoaderImpl: 	at java.util.concurrent.ThreadPoolExecutor$Worker.run(ThreadPoolExecutor.java:624)
07-16 13:55:39.961  2754 22277 E CelloEntryLoaderImpl: 	at java.lang.Thread.run(Thread.java:1571)
07-16 13:55:39.961  2754 22277 E CelloEntryLoaderImpl: 	at swi.run(PG:6)
07-16 13:55:39.984  2754  3246 E Cello   : [3246:NonCelloThread] authenticated_transport.cc:182:DumpToLog Request 0xb400007834108838: 0 transport: UNAVAILABLE: From legacy status [type.googleapis.com/drive.ds.Status='UNAVAILABLE_WHILE_OFFLINE']
07-16 13:55:39.984  2754  3246 E Cello   : === Source Location Trace: ===
07-16 13:55:39.984  2754  3246 E Cello   : java/com/google/android/libraries/drive/core/impl/cello/jni/http_transport.cc:63
07-16 13:55:39.984  2754  3246 E Cello   :  reader: OK url: https://drivefrontend-pa.googleapis.com/v1/items:get
07-16 13:55:39.984  2754  3246 E Cello   : [3246:NonCelloThread] authenticated_transport.cc:182:DumpToLog req.hdr 0xb400007834108838: Content-Type=application/x-protobuf
07-16 13:55:39.984  2754  3246 E Cello   : [3246:NonCelloThread] authenticated_transport.cc:182:DumpToLog req.hdr 0xb400007834108838: X-Goog-FieldMask=responses(status,item(externality_state,contains_unsubscribed_children,single_parent_id,workbook_details,folder_color_rgb,id,owner(organization_display_name,focus_user_id,email_from_account),creator_agent(agent_id),content_restrictions.read_only,starred,customer_id,viewed,resource_key,modified_by_me_date_millis,creator_app_id,trashed,parent,sharing_agent(agent_id),shared_with_me_date_millis,sharing_user(email_from_account,focus_user_id),primary_domain_name,spam_metadata(is_inherited_spam,marked_as_spam_date_millis,in_spam_view,is_spam),recency_date_reason,inheritance_broken,passively_subscribed,modified_by_me_agent(agent_id),organization_display_name,owned_by_me,approval_summaries,approval_version,blocking_detectors,title,default_open_with_link,spaces,has_own_permissions,alternate_link,ancestor_has_own_permissions,abuse_is_appealable,trashed_date_millis,thumbnail_version,explicitly_trashed,subscribed,s
07-16 13:55:39.985  2754  3246 E Cello   : [3246:NonCelloThread] authenticated_transport.cc:182:DumpToLog req.hdr 0xb400007834108838: x-goog-ext-472780938-bin=Cg0IoQtCAEgBYgIIA2gB
07-16 13:55:39.985  2754  3246 E Cello   : [3246:NonCelloThread] authenticated_transport.cc:182:DumpToLog Response body 0xb400007834108838: (no response body)
07-16 13:55:39.985  2754  3246 E Cello   : [3246:NonCelloThread] item_query_handler.cc:1193:OnCloudByIdQuery Failed to get items from the cloud: MessageLite at 0xb4000079040e1f90
07-16 13:55:39.987  2754 22277 E CelloEntryLoaderImpl: Error retrieving drive file from ResourceSpec[AccountId_b2b8a640, 1SlZOu8WQAU3G_1O4guXREGdPYbl42E80vOK9EGTlfEg, key absent]. Reason 1441
07-16 13:55:39.987  2754 22277 E CelloEntryLoaderImpl: stm: Cello error 2. Network error Cleared request. Failed task: getFiles_247405685(FindByIdsRequest={"id": ["1SlZOu8WQAU3G_1O4guXREGdPYbl42E80vOK9EGTlfEg"],"requestDescriptor": {"reason": 1441}},fetchedCloud=true)
07-16 13:55:39.987  2754 22277 E CelloEntryLoaderImpl: 	at tjl.a(PG:19)
07-16 13:55:39.987  2754 22277 E CelloEntryLoaderImpl: 	at tju.d(PG:71)
07-16 13:55:39.987  2754 22277 E CelloEntryLoaderImpl: 	at tmf.h(PG:87)
07-16 13:55:39.987  2754 22277 E CelloEntryLoaderImpl: 	at tma.a(PG:21)
07-16 13:55:39.987  2754 22277 E CelloEntryLoaderImpl: 	at com.google.android.libraries.drive.core.impl.cello.jni.SlimJni__Cello_ItemQueryCallback.call(PG:40)
07-16 13:55:39.987  2754 22277 E CelloEntryLoaderImpl: 	at com.google.android.libraries.drive.core.impl.cello.jni.SlimJni__PlatformDelegate_Task.native_run(Native Method)
07-16 13:55:39.987  2754 22277 E CelloEntryLoaderImpl: 	at com.google.android.libraries.drive.core.impl.cello.jni.SlimJni__PlatformDelegate_Task.run(PG:10)
07-16 13:55:39.987  2754 22277 E CelloEntryLoaderImpl: 	at ppl.run(PG:870)
07-16 13:55:39.987  2754 22277 E CelloEntryLoaderImpl: 	at java.util.concurrent.Executors$RunnableAdapter.call(Executors.java:520)
07-16 13:55:39.987  2754 22277 E CelloEntryLoaderImpl: 	at aegz.a(PG:3)
07-16 13:55:39.987  2754 22277 E CelloEntryLoaderImpl: 	at aegg.run(PG:19)
07-16 13:55:39.987  2754 22277 E CelloEntryLoaderImpl: 	at aeha.run(PG:5)
07-16 13:55:39.987  2754 22277 E CelloEntryLoaderImpl: 	at java.util.concurrent.Executors$RunnableAdapter.call(Executors.java:520)
07-16 13:55:39.987  2754 22277 E CelloEntryLoaderImpl: 	at java.util.concurrent.FutureTask.run(FutureTask.java:328)
07-16 13:55:39.987  2754 22277 E CelloEntryLoaderImpl: 	at java.util.concurrent.ScheduledThreadPoolExecutor$ScheduledFutureTask.run(ScheduledThreadPoolExecutor.java:323)
07-16 13:55:39.987  2754 22277 E CelloEntryLoaderImpl: 	at java.util.concurrent.ThreadPoolExecutor.runWorker(ThreadPoolExecutor.java:1100)
07-16 13:55:39.987  2754 22277 E CelloEntryLoaderImpl: 	at java.util.concurrent.ThreadPoolExecutor$Worker.run(ThreadPoolExecutor.java:624)
07-16 13:55:39.987  2754 22277 E CelloEntryLoaderImpl: 	at java.lang.Thread.run(Thread.java:1571)
07-16 13:55:39.987  2754 22277 E CelloEntryLoaderImpl: 	at swi.run(PG:6)
07-16 13:55:41.058  1836  4232 E system_server: No package ID 7f found for resource ID 0x7f16000e.
07-16 13:55:41.148  2772  2772 E .apps.nbu.files: Invalid resource ID 0x00000000.
07-16 13:55:41.282  2754  3246 E Cello   : [3246:NonCelloThread] authenticated_transport.cc:182:DumpToLog Request 0xb4000078341192f8: 0 transport: UNAVAILABLE: From legacy status [type.googleapis.com/drive.ds.Status='UNAVAILABLE_WHILE_OFFLINE']
07-16 13:55:41.282  2754  3246 E Cello   : === Source Location Trace: ===
07-16 13:55:41.282  2754  3246 E Cello   : java/com/google/android/libraries/drive/core/impl/cello/jni/http_transport.cc:63
07-16 13:55:41.282  2754  3246 E Cello   :  reader: OK url: https://drivefrontend-pa.googleapis.com/v1/items:get
07-16 13:55:41.282  2754  3246 E Cello   : [3246:NonCelloThread] authenticated_transport.cc:182:DumpToLog req.hdr 0xb4000078341192f8: Content-Type=application/x-protobuf
07-16 13:55:41.282  2754  3246 E Cello   : [3246:NonCelloThread] authenticated_transport.cc:182:DumpToLog req.hdr 0xb4000078341192f8: X-Goog-FieldMask=responses(status,item(quota_bytes_used,file_size,inheritance_broken,version,create_date_millis,team_drive_id,primary_domain_name,shortcut_details(target_item,target_id,target_mime_type,target_resource_key,target_lookup_status),viewed,customer_id,resource_key,sharing_agent(agent_id),modified_by_me_agent(agent_id),last_modifying_user(focus_user_id,email_from_account),has_legacy_blob_comments,owned_by_me,recency_date_millis,blocking_detectors,sharing_user(email_from_account,focus_user_id),applied_labels,readers_can_see_comments,head_revision_id,modified_by_me_date_millis,abuse_notice_reason,alternate_link,trashed_date_millis,recency_date_reason,etag,open_with_links,subscribed,last_modifying_agent(agent_id),has_visitor_permissions,approval_summaries,externality_state,mime_type,creator_agent(agent_id),single_parent_id,modified_date_millis,owner(email_from_account,organization_display_name,focus_user_id),fol
07-16 13:55:41.282  2754  3246 E Cello   : [3246:NonCelloThread] authenticated_transport.cc:182:DumpToLog req.hdr 0xb4000078341192f8: x-goog-ext-472780938-bin=Cg0IoQtCAEgBYgIIA2gB
07-16 13:55:41.282  2754  3246 E Cello   : [3246:NonCelloThread] authenticated_transport.cc:182:DumpToLog Response body 0xb4000078341192f8: (no response body)
07-16 13:55:41.287  2754  3246 E Cello   : [3246:NonCelloThread] item_query_handler.cc:1193:OnCloudByIdQuery Failed to get items from the cloud: MessageLite at 0xb4000079040dd810
07-16 13:55:41.291  2754 22277 E CelloEntryLoaderImpl: Error retrieving drive file from ResourceSpec[AccountId_b2b8a640, 1Zy4f7UbsE-gec0ikEthsO83dIoGk3Av5lfCS84pfNDo, key absent]. Reason 1441
07-16 13:55:41.291  2754 22277 E CelloEntryLoaderImpl: stm: Cello error 2. Network error Cleared request. Failed task: getFiles_18212918(FindByIdsRequest={"id": ["1Zy4f7UbsE-gec0ikEthsO83dIoGk3Av5lfCS84pfNDo"],"requestDescriptor": {"reason": 1441}},fetchedCloud=true)
07-16 13:55:41.291  2754 22277 E CelloEntryLoaderImpl: 	at tjl.a(PG:19)
07-16 13:55:41.291  2754 22277 E CelloEntryLoaderImpl: 	at tju.d(PG:71)
07-16 13:55:41.291  2754 22277 E CelloEntryLoaderImpl: 	at tmf.h(PG:87)
07-16 13:55:41.291  2754 22277 E CelloEntryLoaderImpl: 	at tma.a(PG:21)
07-16 13:55:41.291  2754 22277 E CelloEntryLoaderImpl: 	at com.google.android.libraries.drive.core.impl.cello.jni.SlimJni__Cello_ItemQueryCallback.call(PG:40)
07-16 13:55:41.291  2754 22277 E CelloEntryLoaderImpl: 	at com.google.android.libraries.drive.core.impl.cello.jni.SlimJni__PlatformDelegate_Task.native_run(Native Method)
07-16 13:55:41.291  2754 22277 E CelloEntryLoaderImpl: 	at com.google.android.libraries.drive.core.impl.cello.jni.SlimJni__PlatformDelegate_Task.run(PG:10)
07-16 13:55:41.291  2754 22277 E CelloEntryLoaderImpl: 	at ppl.run(PG:870)
07-16 13:55:41.291  2754 22277 E CelloEntryLoaderImpl: 	at java.util.concurrent.Executors$RunnableAdapter.call(Executors.java:520)
07-16 13:55:41.291  2754 22277 E CelloEntryLoaderImpl: 	at aegz.a(PG:3)
07-16 13:55:41.291  2754 22277 E CelloEntryLoaderImpl: 	at aegg.run(PG:19)
07-16 13:55:41.291  2754 22277 E CelloEntryLoaderImpl: 	at aeha.run(PG:5)
07-16 13:55:41.291  2754 22277 E CelloEntryLoaderImpl: 	at java.util.concurrent.Executors$RunnableAdapter.call(Executors.java:520)
07-16 13:55:41.291  2754 22277 E CelloEntryLoaderImpl: 	at java.util.concurrent.FutureTask.run(FutureTask.java:328)
07-16 13:55:41.291  2754 22277 E CelloEntryLoaderImpl: 	at java.util.concurrent.ScheduledThreadPoolExecutor$ScheduledFutureTask.run(ScheduledThreadPoolExecutor.java:323)
07-16 13:55:41.291  2754 22277 E CelloEntryLoaderImpl: 	at java.util.concurrent.ThreadPoolExecutor.runWorker(ThreadPoolExecutor.java:1100)
07-16 13:55:41.291  2754 22277 E CelloEntryLoaderImpl: 	at java.util.concurrent.ThreadPoolExecutor$Worker.run(ThreadPoolExecutor.java:624)
07-16 13:55:41.291  2754 22277 E CelloEntryLoaderImpl: 	at java.lang.Thread.run(Thread.java:1571)
07-16 13:55:41.291  2754 22277 E CelloEntryLoaderImpl: 	at swi.run(PG:6)
07-16 13:55:41.327  1836  3763 E ConsumerBase: [ImageReader-806x1795f1m1-1836-413] abandonLocked: ConsumerBase is abandoned!
07-16 13:55:41.379  1836  1918 E libprocessgroup: Unable to find usable controller for (uid, pid, v2_path): (10136, 22546, 1)
07-16 13:55:41.412 22546 22546 E SplitCompat: Error installing additional splits
07-16 13:55:41.412 22546 22546 E SplitCompat: java.io.IOException: Unable to create directory: /data/user/0/com.google.android.apps.nbu.files/files/splitcompat
07-16 13:55:41.412 22546 22546 E SplitCompat: 	at qag.n(PG:48)
07-16 13:55:41.412 22546 22546 E SplitCompat: 	at qag.o(PG:33)
07-16 13:55:41.412 22546 22546 E SplitCompat: 	at qag.g(PG:5)
07-16 13:55:41.412 22546 22546 E SplitCompat: 	at qag.e(PG:3)
07-16 13:55:41.412 22546 22546 E SplitCompat: 	at qag.i(PG:1)
07-16 13:55:41.412 22546 22546 E SplitCompat: 	at qap.d(PG:63)
07-16 13:55:41.412 22546 22546 E SplitCompat: 	at qap.c(PG:67)
07-16 13:55:41.412 22546 22546 E SplitCompat: 	at com.google.android.apps.nbu.files.Files_Application.attachBaseContext(PG:13)
07-16 13:55:41.412 22546 22546 E SplitCompat: 	at android.app.Application.attach(Application.java:355)
07-16 13:55:41.412 22546 22546 E SplitCompat: 	at android.app.Instrumentation.newApplication(Instrumentation.java:1361)
07-16 13:55:41.412 22546 22546 E SplitCompat: 	at android.app.LoadedApk.makeApplicationInner(LoadedApk.java:1641)
07-16 13:55:41.412 22546 22546 E SplitCompat: 	at android.app.LoadedApk.makeApplicationInner(LoadedApk.java:1573)
07-16 13:55:41.412 22546 22546 E SplitCompat: 	at android.app.ActivityThread.handleBindApplication(ActivityThread.java:8314)
07-16 13:55:41.412 22546 22546 E SplitCompat: 	at android.app.ActivityThread.-$$Nest$mhandleBindApplication(ActivityThread.java:0)
07-16 13:55:41.412 22546 22546 E SplitCompat: 	at android.app.ActivityThread$H.handleMessage(ActivityThread.java:2775)
07-16 13:55:41.412 22546 22546 E SplitCompat: 	at android.os.Handler.dispatchMessageImpl(Handler.java:142)
07-16 13:55:41.412 22546 22546 E SplitCompat: 	at android.os.Handler.dispatchMessage(Handler.java:126)
07-16 13:55:41.412 22546 22546 E SplitCompat: 	at android.os.Looper.loopOnce(Looper.java:295)
07-16 13:55:41.412 22546 22546 E SplitCompat: 	at android.os.Looper.loop(Looper.java:398)
07-16 13:55:41.412 22546 22546 E SplitCompat: 	at android.app.ActivityThread.main(ActivityThread.java:9569)
07-16 13:55:41.412 22546 22546 E SplitCompat: 	at java.lang.reflect.Method.invoke(Native Method)
07-16 13:55:41.412 22546 22546 E SplitCompat: 	at com.android.internal.os.RuntimeInit$MethodAndArgsCaller.run(RuntimeInit.java:575)
07-16 13:55:41.412 22546 22546 E SplitCompat: 	at com.android.internal.os.ZygoteInit.main(ZygoteInit.java:918)
07-16 13:55:41.412 22546 22569 E SplitCompat: Failed to set broadcast receiver to always on.
07-16 13:55:41.413 22546 22569 E SplitCompat: Failed to cleanup splitcompat storage
07-16 13:55:41.413 22546 22569 E SplitCompat: java.io.IOException: Unable to create directory: /data/user/0/com.google.android.apps.nbu.files/files/splitcompat
07-16 13:55:41.413 22546 22569 E SplitCompat: 	at qag.n(PG:48)
07-16 13:55:41.413 22546 22569 E SplitCompat: 	at qag.o(PG:33)
07-16 13:55:41.413 22546 22569 E SplitCompat: 	at qag.j(PG:1)
07-16 13:55:41.413 22546 22569 E SplitCompat: 	at opb.run(PG:441)
07-16 13:55:41.413 22546 22569 E SplitCompat: 	at java.util.concurrent.ThreadPoolExecutor.runWorker(ThreadPoolExecutor.java:1100)
07-16 13:55:41.413 22546 22569 E SplitCompat: 	at java.util.concurrent.ThreadPoolExecutor$Worker.run(ThreadPoolExecutor.java:624)
07-16 13:55:41.413 22546 22569 E SplitCompat: 	at java.lang.Thread.run(Thread.java:1571)
07-16 13:55:41.588  1836  1918 E libprocessgroup: Unable to find usable controller for (uid, pid, v2_path): (10136, 22546, 1)
07-16 13:55:41.646  1836  1918 E libprocessgroup: Unable to find usable controller for (uid, pid, v2_path): (10136, 22590, 1)
07-16 13:55:41.674 22590 22590 E SplitCompat: Error installing additional splits
07-16 13:55:41.674 22590 22590 E SplitCompat: java.io.IOException: Unable to create directory: /data/user/0/com.google.android.apps.nbu.files/files/splitcompat
07-16 13:55:41.674 22590 22590 E SplitCompat: 	at qag.n(PG:48)
07-16 13:55:41.674 22590 22590 E SplitCompat: 	at qag.o(PG:33)
07-16 13:55:41.674 22590 22590 E SplitCompat: 	at qag.g(PG:5)
07-16 13:55:41.674 22590 22590 E SplitCompat: 	at qag.e(PG:3)
07-16 13:55:41.674 22590 22590 E SplitCompat: 	at qag.i(PG:1)
07-16 13:55:41.674 22590 22590 E SplitCompat: 	at qap.d(PG:63)
07-16 13:55:41.674 22590 22590 E SplitCompat: 	at qap.c(PG:67)
07-16 13:55:41.674 22590 22590 E SplitCompat: 	at com.google.android.apps.nbu.files.Files_Application.attachBaseContext(PG:13)
07-16 13:55:41.674 22590 22590 E SplitCompat: 	at android.app.Application.attach(Application.java:355)
07-16 13:55:41.674 22590 22590 E SplitCompat: 	at android.app.Instrumentation.newApplication(Instrumentation.java:1361)
07-16 13:55:41.674 22590 22590 E SplitCompat: 	at android.app.LoadedApk.makeApplicationInner(LoadedApk.java:1641)
07-16 13:55:41.674 22590 22590 E SplitCompat: 	at android.app.LoadedApk.makeApplicationInner(LoadedApk.java:1573)
07-16 13:55:41.674 22590 22590 E SplitCompat: 	at android.app.ActivityThread.handleBindApplication(ActivityThread.java:8314)
07-16 13:55:41.674 22590 22590 E SplitCompat: 	at android.app.ActivityThread.-$$Nest$mhandleBindApplication(ActivityThread.java:0)
07-16 13:55:41.674 22590 22590 E SplitCompat: 	at android.app.ActivityThread$H.handleMessage(ActivityThread.java:2775)
07-16 13:55:41.674 22590 22590 E SplitCompat: 	at android.os.Handler.dispatchMessageImpl(Handler.java:142)
07-16 13:55:41.674 22590 22590 E SplitCompat: 	at android.os.Handler.dispatchMessage(Handler.java:126)
07-16 13:55:41.674 22590 22590 E SplitCompat: 	at android.os.Looper.loopOnce(Looper.java:295)
07-16 13:55:41.674 22590 22590 E SplitCompat: 	at android.os.Looper.loop(Looper.java:398)
07-16 13:55:41.674 22590 22590 E SplitCompat: 	at android.app.ActivityThread.main(ActivityThread.java:9569)
07-16 13:55:41.674 22590 22590 E SplitCompat: 	at java.lang.reflect.Method.invoke(Native Method)
07-16 13:55:41.674 22590 22590 E SplitCompat: 	at com.android.internal.os.RuntimeInit$MethodAndArgsCaller.run(RuntimeInit.java:575)
07-16 13:55:41.674 22590 22590 E SplitCompat: 	at com.android.internal.os.ZygoteInit.main(ZygoteInit.java:918)
07-16 13:55:41.675 22590 22604 E SplitCompat: Failed to set broadcast receiver to always on.
07-16 13:55:41.675 22590 22604 E SplitCompat: Failed to cleanup splitcompat storage
07-16 13:55:41.675 22590 22604 E SplitCompat: java.io.IOException: Unable to create directory: /data/user/0/com.google.android.apps.nbu.files/files/splitcompat
07-16 13:55:41.675 22590 22604 E SplitCompat: 	at qag.n(PG:48)
07-16 13:55:41.675 22590 22604 E SplitCompat: 	at qag.o(PG:33)
07-16 13:55:41.675 22590 22604 E SplitCompat: 	at qag.j(PG:1)
07-16 13:55:41.675 22590 22604 E SplitCompat: 	at opb.run(PG:441)
07-16 13:55:41.675 22590 22604 E SplitCompat: 	at java.util.concurrent.ThreadPoolExecutor.runWorker(ThreadPoolExecutor.java:1100)
07-16 13:55:41.675 22590 22604 E SplitCompat: 	at java.util.concurrent.ThreadPoolExecutor$Worker.run(ThreadPoolExecutor.java:624)
07-16 13:55:41.675 22590 22604 E SplitCompat: 	at java.lang.Thread.run(Thread.java:1571)
07-16 13:55:41.687  1836  1923 E system_server: updateValue is called with a value 706088, which is lower than the previous value 706332
07-16 13:55:41.762  2754  3246 E Cello   : [3246:NonCelloThread] authenticated_transport.cc:182:DumpToLog Request 0xb400007834118958: 0 transport: UNAVAILABLE: From legacy status [type.googleapis.com/drive.ds.Status='UNAVAILABLE_WHILE_OFFLINE']
07-16 13:55:41.762  2754  3246 E Cello   : === Source Location Trace: ===
07-16 13:55:41.762  2754  3246 E Cello   : java/com/google/android/libraries/drive/core/impl/cello/jni/http_transport.cc:63
07-16 13:55:41.762  2754  3246 E Cello   :  reader: OK url: https://drivefrontend-pa.googleapis.com/v1/items:get
07-16 13:55:41.762  2754  3246 E Cello   : [3246:NonCelloThread] authenticated_transport.cc:182:DumpToLog req.hdr 0xb400007834118958: Content-Type=application/x-protobuf
07-16 13:55:41.762  2754  3246 E Cello   : [3246:NonCelloThread] authenticated_transport.cc:182:DumpToLog req.hdr 0xb400007834118958: X-Goog-FieldMask=responses(status,item(default_open_with_link,last_modifying_agent(agent_id),detectors,head_revision_id,externality_state,spam_metadata(marked_as_spam_date_millis,is_spam,is_inherited_spam,in_spam_view),workbook_details,shared_with_me_date_millis,workspace_id,resource_key,shared,organization_display_name,applied_labels,action_item,has_own_permissions,thumbnail_version,sharing_user(email_from_account,focus_user_id),id,recency_date_millis,owned_by_me,primary_domain_name,spaces,single_parent_id,has_legacy_blob_comments,contains_unsubscribed_children,team_drive_id,mime_type,client_encryption_details(decryption_metadata.aes_256_gcm_chunk_size,decryption_metadata.kacls_id,decryption_metadata.key_format,decryption_metadata.wrapped_key,decryption_metadata.jwt,decryption_metadata.kacls_name,decryption_metadata.guest_idp),modified_by_me_date_millis,permission_summary(visibility.type),sharing_agent(agent_id),owner
07-16 13:55:41.763  2754  3246 E Cello   : [3246:NonCelloThread] authenticated_transport.cc:182:DumpToLog req.hdr 0xb400007834118958: x-goog-ext-472780938-bin=Cg0IoQtCAEgBYgIIA2gB
07-16 13:55:41.763  2754  3246 E Cello   : [3246:NonCelloThread] authenticated_transport.cc:182:DumpToLog Response body 0xb400007834118958: (no response body)
07-16 13:55:41.764  2754  3246 E Cello   : [3246:NonCelloThread] item_query_handler.cc:1193:OnCloudByIdQuery Failed to get items from the cloud: MessageLite at 0xb4000079040dcdc0
07-16 13:55:41.766  2754 22277 E CelloEntryLoaderImpl: Error retrieving drive file from ResourceSpec[AccountId_b2b8a640, 1ArIAov_Pd2dvTMzc_vzcjEgoCY9iEdzK7pOTFKUdCnk, key absent]. Reason 1441
07-16 13:55:41.766  2754 22277 E CelloEntryLoaderImpl: stm: Cello error 2. Network error Cleared request. Failed task: getFiles_181844682(FindByIdsRequest={"id": ["1ArIAov_Pd2dvTMzc_vzcjEgoCY9iEdzK7pOTFKUdCnk"],"requestDescriptor": {"reason": 1441}},fetchedCloud=true)
07-16 13:55:41.766  2754 22277 E CelloEntryLoaderImpl: 	at tjl.a(PG:19)
07-16 13:55:41.766  2754 22277 E CelloEntryLoaderImpl: 	at tju.d(PG:71)
07-16 13:55:41.766  2754 22277 E CelloEntryLoaderImpl: 	at tmf.h(PG:87)
07-16 13:55:41.766  2754 22277 E CelloEntryLoaderImpl: 	at tma.a(PG:21)
07-16 13:55:41.766  2754 22277 E CelloEntryLoaderImpl: 	at com.google.android.libraries.drive.core.impl.cello.jni.SlimJni__Cello_ItemQueryCallback.call(PG:40)
07-16 13:55:41.766  2754 22277 E CelloEntryLoaderImpl: 	at com.google.android.libraries.drive.core.impl.cello.jni.SlimJni__PlatformDelegate_Task.native_run(Native Method)
07-16 13:55:41.766  2754 22277 E CelloEntryLoaderImpl: 	at com.google.android.libraries.drive.core.impl.cello.jni.SlimJni__PlatformDelegate_Task.run(PG:10)
07-16 13:55:41.766  2754 22277 E CelloEntryLoaderImpl: 	at ppl.run(PG:870)
07-16 13:55:41.766  2754 22277 E CelloEntryLoaderImpl: 	at java.util.concurrent.Executors$RunnableAdapter.call(Executors.java:520)
07-16 13:55:41.766  2754 22277 E CelloEntryLoaderImpl: 	at aegz.a(PG:3)
07-16 13:55:41.766  2754 22277 E CelloEntryLoaderImpl: 	at aegg.run(PG:19)
07-16 13:55:41.766  2754 22277 E CelloEntryLoaderImpl: 	at aeha.run(PG:5)
07-16 13:55:41.766  2754 22277 E CelloEntryLoaderImpl: 	at java.util.concurrent.Executors$RunnableAdapter.call(Executors.java:520)
07-16 13:55:41.766  2754 22277 E CelloEntryLoaderImpl: 	at java.util.concurrent.FutureTask.run(FutureTask.java:328)
07-16 13:55:41.766  2754 22277 E CelloEntryLoaderImpl: 	at java.util.concurrent.ScheduledThreadPoolExecutor$ScheduledFutureTask.run(ScheduledThreadPoolExecutor.java:323)
07-16 13:55:41.766  2754 22277 E CelloEntryLoaderImpl: 	at java.util.concurrent.ThreadPoolExecutor.runWorker(ThreadPoolExecutor.java:1100)
07-16 13:55:41.766  2754 22277 E CelloEntryLoaderImpl: 	at java.util.concurrent.ThreadPoolExecutor$Worker.run(ThreadPoolExecutor.java:624)
07-16 13:55:41.766  2754 22277 E CelloEntryLoaderImpl: 	at java.lang.Thread.run(Thread.java:1571)
07-16 13:55:41.766  2754 22277 E CelloEntryLoaderImpl: 	at swi.run(PG:6)
07-16 13:55:42.196  1148  1201 E WifiHAL : Creating message to get cached scan results
07-16 13:55:42.222  4555  4677 E IwlanNetworkStatusTracker: Could not get Wifi SSID
07-16 13:55:42.950  1836  1918 E libprocessgroup: Unable to find usable controller for (uid, pid, v2_path): (10136, 22590, 1)
07-16 13:55:43.036   829 31955 E powerhal-libperfmgr: Error: shouldn't report duration during pause state.
07-16 13:55:43.049   829 31955 E powerhal-libperfmgr: Error: shouldn't report duration during pause state.
07-16 13:55:43.055   829 31955 E powerhal-libperfmgr: Error: shouldn't report duration during pause state.
07-16 13:55:43.491  1836  3763 E ConsumerBase: [ImageReader-806x1795f1m1-1836-414] abandonLocked: ConsumerBase is abandoned!
07-16 13:55:43.746  1836  2311 E HandwritingModeController: Cannot get requestId: Handwriting was not initialized.
07-16 13:55:43.766  1836  1923 E system_server: updateValue is called with a value 706126, which is lower than the previous value 706145
07-16 13:55:43.932  1836  6369 E ConsumerBase: [ImageReader-128x284f1u2816m2-1836-3] abandonLocked: ConsumerBase is abandoned!
07-16 13:55:43.959  1836  4512 E TransitionChain: Trying to collect into a finished transition
07-16 13:55:44.600 20822 20822 E ChooserActions: android.intent.action.VIEW is not supported.
07-16 13:55:44.694  1836  4512 E ConsumerBase: [ImageReader-806x1795f1m1-1836-415] abandonLocked: ConsumerBase is abandoned!
07-16 13:55:45.205  1836  3763 E ConsumerBase: [ImageReader-806x1795f1m1-1836-416] abandonLocked: ConsumerBase is abandoned!
07-16 13:55:45.255  1148  3775 E WifiHAL : Creating message to get cached scan results
07-16 13:55:45.287  4555  4677 E IwlanNetworkStatusTracker: Could not get Wifi SSID
07-16 13:55:46.432  1836  2311 E HandwritingModeController: Cannot get requestId: Handwriting was not initialized.
07-16 13:55:47.380  1836  1907 E TransitionChain: Trying to collect into a finished transition
07-16 13:55:47.388  1836  1907 E TransitionChain: Can't collect into a chain with no transition
07-16 13:55:47.388  1836  1907 E TransitionChain: Can't collect into a chain with no transition
07-16 13:55:47.424  1836  3763 E ConsumerBase: [ImageReader-806x1795f1m1-1836-417] abandonLocked: ConsumerBase is abandoned!
07-16 13:55:47.655 22287 22392 E GoogleApiManager: Failed to get service from broker. 
07-16 13:55:47.655 22287 22392 E GoogleApiManager: java.lang.SecurityException: Unknown calling package name 'com.google.android.gms'.
07-16 13:55:47.655 22287 22392 E GoogleApiManager: 	at android.os.Parcel.createExceptionOrNull(Parcel.java:3367)
07-16 13:55:47.655 22287 22392 E GoogleApiManager: 	at android.os.Parcel.createException(Parcel.java:3351)
07-16 13:55:47.655 22287 22392 E GoogleApiManager: 	at android.os.Parcel.readException(Parcel.java:3334)
07-16 13:55:47.655 22287 22392 E GoogleApiManager: 	at android.os.Parcel.readException(Parcel.java:3278)
07-16 13:55:47.655 22287 22392 E GoogleApiManager: 	at blqk.a(:com.google.android.gms@262831035@26.28.31 (260400-947936219):36)
07-16 13:55:47.655 22287 22392 E GoogleApiManager: 	at blod.y(:com.google.android.gms@262831035@26.28.31 (260400-947936219):144)
07-16 13:55:47.655 22287 22392 E GoogleApiManager: 	at bkui.run(:com.google.android.gms@262831035@26.28.31 (260400-947936219):42)
07-16 13:55:47.655 22287 22392 E GoogleApiManager: 	at android.os.Handler.handleCallback(Handler.java:1082)
07-16 13:55:47.655 22287 22392 E GoogleApiManager: 	at android.os.Handler.dispatchMessageImpl(Handler.java:135)
07-16 13:55:47.655 22287 22392 E GoogleApiManager: 	at android.os.Handler.dispatchMessage(Handler.java:126)
07-16 13:55:47.655 22287 22392 E GoogleApiManager: 	at dgec.mu(:com.google.android.gms@262831035@26.28.31 (260400-947936219):1)
07-16 13:55:47.655 22287 22392 E GoogleApiManager: 	at dgec.dispatchMessage(:com.google.android.gms@262831035@26.28.31 (260400-947936219):5)
07-16 13:55:47.655 22287 22392 E GoogleApiManager: 	at android.os.Looper.loopOnce(Looper.java:295)
07-16 13:55:47.655 22287 22392 E GoogleApiManager: 	at android.os.Looper.loop(Looper.java:398)
07-16 13:55:47.655 22287 22392 E GoogleApiManager: 	at android.os.HandlerThread.run(HandlerThread.java:140)
07-16 13:55:48.172 20822 20822 E ChooserActions: android.intent.action.VIEW is not supported.
07-16 13:55:48.311  1148  1201 E WifiHAL : Creating message to get cached scan results
07-16 13:55:48.333  4555  4677 E IwlanNetworkStatusTracker: Could not get Wifi SSID
07-16 13:55:49.491  2772  2772 E .apps.nbu.files: Invalid resource ID 0x00000000.
07-16 13:55:49.617  1836  1918 E libprocessgroup: Unable to find usable controller for (uid, pid, v2_path): (10136, 22703, 1)
07-16 13:55:49.635  1836  3763 E ConsumerBase: [ImageReader-806x1795f1m1-1836-418] abandonLocked: ConsumerBase is abandoned!
07-16 13:55:49.646 22703 22703 E SplitCompat: Error installing additional splits
07-16 13:55:49.646 22703 22703 E SplitCompat: java.io.IOException: Unable to create directory: /data/user/0/com.google.android.apps.nbu.files/files/splitcompat
07-16 13:55:49.646 22703 22703 E SplitCompat: 	at qag.n(PG:48)
07-16 13:55:49.646 22703 22703 E SplitCompat: 	at qag.o(PG:33)
07-16 13:55:49.646 22703 22703 E SplitCompat: 	at qag.g(PG:5)
07-16 13:55:49.646 22703 22703 E SplitCompat: 	at qag.e(PG:3)
07-16 13:55:49.646 22703 22703 E SplitCompat: 	at qag.i(PG:1)
07-16 13:55:49.646 22703 22703 E SplitCompat: 	at qap.d(PG:63)
07-16 13:55:49.646 22703 22703 E SplitCompat: 	at qap.c(PG:67)
07-16 13:55:49.646 22703 22703 E SplitCompat: 	at com.google.android.apps.nbu.files.Files_Application.attachBaseContext(PG:13)
07-16 13:55:49.646 22703 22703 E SplitCompat: 	at android.app.Application.attach(Application.java:355)
07-16 13:55:49.646 22703 22703 E SplitCompat: 	at android.app.Instrumentation.newApplication(Instrumentation.java:1361)
07-16 13:55:49.646 22703 22703 E SplitCompat: 	at android.app.LoadedApk.makeApplicationInner(LoadedApk.java:1641)
07-16 13:55:49.646 22703 22703 E SplitCompat: 	at android.app.LoadedApk.makeApplicationInner(LoadedApk.java:1573)
07-16 13:55:49.646 22703 22703 E SplitCompat: 	at android.app.ActivityThread.handleBindApplication(ActivityThread.java:8314)
07-16 13:55:49.646 22703 22703 E SplitCompat: 	at android.app.ActivityThread.-$$Nest$mhandleBindApplication(ActivityThread.java:0)
07-16 13:55:49.646 22703 22703 E SplitCompat: 	at android.app.ActivityThread$H.handleMessage(ActivityThread.java:2775)
07-16 13:55:49.646 22703 22703 E SplitCompat: 	at android.os.Handler.dispatchMessageImpl(Handler.java:142)
07-16 13:55:49.646 22703 22703 E SplitCompat: 	at android.os.Handler.dispatchMessage(Handler.java:126)
07-16 13:55:49.646 22703 22703 E SplitCompat: 	at android.os.Looper.loopOnce(Looper.java:295)
07-16 13:55:49.646 22703 22703 E SplitCompat: 	at android.os.Looper.loop(Looper.java:398)
07-16 13:55:49.646 22703 22703 E SplitCompat: 	at android.app.ActivityThread.main(ActivityThread.java:9569)
07-16 13:55:49.646 22703 22703 E SplitCompat: 	at java.lang.reflect.Method.invoke(Native Method)
07-16 13:55:49.646 22703 22703 E SplitCompat: 	at com.android.internal.os.RuntimeInit$MethodAndArgsCaller.run(RuntimeInit.java:575)
07-16 13:55:49.646 22703 22703 E SplitCompat: 	at com.android.internal.os.ZygoteInit.main(ZygoteInit.java:918)
07-16 13:55:49.646 22703 22713 E SplitCompat: Failed to set broadcast receiver to always on.
07-16 13:55:49.647 22703 22713 E SplitCompat: Failed to cleanup splitcompat storage
07-16 13:55:49.647 22703 22713 E SplitCompat: java.io.IOException: Unable to create directory: /data/user/0/com.google.android.apps.nbu.files/files/splitcompat
07-16 13:55:49.647 22703 22713 E SplitCompat: 	at qag.n(PG:48)
07-16 13:55:49.647 22703 22713 E SplitCompat: 	at qag.o(PG:33)
07-16 13:55:49.647 22703 22713 E SplitCompat: 	at qag.j(PG:1)
07-16 13:55:49.647 22703 22713 E SplitCompat: 	at opb.run(PG:441)
07-16 13:55:49.647 22703 22713 E SplitCompat: 	at java.util.concurrent.ThreadPoolExecutor.runWorker(ThreadPoolExecutor.java:1100)
07-16 13:55:49.647 22703 22713 E SplitCompat: 	at java.util.concurrent.ThreadPoolExecutor$Worker.run(ThreadPoolExecutor.java:624)
07-16 13:55:49.647 22703 22713 E SplitCompat: 	at java.lang.Thread.run(Thread.java:1571)
07-16 13:55:49.722  1836  1918 E libprocessgroup: Unable to find usable controller for (uid, pid, v2_path): (10136, 22703, 1)
07-16 13:55:49.781  1836  1918 E libprocessgroup: Unable to find usable controller for (uid, pid, v2_path): (10136, 22716, 1)
07-16 13:55:49.815 22716 22716 E SplitCompat: Error installing additional splits
07-16 13:55:49.815 22716 22716 E SplitCompat: java.io.IOException: Unable to create directory: /data/user/0/com.google.android.apps.nbu.files/files/splitcompat
07-16 13:55:49.815 22716 22716 E SplitCompat: 	at qag.n(PG:48)
07-16 13:55:49.815 22716 22716 E SplitCompat: 	at qag.o(PG:33)
07-16 13:55:49.815 22716 22716 E SplitCompat: 	at qag.g(PG:5)
07-16 13:55:49.815 22716 22716 E SplitCompat: 	at qag.e(PG:3)
07-16 13:55:49.815 22716 22716 E SplitCompat: 	at qag.i(PG:1)
07-16 13:55:49.815 22716 22716 E SplitCompat: 	at qap.d(PG:63)
07-16 13:55:49.815 22716 22716 E SplitCompat: 	at qap.c(PG:67)
07-16 13:55:49.815 22716 22716 E SplitCompat: 	at com.google.android.apps.nbu.files.Files_Application.attachBaseContext(PG:13)
07-16 13:55:49.815 22716 22716 E SplitCompat: 	at android.app.Application.attach(Application.java:355)
07-16 13:55:49.815 22716 22716 E SplitCompat: 	at android.app.Instrumentation.newApplication(Instrumentation.java:1361)
07-16 13:55:49.815 22716 22716 E SplitCompat: 	at android.app.LoadedApk.makeApplicationInner(LoadedApk.java:1641)
07-16 13:55:49.815 22716 22716 E SplitCompat: 	at android.app.LoadedApk.makeApplicationInner(LoadedApk.java:1573)
07-16 13:55:49.815 22716 22716 E SplitCompat: 	at android.app.ActivityThread.handleBindApplication(ActivityThread.java:8314)
07-16 13:55:49.815 22716 22716 E SplitCompat: 	at android.app.ActivityThread.-$$Nest$mhandleBindApplication(ActivityThread.java:0)
07-16 13:55:49.815 22716 22716 E SplitCompat: 	at android.app.ActivityThread$H.handleMessage(ActivityThread.java:2775)
07-16 13:55:49.815 22716 22716 E SplitCompat: 	at android.os.Handler.dispatchMessageImpl(Handler.java:142)
07-16 13:55:49.815 22716 22716 E SplitCompat: 	at android.os.Handler.dispatchMessage(Handler.java:126)
07-16 13:55:49.815 22716 22716 E SplitCompat: 	at android.os.Looper.loopOnce(Looper.java:295)
07-16 13:55:49.815 22716 22716 E SplitCompat: 	at android.os.Looper.loop(Looper.java:398)
07-16 13:55:49.815 22716 22716 E SplitCompat: 	at android.app.ActivityThread.main(ActivityThread.java:9569)
07-16 13:55:49.815 22716 22716 E SplitCompat: 	at java.lang.reflect.Method.invoke(Native Method)
07-16 13:55:49.815 22716 22716 E SplitCompat: 	at com.android.internal.os.RuntimeInit$MethodAndArgsCaller.run(RuntimeInit.java:575)
07-16 13:55:49.815 22716 22716 E SplitCompat: 	at com.android.internal.os.ZygoteInit.main(ZygoteInit.java:918)
07-16 13:55:49.817 22716 22727 E SplitCompat: Failed to set broadcast receiver to always on.
07-16 13:55:49.818 22716 22727 E SplitCompat: Failed to cleanup splitcompat storage
07-16 13:55:49.818 22716 22727 E SplitCompat: java.io.IOException: Unable to create directory: /data/user/0/com.google.android.apps.nbu.files/files/splitcompat
07-16 13:55:49.818 22716 22727 E SplitCompat: 	at qag.n(PG:48)
07-16 13:55:49.818 22716 22727 E SplitCompat: 	at qag.o(PG:33)
07-16 13:55:49.818 22716 22727 E SplitCompat: 	at qag.j(PG:1)
07-16 13:55:49.818 22716 22727 E SplitCompat: 	at opb.run(PG:441)
07-16 13:55:49.818 22716 22727 E SplitCompat: 	at java.util.concurrent.ThreadPoolExecutor.runWorker(ThreadPoolExecutor.java:1100)
07-16 13:55:49.818 22716 22727 E SplitCompat: 	at java.util.concurrent.ThreadPoolExecutor$Worker.run(ThreadPoolExecutor.java:624)
07-16 13:55:49.818 22716 22727 E SplitCompat: 	at java.lang.Thread.run(Thread.java:1571)
07-16 13:55:49.916  1836  3763 E ConsumerBase: [ImageReader-806x1795f1m1-1836-419] abandonLocked: ConsumerBase is abandoned!
07-16 13:55:51.382  1148  3775 E WifiHAL : Creating message to get cached scan results
07-16 13:55:51.429  4555  4677 E IwlanNetworkStatusTracker: Could not get Wifi SSID
07-16 13:55:52.094  3796  3796 E NotifRow: Magnetic state changed from IDLE to IDLE on a null swiped listener, or the logging key of the listener is null
07-16 13:55:52.094  3796  3796 E StackScroller: Attempting to re-position view {null}
07-16 13:55:52.623  1836  2301 E InputDispatcher: channel '[Gesture Monitor] Quick Tap' ~ Channel is unrecoverably broken and will be disposed!
07-16 13:55:52.692  5576  6096 E Notification4Watch6_NB: WatchFactory.getWatch-lastConnectedNodeId is null
07-16 13:55:52.783  1148  3775 E WifiHAL : Creating message to get cached scan results
07-16 13:55:52.875  4419 21897 E NearbyMediums: MEDIUM_ERROR [SYSTEM][WIFI_LAN][START_LISTENING_INCOMING_CONNECTION][ACCEPT_CONNECTION_FAILED][SOCKET_CLOSED], service-id=NearbySharing
07-16 13:55:52.875  4419 21897 E NearbyMediums: Extra Sensitive/PII message : Socket closed
07-16 13:55:52.876  1148  3775 E WifiHAL : Setting APF program, halHandle = 0xb4000076572e6190
07-16 13:55:52.876  1148  3775 E WifiHAL : Set apf filter for iface = wlan0
07-16 13:55:53.383  1836  1918 E libprocessgroup: Unable to find usable controller for (uid, pid, v2_path): (10136, 22716, 1)
07-16 13:55:53.405  1836  3763 E ConsumerBase: [ImageReader-806x1795f1m1-1836-420] abandonLocked: ConsumerBase is abandoned!
07-16 13:55:53.838  1836  3763 E ConsumerBase: [ImageReader-806x1795f1m1-1836-421] abandonLocked: ConsumerBase is abandoned!
07-16 13:55:56.268  4141  4375 E SatelliteController: isSatelliteEnabled: mIsSatelliteEnabled=null
07-16 13:55:56.298  1836  1907 E TransitionChain: Can't collect into a chain with no transition
07-16 13:56:01.287  1148  1201 E WifiHAL : Creating message to get cached scan results
07-16 13:56:23.074  4419 22796 E WakeLock: WearableBluetooth ** IS FORCE-RELEASED ON TIMEOUT ** [CONTEXT service_id=259 ]
07-16 13:56:27.234  3973  4393 E bt_btif_sock_rfcomm: system/btif/src/btif_sock_rfc.cc:1151 handle_discovery_comp: SDP service discovery completed for slot_id: 137 with the result status: tBTA_JV_STATUS::FAILURE, scn: 0
07-16 13:56:27.243  4419  6917 E ActivityThread: Failed to find provider info for CC:F8:26:D2:AB:CF
07-16 13:56:43.272  1592  1601 E mitigation-adaptive: process: AdaptiveConfig SeverityWeights is missing 'NONE' entry.
07-16 13:56:43.404  1836  1923 E libprocessgroup: Unable to find usable controller for (uid, pid, v2_path): (10419, 32567, 1)
07-16 13:56:43.408  1836  1923 E libprocessgroup: Unable to find usable controller for (uid, pid, v2_path): (10209, 27242, 1)
07-16 13:56:43.408  1836  1923 E libprocessgroup: Unable to find usable controller for (uid, pid, v2_path): (10311, 24586, 1)
07-16 13:56:43.408  1836  1923 E libprocessgroup: Unable to find usable controller for (uid, pid, v2_path): (10136, 22716, 1)
07-16 13:56:43.410  1836  1923 E libprocessgroup: Unable to find usable controller for (uid, pid, v2_path): (10625, 19371, 1)
07-16 13:56:43.412  1836  1923 E libprocessgroup: Unable to find usable controller for (uid, pid, v2_path): (10093, 18195, 1)
07-16 13:56:43.413  1836  1923 E libprocessgroup: Unable to find usable controller for (uid, pid, v2_path): (10389, 16497, 1)
07-16 13:56:43.416  1836  1923 E libprocessgroup: Unable to find usable controller for (uid, pid, v2_path): (10277, 13155, 1)
07-16 13:56:43.417  1836  1923 E libprocessgroup: Unable to find usable controller for (uid, pid, v2_path): (10636, 11740, 1)
07-16 13:56:43.417  1836  1923 E libprocessgroup: Unable to find usable controller for (uid, pid, v2_path): (10309, 11203, 1)
07-16 13:56:43.418  1836  1923 E libprocessgroup: Unable to find usable controller for (uid, pid, v2_path): (10654, 10882, 1)
07-16 13:56:43.419  1836  1923 E libprocessgroup: Unable to find usable controller for (uid, pid, v2_path): (10313, 9983, 1)
07-16 13:56:43.419  1836  1923 E libprocessgroup: Unable to find usable controller for (uid, pid, v2_path): (10281, 9233, 1)
07-16 13:56:43.427  1836  1923 E libprocessgroup: Unable to find usable controller for (uid, pid, v2_path): (10638, 3579, 1)
07-16 13:56:43.699  1836  1918 E libprocessgroup: Unable to find usable controller for (uid, pid, v2_path): (10654, 10882, 1)
07-16 13:56:43.918  1836  1918 E libprocessgroup: Unable to find usable controller for (uid, pid, v2_path): (10654, 10882, 1)
07-16 13:56:44.026 22287 22316 E bm      : RuntimeException while executing runnable com.google.android.apps.docs.common.tracker.impressions.b@6966cf5 with executor MoreExecutors.directExecutor()
07-16 13:56:44.026 22287 22316 E bm      : java.lang.NullPointerException: Attempt to invoke virtual method 'int android.app.ApplicationStartInfo.getReason()' on a null object reference
07-16 13:56:44.026 22287 22316 E bm      : 	at androidx.activity.h$$ExternalSyntheticApiModelOutline1.m(D8$$SyntheticClass:1)
07-16 13:56:44.026 22287 22316 E bm      : 	at com.google.android.apps.docs.common.tools.dagger.a.d(PG:9)
07-16 13:56:44.026 22287 22316 E bm      : 	at com.google.android.apps.docs.common.tracker.impressions.b.run(PG:238)
07-16 13:56:44.026 22287 22316 E bm      : 	at com.google.common.util.concurrent.ah.execute(PG:1)
07-16 13:56:44.026 22287 22316 E bm      : 	at com.google.common.util.concurrent.bm.c(PG:7)
07-16 13:56:44.026 22287 22316 E bm      : 	at com.google.android.apps.docs.common.tracker.impressions.i.b(PG:274)
07-16 13:56:44.026 22287 22316 E bm      : 	at com.google.android.apps.docs.common.tracker.impressions.i.a(PG:3)
07-16 13:56:44.026 22287 22316 E bm      : 	at com.google.common.cache.af.e(PG:318)
07-16 13:56:44.026 22287 22316 E bm      : 	at androidx.work.aj.run(PG:382)
07-16 13:56:44.026 22287 22316 E bm      : 	at java.util.concurrent.ThreadPoolExecutor.runWorker(ThreadPoolExecutor.java:1100)
07-16 13:56:44.026 22287 22316 E bm      : 	at java.util.concurrent.ThreadPoolExecutor$Worker.run(ThreadPoolExecutor.java:624)
07-16 13:56:44.026 22287 22316 E bm      : 	at java.lang.Thread.run(Thread.java:1571)
07-16 13:56:44.088 22287 22316 E bm      : RuntimeException while executing runnable com.google.android.apps.docs.common.tracker.impressions.b@6b2d65c with executor MoreExecutors.directExecutor()
07-16 13:56:44.088 22287 22316 E bm      : java.lang.NullPointerException: Attempt to invoke virtual method 'int android.app.ApplicationStartInfo.getReason()' on a null object reference
07-16 13:56:44.088 22287 22316 E bm      : 	at androidx.activity.h$$ExternalSyntheticApiModelOutline1.m(D8$$SyntheticClass:1)
07-16 13:56:44.088 22287 22316 E bm      : 	at com.google.android.apps.docs.common.tools.dagger.a.d(PG:9)
07-16 13:56:44.088 22287 22316 E bm      : 	at com.google.android.apps.docs.common.tracker.impressions.b.run(PG:238)
07-16 13:56:44.088 22287 22316 E bm      : 	at com.google.common.util.concurrent.ah.execute(PG:1)
07-16 13:56:44.088 22287 22316 E bm      : 	at com.google.common.util.concurrent.bm.c(PG:7)
07-16 13:56:44.088 22287 22316 E bm      : 	at com.google.android.apps.docs.common.tracker.impressions.i.b(PG:274)
07-16 13:56:44.088 22287 22316 E bm      : 	at com.google.android.apps.docs.common.tracker.impressions.i.a(PG:3)
07-16 13:56:44.088 22287 22316 E bm      : 	at com.google.common.cache.af.e(PG:318)
07-16 13:56:44.088 22287 22316 E bm      : 	at androidx.work.aj.run(PG:382)
07-16 13:56:44.088 22287 22316 E bm      : 	at java.util.concurrent.ThreadPoolExecutor.runWorker(ThreadPoolExecutor.java:1100)
07-16 13:56:44.088 22287 22316 E bm      : 	at java.util.concurrent.ThreadPoolExecutor$Worker.run(ThreadPoolExecutor.java:624)
07-16 13:56:44.088 22287 22316 E bm      : 	at java.lang.Thread.run(Thread.java:1571)
07-16 13:56:44.147 22287 22316 E bm      : RuntimeException while executing runnable com.google.android.apps.docs.common.tracker.impressions.b@cc7e9de with executor MoreExecutors.directExecutor()
07-16 13:56:44.147 22287 22316 E bm      : java.lang.NullPointerException: Attempt to invoke virtual method 'int android.app.ApplicationStartInfo.getReason()' on a null object reference
07-16 13:56:44.147 22287 22316 E bm      : 	at androidx.activity.h$$ExternalSyntheticApiModelOutline1.m(D8$$SyntheticClass:1)
07-16 13:56:44.147 22287 22316 E bm      : 	at com.google.android.apps.docs.common.tools.dagger.a.d(PG:9)
07-16 13:56:44.147 22287 22316 E bm      : 	at com.google.android.apps.docs.common.tracker.impressions.b.run(PG:238)
07-16 13:56:44.147 22287 22316 E bm      : 	at com.google.common.util.concurrent.ah.execute(PG:1)
07-16 13:56:44.147 22287 22316 E bm      : 	at com.google.common.util.concurrent.bm.c(PG:7)
07-16 13:56:44.147 22287 22316 E bm      : 	at com.google.android.apps.docs.common.tracker.impressions.i.b(PG:274)
07-16 13:56:44.147 22287 22316 E bm      : 	at com.google.android.apps.docs.common.tracker.impressions.i.a(PG:3)
07-16 13:56:44.147 22287 22316 E bm      : 	at com.google.common.cache.af.e(PG:318)
07-16 13:56:44.147 22287 22316 E bm      : 	at androidx.work.aj.run(PG:382)
07-16 13:56:44.147 22287 22316 E bm      : 	at java.util.concurrent.ThreadPoolExecutor.runWorker(ThreadPoolExecutor.java:1100)
07-16 13:56:44.147 22287 22316 E bm      : 	at java.util.concurrent.ThreadPoolExecutor$Worker.run(ThreadPoolExecutor.java:624)
07-16 13:56:44.147 22287 22316 E bm      : 	at java.lang.Thread.run(Thread.java:1571)
07-16 13:56:44.186 22287 22316 E bm      : RuntimeException while executing runnable com.google.android.apps.docs.common.tracker.impressions.b@5fe2324 with executor MoreExecutors.directExecutor()
07-16 13:56:44.186 22287 22316 E bm      : java.lang.NullPointerException: Attempt to invoke virtual method 'int android.app.ApplicationStartInfo.getReason()' on a null object reference
07-16 13:56:44.186 22287 22316 E bm      : 	at androidx.activity.h$$ExternalSyntheticApiModelOutline1.m(D8$$SyntheticClass:1)
07-16 13:56:44.186 22287 22316 E bm      : 	at com.google.android.apps.docs.common.tools.dagger.a.d(PG:9)
07-16 13:56:44.186 22287 22316 E bm      : 	at com.google.android.apps.docs.common.tracker.impressions.b.run(PG:238)
07-16 13:56:44.186 22287 22316 E bm      : 	at com.google.common.util.concurrent.ah.execute(PG:1)
07-16 13:56:44.186 22287 22316 E bm      : 	at com.google.common.util.concurrent.bm.c(PG:7)
07-16 13:56:44.186 22287 22316 E bm      : 	at com.google.android.apps.docs.common.tracker.impressions.i.b(PG:274)
07-16 13:56:44.186 22287 22316 E bm      : 	at com.google.android.apps.docs.common.tracker.impressions.i.a(PG:3)
07-16 13:56:44.186 22287 22316 E bm      : 	at com.google.common.cache.af.e(PG:318)
07-16 13:56:44.186 22287 22316 E bm      : 	at androidx.work.aj.run(PG:382)
07-16 13:56:44.186 22287 22316 E bm      : 	at java.util.concurrent.ThreadPoolExecutor.runWorker(ThreadPoolExecutor.java:1100)
