07-16 13:59:38.300 30841 22060 E Cello   : [22060:NonCelloThread] item_query_handler.cc:78:CheckQueryAgainstInternalItemLocalProperty Querying on internal item local property key: pinned
07-16 13:59:38.300 20697 20729 E Dck     : Could not get ProviderInfo when resolving the content provider authority. [CONTEXT service_id=289 ]
07-16 13:59:38.311  1148  1201 E WifiHAL : Setting APF program, halHandle = 0xb4000076572e6190
07-16 13:59:38.311  1148  1201 E WifiHAL : Set apf filter for iface = wlan0
07-16 13:59:38.334 30841 31281 E Cello   : [31281:NonCelloThread] item_query_handler.cc:78:CheckQueryAgainstInternalItemLocalProperty Querying on internal item local property key: pinned
07-16 13:59:38.340  1836  3710 E SyncManager: SYNC_OP_STATE_INVALID: disallowed by settings/network
07-16 13:59:38.353 30841  1671 E Cello   : [1671:NonCelloThread] item_query_handler.cc:78:CheckQueryAgainstInternalItemLocalProperty Querying on internal item local property key: pinned
07-16 13:59:38.367  1836  3710 E SyncManager: SYNC_OP_STATE_INVALID: disallowed by settings/network
07-16 13:59:38.367 30841  1687 E Cello   : [1687:NonCelloThread] item_query_handler.cc:78:CheckQueryAgainstInternalItemLocalProperty Querying on internal item local property key: pinned
07-16 13:59:38.382 30841 22049 E Cello   : [22049:NonCelloThread] item_query_handler.cc:78:CheckQueryAgainstInternalItemLocalProperty Querying on internal item local property key: pinned
07-16 13:59:38.398  7057  7391 E msys    : E[N WA]_WAJMNSStreamImplMNSTCPStreamCreate(371)=>[LogLevel:I] WAJMNSStream/impl/tcpStreamCreate/MNSStreamRaw/p=0xb4000077c41b80d0
07-16 13:59:38.399  7057  7391 E msys    : E[N WA]WAJMNSStreamImplCreate(431)=>[LogLevel:I] WAJMNSStream/impl/create/p=0xb4000077c41b80d0 (mnsConn=0xb4000078540c5420)
07-16 13:59:38.399  1836  3710 E SyncManager: SYNC_OP_STATE_INVALID: disallowed by settings/network
07-16 13:59:38.399  7057  7391 E msys    : E[N WA]_WAJMNSStreamCreateMnsIpsFromIpAddressStrings(90)=>[LogLevel:I] no ip addresses provided, using DNS resolution
07-16 13:59:38.399 30841 22098 E Cello   : [22098:NonCelloThread] item_query_handler.cc:78:CheckQueryAgainstInternalItemLocalProperty Querying on internal item local property key: pinned
07-16 13:59:38.400  7057  7391 E msys    : E[N WA]WAJMNSStreamImplConnect(460)=>[LogLevel:I] WAJMNSStream/impl/connect/p=0xb4000077c41b80d0 (endpoint=g.whatsapp.net:5222)(ipAddressCount=0)
07-16 13:59:38.400  7057  7391 E msys    : E[N WA]_WAJMNSStreamImplUpdateStreamState(233)=>[LogLevel:I] WAJMNSStream/impl/state-changed/p=0xb4000077c41b80d0 (initial=>connecting)
07-16 13:59:38.409 30841  1585 E Cello   : [1585:NonCelloThread] item_query_handler.cc:78:CheckQueryAgainstInternalItemLocalProperty Querying on internal item local property key: pinned
07-16 13:59:38.427  1836  1907 E ActivityManager: Background started FGS: Disallowed [callingPackage: com.whatsapp; callingUid: 10279; uidState: RCVR; uidBFSL: n/a; BFGS denied: true; intent: Intent { xflg=0x4 cmp=com.whatsapp/.messaging.service.GcmFGService }; code:DENIED; tempAllowListReason:<null>; allowWiu:-1; targetSdkVersion:36; callerTargetSdkVersion:36; startForegroundCount:0; bindFromPackage:null; isBindService:false]
07-16 13:59:38.429  1836  3710 E SyncManager: SYNC_OP_STATE_INVALID: disallowed by settings/network
07-16 13:59:38.429 30841 31699 E Cello   : [31699:NonCelloThread] item_query_handler.cc:78:CheckQueryAgainstInternalItemLocalProperty Querying on internal item local property key: pinned
07-16 13:59:38.451  7057  7620 E msys    : E[N WA]_WAJMNSStreamImplOnMNSReady(262)=>[LogLevel:I] WAJMNSStream/impl/callback/onMNSReady/p=0xb4000077c41b80d0
07-16 13:59:38.452  7057  7620 E msys    : E[N WA]_WAJMNSStreamImplCreateConnectionReport(197)=>[LogLevel:I] WAJMNSStream/impl/report port=5222, connectedIPVersion=4, resolvedIPAddressCount=1, dnsResolutionStartTimeMS=16064314, dnsResolutionEndTimeMS=16064316, dnsCacheHit=Yes, connectStartTimeMS=16064316, connectEndTimeMS=16064362, proxyConnectStartTimeMS=0, proxyConnectEndTimeMS=0
07-16 13:59:38.452  7057  7620 E msys    : E[N WA]_WAJMNSStreamImplUpdateStreamState(233)=>[LogLevel:I] WAJMNSStream/impl/state-changed/p=0xb4000077c41b80d0 (connecting=>connected)
07-16 13:59:38.452  7057  7620 E msys    : E[N mns]_OnResolverSuccess(359)=>Cache refresh succeeded with system DNS resolver. IP count: 1
07-16 13:59:38.456  1836  3710 E SyncManager: SYNC_OP_STATE_INVALID: disallowed by settings/network
07-16 13:59:38.456 30841 22036 E Cello   : [22036:NonCelloThread] item_query_handler.cc:78:CheckQueryAgainstInternalItemLocalProperty Querying on internal item local property key: pinned
07-16 13:59:38.467  1836  3710 E SyncManager: SYNC_OP_STATE_INVALID: disallowed by settings/network
07-16 13:59:38.471  5576  6096 E Notification4Watch6_NB: WatchFactory.getWatch-lastConnectedNodeId is null
07-16 13:59:38.644  1836  1918 E libprocessgroup: Unable to find usable controller for (uid, pid, v2_path): (10136, 22716, 1)
07-16 13:59:38.650   829 31955 E powerhal-libperfmgr: Error: shouldn't report duration during pause state.
07-16 13:59:38.660   829 31955 E powerhal-libperfmgr: Error: shouldn't report duration during pause state.
07-16 13:59:39.110  1836  3763 E ConsumerBase: [ImageReader-806x1795f1m1-1836-422] abandonLocked: ConsumerBase is abandoned!
07-16 13:59:39.181  2772  2772 E iem     : Can't log BrowseSessionFileOpenEvent since session details are not present.
07-16 13:59:40.012 30841 31699 E Cello   : [31699:NonCelloThread] item_query_handler.cc:78:CheckQueryAgainstInternalItemLocalProperty Querying on internal item local property key: pinned
07-16 13:59:40.053 30841 30977 E azmr    : RuntimeException while executing runnable idm@67f1f4c with executor MoreExecutors.directExecutor()
07-16 13:59:40.053 30841 30977 E azmr    : java.lang.NullPointerException: Attempt to invoke virtual method 'int android.app.ApplicationStartInfo.getReason()' on a null object reference
07-16 13:59:40.053 30841 30977 E azmr    : 	at lc$$ExternalSyntheticApiModelOutline1.m(D8$$SyntheticClass:1)
07-16 13:59:40.053 30841 30977 E azmr    : 	at mxk.d(PG:9)
07-16 13:59:40.053 30841 30977 E azmr    : 	at idm.run(PG:149)
07-16 13:59:40.053 30841 30977 E azmr    : 	at azln.execute(PG:1)
07-16 13:59:40.053 30841 30977 E azmr    : 	at azmr.c(PG:7)
07-16 13:59:40.053 30841 30977 E azmr    : 	at mym.b(PG:274)
07-16 13:59:40.053 30841 30977 E azmr    : 	at mym.a(PG:3)
07-16 13:59:40.053 30841 30977 E azmr    : 	at ayhi.e(PG:318)
07-16 13:59:40.053 30841 30977 E azmr    : 	at lqc.run(PG:331)
07-16 13:59:40.053 30841 30977 E azmr    : 	at java.util.concurrent.ThreadPoolExecutor.runWorker(ThreadPoolExecutor.java:1100)
07-16 13:59:40.053 30841 30977 E azmr    : 	at java.util.concurrent.ThreadPoolExecutor$Worker.run(ThreadPoolExecutor.java:624)
07-16 13:59:40.053 30841 30977 E azmr    : 	at java.lang.Thread.run(Thread.java:1571)
07-16 13:59:40.439  1148  3775 E WifiHAL : Creating message to get cached scan results
07-16 13:59:40.490  1836  3678 E WifiDataStall: Time stamp delta is too large. Reset data stall state.
07-16 13:59:41.159  1836  1918 E libprocessgroup: Unable to find usable controller for (uid, pid, v2_path): (10389, 16497, 1)
07-16 13:59:41.259  1836  1918 E libprocessgroup: Unable to find usable controller for (uid, pid, v2_path): (10389, 16497, 1)
07-16 13:59:43.549  1148  1201 E WifiHAL : Creating message to get cached scan results
07-16 13:59:46.654  1148  3775 E WifiHAL : Creating message to get cached scan results
07-16 13:59:46.720  4555  4677 E IwlanNetworkStatusTracker: Could not get Wifi SSID
07-16 13:59:48.352 30841 22060 E Cello   : [22060:NonCelloThread] item_query_handler.cc:78:CheckQueryAgainstInternalItemLocalProperty Querying on internal item local property key: pinned
07-16 13:59:48.381 30841 31281 E Cello   : [31281:NonCelloThread] item_query_handler.cc:78:CheckQueryAgainstInternalItemLocalProperty Querying on internal item local property key: pinned
07-16 13:59:48.394  1836  3710 E SyncManager: SYNC_OP_STATE_INVALID: disallowed by settings/network
07-16 13:59:48.413 30841  1671 E Cello   : [1671:NonCelloThread] item_query_handler.cc:78:CheckQueryAgainstInternalItemLocalProperty Querying on internal item local property key: pinned
07-16 13:59:48.434 30841  1687 E Cello   : [1687:NonCelloThread] item_query_handler.cc:78:CheckQueryAgainstInternalItemLocalProperty Querying on internal item local property key: pinned
07-16 13:59:48.461 30841 22049 E Cello   : [22049:NonCelloThread] item_query_handler.cc:78:CheckQueryAgainstInternalItemLocalProperty Querying on internal item local property key: pinned
07-16 13:59:48.485 30841 22098 E Cello   : [22098:NonCelloThread] item_query_handler.cc:78:CheckQueryAgainstInternalItemLocalProperty Querying on internal item local property key: pinned
07-16 13:59:48.494  1836  3710 E SyncManager: SYNC_OP_STATE_INVALID: disallowed by settings/network
07-16 13:59:48.509 30841  1585 E Cello   : [1585:NonCelloThread] item_query_handler.cc:78:CheckQueryAgainstInternalItemLocalProperty Querying on internal item local property key: pinned
07-16 13:59:48.533 30841 31699 E Cello   : [31699:NonCelloThread] item_query_handler.cc:78:CheckQueryAgainstInternalItemLocalProperty Querying on internal item local property key: pinned
07-16 13:59:48.541  1836  3710 E SyncManager: SYNC_OP_STATE_INVALID: disallowed by settings/network
07-16 13:59:48.556 30841 22036 E Cello   : [22036:NonCelloThread] item_query_handler.cc:78:CheckQueryAgainstInternalItemLocalProperty Querying on internal item local property key: pinned
07-16 13:59:48.675  1836  3710 E SyncManager: SYNC_OP_STATE_INVALID: disallowed by settings/network
07-16 13:59:48.690  1836  3710 E SyncManager: SYNC_OP_STATE_INVALID: disallowed by settings/network
07-16 13:59:48.720  1836  3710 E SyncManager: SYNC_OP_STATE_INVALID: disallowed by settings/network
07-16 13:59:49.578 30841  1585 E Cello   : [1585:NonCelloThread] item_query_handler.cc:78:CheckQueryAgainstInternalItemLocalProperty Querying on internal item local property key: pinned
07-16 13:59:49.611 30841 30977 E azmr    : RuntimeException while executing runnable idm@243bd0b with executor MoreExecutors.directExecutor()
07-16 13:59:49.611 30841 30977 E azmr    : java.lang.NullPointerException: Attempt to invoke virtual method 'int android.app.ApplicationStartInfo.getReason()' on a null object reference
07-16 13:59:49.611 30841 30977 E azmr    : 	at lc$$ExternalSyntheticApiModelOutline1.m(D8$$SyntheticClass:1)
07-16 13:59:49.611 30841 30977 E azmr    : 	at mxk.d(PG:9)
07-16 13:59:49.611 30841 30977 E azmr    : 	at idm.run(PG:149)
07-16 13:59:49.611 30841 30977 E azmr    : 	at azln.execute(PG:1)
07-16 13:59:49.611 30841 30977 E azmr    : 	at azmr.c(PG:7)
07-16 13:59:49.611 30841 30977 E azmr    : 	at mym.b(PG:274)
07-16 13:59:49.611 30841 30977 E azmr    : 	at mym.a(PG:3)
07-16 13:59:49.611 30841 30977 E azmr    : 	at ayhi.e(PG:318)
07-16 13:59:49.611 30841 30977 E azmr    : 	at lqc.run(PG:331)
07-16 13:59:49.611 30841 30977 E azmr    : 	at java.util.concurrent.ThreadPoolExecutor.runWorker(ThreadPoolExecutor.java:1100)
07-16 13:59:49.611 30841 30977 E azmr    : 	at java.util.concurrent.ThreadPoolExecutor$Worker.run(ThreadPoolExecutor.java:624)
07-16 13:59:49.611 30841 30977 E azmr    : 	at java.lang.Thread.run(Thread.java:1571)
07-16 13:59:49.748  1148  1201 E WifiHAL : Creating message to get cached scan results
07-16 13:59:49.806  4555  4677 E IwlanNetworkStatusTracker: Could not get Wifi SSID
07-16 13:59:51.004  1148  3775 E WifiHAL : Creating message to get cached scan results
07-16 13:59:52.869  1148  1201 E WifiHAL : Creating message to get cached scan results
07-16 13:59:52.932  4555  4677 E IwlanNetworkStatusTracker: Could not get Wifi SSID
07-16 13:59:55.986  1148  1201 E WifiHAL : Creating message to get cached scan results
07-16 13:59:59.096  1148  3775 E WifiHAL : Creating message to get cached scan results
07-16 14:00:00.280  1148  1201 E WifiHAL : Creating message to get cached scan results
07-16 14:00:00.391  1148  3775 E WifiHAL : Creating message to get cached scan results
07-16 14:00:00.722  1148  1201 E WifiHAL : Creating message to get cached scan results
07-16 14:00:01.529  5576  6080 E Notification4Watch6_NB: WatchFactory.getWatch-lastConnectedNodeId is null
07-16 14:00:01.642  3796  4399 E ConsumerBase: [ImageReader-108x108f1u2816m2-3796-109] abandonLocked: ConsumerBase is abandoned!
07-16 14:00:02.193 30426  2642 E A       : UI template failed to generate weather tomorrow forecast card
07-16 14:00:02.198  1148  3775 E WifiHAL : Creating message to get cached scan results
07-16 14:00:02.736 30426 30443 E fgqw    : Failed to store the update to Geller storage.
07-16 14:00:02.736 30426 30443 E fgqw    : com.google.android.libraries.geller.portable.GellerException: Code: FAILED_PRECONDITION, Message: Corpus SMARTSPACE_CARD_UPDATE_RECORD has wipeout enabled, so local writes are blocked
07-16 14:00:02.736 30426 30443 E fgqw    : 	at com.google.android.libraries.geller.portable.Geller.nativeWrite(Native Method)
07-16 14:00:02.736 30426 30443 E fgqw    : 	at dkcv.a(PG:57)
07-16 14:00:02.736 30426 30443 E fgqw    : 	at com.google.android.libraries.geller.portable.Geller.j(PG:10)
07-16 14:00:02.736 30426 30443 E fgqw    : 	at dkcu.a(PG:249)
07-16 14:00:02.736 30426 30443 E fgqw    : 	at fimx.a(PG:17)
07-16 14:00:02.736 30426 30443 E fgqw    : 	at ftke.a(PG:3)
07-16 14:00:02.736 30426 30443 E fgqw    : 	at ftjj.run(PG:19)
07-16 14:00:02.736 30426 30443 E fgqw    : 	at ftkg.run(PG:5)
07-16 14:00:02.736 30426 30443 E fgqw    : 	at ftjw.run(PG:3)
07-16 14:00:02.736 30426 30443 E fgqw    : 	at ftjx.run(PG:64)
07-16 14:00:02.736 30426 30443 E fgqw    : 	at dhnp.run(PG:5)
07-16 14:00:02.736 30426 30443 E fgqw    : 	at java.util.concurrent.ThreadPoolExecutor.runWorker(ThreadPoolExecutor.java:1100)
07-16 14:00:02.736 30426 30443 E fgqw    : 	at java.util.concurrent.ThreadPoolExecutor$Worker.run(ThreadPoolExecutor.java:624)
07-16 14:00:02.736 30426 30443 E fgqw    : 	at dhmv.run(PG:33)
07-16 14:00:02.736 30426 30443 E fgqw    : 	at java.lang.Thread.run(Thread.java:1571)
07-16 14:00:02.736 30426 30443 E fgqw    : 	at dhoq.run(PG:62)
07-16 14:00:03.388 30426 30462 E A       : UI template failed to generate weather tomorrow forecast card
07-16 14:00:03.476 30426 30443 E fgqw    : Failed to store the update to Geller storage.
07-16 14:00:03.476 30426 30443 E fgqw    : com.google.android.libraries.geller.portable.GellerException: Code: FAILED_PRECONDITION, Message: Corpus SMARTSPACE_CARD_UPDATE_RECORD has wipeout enabled, so local writes are blocked
07-16 14:00:03.476 30426 30443 E fgqw    : 	at com.google.android.libraries.geller.portable.Geller.nativeWrite(Native Method)
07-16 14:00:03.476 30426 30443 E fgqw    : 	at dkcv.a(PG:57)
07-16 14:00:03.476 30426 30443 E fgqw    : 	at com.google.android.libraries.geller.portable.Geller.j(PG:10)
07-16 14:00:03.476 30426 30443 E fgqw    : 	at dkcu.a(PG:249)
07-16 14:00:03.476 30426 30443 E fgqw    : 	at fimx.a(PG:17)
07-16 14:00:03.476 30426 30443 E fgqw    : 	at ftke.a(PG:3)
07-16 14:00:03.476 30426 30443 E fgqw    : 	at ftjj.run(PG:19)
07-16 14:00:03.476 30426 30443 E fgqw    : 	at ftkg.run(PG:5)
07-16 14:00:03.476 30426 30443 E fgqw    : 	at ftjw.run(PG:3)
07-16 14:00:03.476 30426 30443 E fgqw    : 	at ftjx.run(PG:64)
07-16 14:00:03.476 30426 30443 E fgqw    : 	at dhnp.run(PG:5)
07-16 14:00:03.476 30426 30443 E fgqw    : 	at java.util.concurrent.ThreadPoolExecutor.runWorker(ThreadPoolExecutor.java:1100)
07-16 14:00:03.476 30426 30443 E fgqw    : 	at java.util.concurrent.ThreadPoolExecutor$Worker.run(ThreadPoolExecutor.java:624)
07-16 14:00:03.476 30426 30443 E fgqw    : 	at dhmv.run(PG:33)
07-16 14:00:03.476 30426 30443 E fgqw    : 	at java.lang.Thread.run(Thread.java:1571)
07-16 14:00:03.476 30426 30443 E fgqw    : 	at dhoq.run(PG:62)
07-16 14:00:04.140 30426  2642 E A       : UI template failed to generate weather tomorrow forecast card
07-16 14:00:04.192 30426 30456 E fgqw    : Failed to store the update to Geller storage.
07-16 14:00:04.192 30426 30456 E fgqw    : com.google.android.libraries.geller.portable.GellerException: Code: FAILED_PRECONDITION, Message: Corpus SMARTSPACE_CARD_UPDATE_RECORD has wipeout enabled, so local writes are blocked
07-16 14:00:04.192 30426 30456 E fgqw    : 	at com.google.android.libraries.geller.portable.Geller.nativeWrite(Native Method)
07-16 14:00:04.192 30426 30456 E fgqw    : 	at dkcv.a(PG:57)
07-16 14:00:04.192 30426 30456 E fgqw    : 	at com.google.android.libraries.geller.portable.Geller.j(PG:10)
07-16 14:00:04.192 30426 30456 E fgqw    : 	at dkcu.a(PG:249)
07-16 14:00:04.192 30426 30456 E fgqw    : 	at fimx.a(PG:17)
07-16 14:00:04.192 30426 30456 E fgqw    : 	at ftke.a(PG:3)
07-16 14:00:04.192 30426 30456 E fgqw    : 	at ftjj.run(PG:19)
07-16 14:00:04.192 30426 30456 E fgqw    : 	at ftkg.run(PG:5)
07-16 14:00:04.192 30426 30456 E fgqw    : 	at ftjw.run(PG:3)
07-16 14:00:04.192 30426 30456 E fgqw    : 	at ftjx.run(PG:64)
07-16 14:00:04.192 30426 30456 E fgqw    : 	at dhnp.run(PG:5)
07-16 14:00:04.192 30426 30456 E fgqw    : 	at java.util.concurrent.ThreadPoolExecutor.runWorker(ThreadPoolExecutor.java:1100)
07-16 14:00:04.192 30426 30456 E fgqw    : 	at java.util.concurrent.ThreadPoolExecutor$Worker.run(ThreadPoolExecutor.java:624)
07-16 14:00:04.192 30426 30456 E fgqw    : 	at dhmv.run(PG:33)
07-16 14:00:04.192 30426 30456 E fgqw    : 	at java.lang.Thread.run(Thread.java:1571)
07-16 14:00:04.192 30426 30456 E fgqw    : 	at dhoq.run(PG:62)
07-16 14:00:04.536  1836  1865 E AppOps  : package  not found, can't check for attributionTag null
07-16 14:00:04.536  1836  1865 E AppOps  : Bad call made by uid 1000. Package "" does not belong to uid 10147.
07-16 14:00:04.536  1836  1865 E AppOps  : Cannot getAppOpMode
07-16 14:00:04.536  1836  1865 E AppOps  : java.lang.SecurityException: Specified package "" under uid 10147 but it is not
07-16 14:00:04.536  1836  1865 E AppOps  : 	at com.android.server.appop.AppOpsService.verifyAndGetBypass(AppOpsService.java:5145)
07-16 14:00:04.536  1836  1865 E AppOps  : 	at com.android.server.appop.AppOpsService.verifyAndGetBypass(AppOpsService.java:4942)
07-16 14:00:04.536  1836  1865 E AppOps  : 	at com.android.server.appop.AppOpsService.verifyAndGetBypass(AppOpsService.java:4931)
07-16 14:00:04.536  1836  1865 E AppOps  : 	at com.android.server.appop.AppOpsService.getAppOpMode(AppOpsService.java:3127)
07-16 14:00:04.536  1836  1865 E AppOps  : 	at com.android.server.appop.AppOpsService.checkOperationImpl(AppOpsService.java:3041)
07-16 14:00:04.536  1836  1865 E AppOps  : 	at com.android.server.appop.AppOpsService.-$$Nest$mcheckOperationImpl(AppOpsService.java:0)
07-16 14:00:04.536  1836  1865 E AppOps  : 	at com.android.server.appop.AppOpsService$CheckOpsDelegateDispatcher.$r8$lambda$p7Z0eGBUU1-Gt7vHG9S-93UhGlY(AppOpsService.java:0)
07-16 14:00:04.536  1836  1865 E AppOps  : 	at com.android.server.appop.AppOpsService$CheckOpsDelegateDispatcher$$ExternalSyntheticLambda9.apply(R8$$SyntheticClass:0)
07-16 14:00:04.536  1836  1865 E AppOps  : 	at com.android.server.policy.AppOpsPolicy.checkOperation(AppOpsPolicy.java:236)
07-16 14:00:04.536  1836  1865 E AppOps  : 	at com.android.server.appop.AppOpsService$CheckOpsDelegateDispatcher.checkOperation(AppOpsService.java:7988)
07-16 14:00:04.536  1836  1865 E AppOps  : 	at com.android.server.appop.AppOpsService.checkOperationRawForDevice(AppOpsService.java:2998)
07-16 14:00:04.536  1836  1865 E AppOps  : 	at com.android.internal.app.IAppOpsService$Stub.onTransact(IAppOpsService.java:1313)
07-16 14:00:04.536  1836  1865 E AppOps  : 	at android.os.Binder.execTransactInternal(Binder.java:1328)
07-16 14:00:04.536  1836  1865 E AppOps  : 	at android.os.Binder.execTransact(Binder.java:1282)
07-16 14:00:04.538  1836  1865 E AppOps  : package  not found, can't check for attributionTag null
07-16 14:00:04.538  1836  1865 E AppOps  : Bad call made by uid 1000. Package "" does not belong to uid 10147.
07-16 14:00:04.538  1836  1865 E AppOps  : Cannot getAppOpMode
07-16 14:00:04.538  1836  1865 E AppOps  : java.lang.SecurityException: Specified package "" under uid 10147 but it is not
07-16 14:00:04.538  1836  1865 E AppOps  : 	at com.android.server.appop.AppOpsService.verifyAndGetBypass(AppOpsService.java:5145)
07-16 14:00:04.538  1836  1865 E AppOps  : 	at com.android.server.appop.AppOpsService.verifyAndGetBypass(AppOpsService.java:4942)
07-16 14:00:04.538  1836  1865 E AppOps  : 	at com.android.server.appop.AppOpsService.verifyAndGetBypass(AppOpsService.java:4931)
07-16 14:00:04.538  1836  1865 E AppOps  : 	at com.android.server.appop.AppOpsService.getAppOpMode(AppOpsService.java:3127)
07-16 14:00:04.538  1836  1865 E AppOps  : 	at com.android.server.appop.AppOpsService.checkOperationImpl(AppOpsService.java:3041)
07-16 14:00:04.538  1836  1865 E AppOps  : 	at com.android.server.appop.AppOpsService.-$$Nest$mcheckOperationImpl(AppOpsService.java:0)
07-16 14:00:04.538  1836  1865 E AppOps  : 	at com.android.server.appop.AppOpsService$CheckOpsDelegateDispatcher.$r8$lambda$p7Z0eGBUU1-Gt7vHG9S-93UhGlY(AppOpsService.java:0)
07-16 14:00:04.538  1836  1865 E AppOps  : 	at com.android.server.appop.AppOpsService$CheckOpsDelegateDispatcher$$ExternalSyntheticLambda9.apply(R8$$SyntheticClass:0)
07-16 14:00:04.538  1836  1865 E AppOps  : 	at com.android.server.policy.AppOpsPolicy.checkOperation(AppOpsPolicy.java:236)
07-16 14:00:04.538  1836  1865 E AppOps  : 	at com.android.server.appop.AppOpsService$CheckOpsDelegateDispatcher.checkOperation(AppOpsService.java:7988)
07-16 14:00:04.538  1836  1865 E AppOps  : 	at com.android.server.appop.AppOpsService.checkOperationRawForDevice(AppOpsService.java:2998)
07-16 14:00:04.538  1836  1865 E AppOps  : 	at com.android.internal.app.IAppOpsService$Stub.onTransact(IAppOpsService.java:1313)
07-16 14:00:04.538  1836  1865 E AppOps  : 	at android.os.Binder.execTransactInternal(Binder.java:1328)
07-16 14:00:04.538  1836  1865 E AppOps  : 	at android.os.Binder.execTransact(Binder.java:1282)
07-16 14:00:04.752 30426 30462 E A       : UI template failed to generate weather tomorrow forecast card
07-16 14:00:04.803 30426 30455 E fgqw    : Failed to store the update to Geller storage.
07-16 14:00:04.803 30426 30455 E fgqw    : com.google.android.libraries.geller.portable.GellerException: Code: FAILED_PRECONDITION, Message: Corpus SMARTSPACE_CARD_UPDATE_RECORD has wipeout enabled, so local writes are blocked
07-16 14:00:04.803 30426 30455 E fgqw    : 	at com.google.android.libraries.geller.portable.Geller.nativeWrite(Native Method)
07-16 14:00:04.803 30426 30455 E fgqw    : 	at dkcv.a(PG:57)
07-16 14:00:04.803 30426 30455 E fgqw    : 	at com.google.android.libraries.geller.portable.Geller.j(PG:10)
07-16 14:00:04.803 30426 30455 E fgqw    : 	at dkcu.a(PG:249)
07-16 14:00:04.803 30426 30455 E fgqw    : 	at fimx.a(PG:17)
07-16 14:00:04.803 30426 30455 E fgqw    : 	at ftke.a(PG:3)
07-16 14:00:04.803 30426 30455 E fgqw    : 	at ftjj.run(PG:19)
07-16 14:00:04.803 30426 30455 E fgqw    : 	at ftkg.run(PG:5)
07-16 14:00:04.803 30426 30455 E fgqw    : 	at ftjw.run(PG:3)
07-16 14:00:04.803 30426 30455 E fgqw    : 	at ftjx.run(PG:64)
07-16 14:00:04.803 30426 30455 E fgqw    : 	at dhnp.run(PG:5)
07-16 14:00:04.803 30426 30455 E fgqw    : 	at java.util.concurrent.ThreadPoolExecutor.runWorker(ThreadPoolExecutor.java:1100)
07-16 14:00:04.803 30426 30455 E fgqw    : 	at java.util.concurrent.ThreadPoolExecutor$Worker.run(ThreadPoolExecutor.java:624)
07-16 14:00:04.803 30426 30455 E fgqw    : 	at dhmv.run(PG:33)
07-16 14:00:04.803 30426 30455 E fgqw    : 	at java.lang.Thread.run(Thread.java:1571)
07-16 14:00:04.803 30426 30455 E fgqw    : 	at dhoq.run(PG:62)
07-16 14:00:04.856  1836  5559 E AppOps  : package  not found, can't check for attributionTag null
07-16 14:00:04.856  1836  5559 E AppOps  : Bad call made by uid 1000. Package "" does not belong to uid -5.
07-16 14:00:04.856  1836  5559 E AppOps  : Cannot getAppOpMode: non-application UID -5
07-16 14:00:04.857  1836  5559 E AppOps  : package  not found, can't check for attributionTag null
07-16 14:00:04.857  1836  5559 E AppOps  : Bad call made by uid 1000. Package "" does not belong to uid -5.
07-16 14:00:04.857  1836  5559 E AppOps  : Cannot getAppOpMode: non-application UID -5
07-16 14:00:05.286  1148  1201 E WifiHAL : Creating message to get cached scan results
07-16 14:00:08.400  1148  3775 E WifiHAL : Creating message to get cached scan results
07-16 14:00:11.496  1148  1201 E WifiHAL : Creating message to get cached scan results
07-16 14:00:14.058  7057  7620 E msys    : E[N WA]_WAJMNSStreamImplOnMNSFailure(290)=>[LogLevel:I] WAJMNSStream/impl/callback/onMNSFailure/p=0xb4000077c41b80d0 (error=MNSTCPSocketReceive(): Software caused connection abort)
07-16 14:00:14.058  7057  7620 E msys    : E[N WA]_WAJMNSStreamImplCreateConnectionReport(197)=>[LogLevel:I] WAJMNSStream/impl/report port=5222, connectedIPVersion=4, resolvedIPAddressCount=1, dnsResolutionStartTimeMS=16064314, dnsResolutionEndTimeMS=16064316, dnsCacheHit=Yes, connectStartTimeMS=16064316, connectEndTimeMS=16064362, proxyConnectStartTimeMS=0, proxyConnectEndTimeMS=0
07-16 14:00:14.058  7057  7620 E msys    : E[N WA]_WAJMNSStreamImplUpdateStreamState(233)=>[LogLevel:I] WAJMNSStream/impl/state-changed/p=0xb4000077c41b80d0 (connected=>disconnected)
07-16 14:00:14.068  7057  7391 E msys    : E[N WA]WAJMNSStreamImplForceDisconnectSync(533)=>[LogLevel:W] WAJMNSStream/impl/disconnect/force/p=0xb4000077c41b80d0 (bytesSent=1600)(bytesRecv=1583)
07-16 14:00:14.600  1148  3775 E WifiHAL : Creating message to get cached scan results
07-16 14:00:15.914  3796  3796 E NotifRow: Magnetic state changed from IDLE to IDLE on a null swiped listener, or the logging key of the listener is null
07-16 14:00:15.914  3796  3796 E StackScroller: Attempting to re-position view {null}
07-16 14:00:16.019  3796  3796 E FontInterpolator: [0.05666667, 0.08] Cache MISS for InterpKey(start=Font {path=null, style=FontStyle { weight=400, slant=0}, ttcIndex=0, axes='wght' 420.0, localeList=[], buffer=java.nio.DirectByteBuffer[pos=0 lim=112188 cap=112188]}, end=Font {path=null, style=FontStyle { weight=400, slant=0}, ttcIndex=0, axes='wght' 94.0, localeList=[], buffer=java.nio.DirectByteBuffer[pos=0 lim=112188 cap=112188]}, frame=2) / VarFontKey(sourceId=5, index=0, sortedAxes=['wght' 400.0])
07-16 14:00:16.053  3796  3796 E FontInterpolator: [0.20333333, 0.20333333] Cache MISS for InterpKey(start=Font {path=null, style=FontStyle { weight=400, slant=0}, ttcIndex=0, axes='wght' 420.0, localeList=[], buffer=java.nio.DirectByteBuffer[pos=0 lim=112188 cap=112188]}, end=Font {path=null, style=FontStyle { weight=400, slant=0}, ttcIndex=0, axes='wght' 94.0, localeList=[], buffer=java.nio.DirectByteBuffer[pos=0 lim=112188 cap=112188]}, frame=6) / VarFontKey(sourceId=5, index=0, sortedAxes=['wght' 350.0])
07-16 14:00:16.078  3796  3796 E FontInterpolator: [0.15520532, 0.122857146] Cache MISS for InterpKey(start=Font {path=null, style=FontStyle { weight=400, slant=0}, ttcIndex=0, axes='wght' 1000.0, localeList=[], buffer=java.nio.DirectByteBuffer[pos=0 lim=11928 cap=11928]}, end=Font {path=null, style=FontStyle { weight=400, slant=0}, ttcIndex=0, axes='wght' 0.0, localeList=[], buffer=java.nio.DirectByteBuffer[pos=0 lim=11928 cap=11928]}, frame=4) / VarFontKey(sourceId=4, index=0, sortedAxes=['wght' 840.0])
07-16 14:00:16.103  3796  3796 E FontInterpolator: [0.33065027, 0.15857142] Cache MISS for InterpKey(start=Font {path=null, style=FontStyle { weight=400, slant=0}, ttcIndex=0, axes='wght' 1000.0, localeList=[], buffer=java.nio.DirectByteBuffer[pos=0 lim=11928 cap=11928]}, end=Font {path=null, style=FontStyle { weight=400, slant=0}, ttcIndex=0, axes='wght' 0.0, localeList=[], buffer=java.nio.DirectByteBuffer[pos=0 lim=11928 cap=11928]}, frame=5) / VarFontKey(sourceId=4, index=0, sortedAxes=['wght' 670.0])
07-16 14:00:16.112  3796  3796 E FontInterpolator: [0.39666668, 0.39666668] Cache MISS for InterpKey(start=Font {path=null, style=FontStyle { weight=400, slant=0}, ttcIndex=0, axes='wght' 420.0, localeList=[], buffer=java.nio.DirectByteBuffer[pos=0 lim=112188 cap=112188]}, end=Font {path=null, style=FontStyle { weight=400, slant=0}, ttcIndex=0, axes='wght' 94.0, localeList=[], buffer=java.nio.DirectByteBuffer[pos=0 lim=112188 cap=112188]}, frame=12) / VarFontKey(sourceId=5, index=0, sortedAxes=['wght' 290.0])
07-16 14:00:16.140  3796  3796 E FontInterpolator: [0.6084814, 0.19428572] Cache MISS for InterpKey(start=Font {path=null, style=FontStyle { weight=400, slant=0}, ttcIndex=0, axes='wght' 1000.0, localeList=[], buffer=java.nio.DirectByteBuffer[pos=0 lim=11928 cap=11928]}, end=Font {path=null, style=FontStyle { weight=400, slant=0}, ttcIndex=0, axes='wght' 0.0, localeList=[], buffer=java.nio.DirectByteBuffer[pos=0 lim=11928 cap=11928]}, frame=6) / VarFontKey(sourceId=4, index=0, sortedAxes=['wght' 390.0])
07-16 14:00:16.162  3796  3796 E FontInterpolator: [0.56333333, 0.56333333] Cache MISS for InterpKey(start=Font {path=null, style=FontStyle { weight=400, slant=0}, ttcIndex=0, axes='wght' 420.0, localeList=[], buffer=java.nio.DirectByteBuffer[pos=0 lim=112188 cap=112188]}, end=Font {path=null, style=FontStyle { weight=400, slant=0}, ttcIndex=0, axes='wght' 94.0, localeList=[], buffer=java.nio.DirectByteBuffer[pos=0 lim=112188 cap=112188]}, frame=17) / VarFontKey(sourceId=5, index=0, sortedAxes=['wght' 240.0])
07-16 14:00:16.168  3796  3796 E FontInterpolator: [0.7794303, 0.25428572] Cache MISS for InterpKey(start=Font {path=null, style=FontStyle { weight=400, slant=0}, ttcIndex=0, axes='wght' 1000.0, localeList=[], buffer=java.nio.DirectByteBuffer[pos=0 lim=11928 cap=11928]}, end=Font {path=null, style=FontStyle { weight=400, slant=0}, ttcIndex=0, axes='wght' 0.0, localeList=[], buffer=java.nio.DirectByteBuffer[pos=0 lim=11928 cap=11928]}, frame=8) / VarFontKey(sourceId=4, index=0, sortedAxes=['wght' 220.0])
07-16 14:00:16.194  3796  3796 E FontInterpolator: [0.82829577, 0.29] Cache MISS for InterpKey(start=Font {path=null, style=FontStyle { weight=400, slant=0}, ttcIndex=0, axes='wght' 1000.0, localeList=[], buffer=java.nio.DirectByteBuffer[pos=0 lim=11928 cap=11928]}, end=Font {path=null, style=FontStyle { weight=400, slant=0}, ttcIndex=0, axes='wght' 0.0, localeList=[], buffer=java.nio.DirectByteBuffer[pos=0 lim=11928 cap=11928]}, frame=9) / VarFontKey(sourceId=4, index=0, sortedAxes=['wght' 170.0])
07-16 14:00:16.247  3796  3796 E FontInterpolator: [0.8903983, 0.36142856] Cache MISS for InterpKey(start=Font {path=null, style=FontStyle { weight=400, slant=0}, ttcIndex=0, axes='wght' 1000.0, localeList=[], buffer=java.nio.DirectByteBuffer[pos=0 lim=11928 cap=11928]}, end=Font {path=null, style=FontStyle { weight=400, slant=0}, ttcIndex=0, axes='wght' 0.0, localeList=[], buffer=java.nio.DirectByteBuffer[pos=0 lim=11928 cap=11928]}, frame=11) / VarFontKey(sourceId=4, index=0, sortedAxes=['wght' 110.0])
07-16 14:00:16.263  3796  3796 E FontInterpolator: [0.89666665, 0.89666665] Cache MISS for InterpKey(start=Font {path=null, style=FontStyle { weight=400, slant=0}, ttcIndex=0, axes='wght' 420.0, localeList=[], buffer=java.nio.DirectByteBuffer[pos=0 lim=112188 cap=112188]}, end=Font {path=null, style=FontStyle { weight=400, slant=0}, ttcIndex=0, axes='wght' 94.0, localeList=[], buffer=java.nio.DirectByteBuffer[pos=0 lim=112188 cap=112188]}, frame=27) / VarFontKey(sourceId=5, index=0, sortedAxes=['wght' 130.0])
07-16 14:00:16.263  3796  3796 E FontInterpolator: [0.90299046, 0.38428572] Cache MISS for InterpKey(start=Font {path=null, style=FontStyle { weight=400, slant=0}, ttcIndex=0, axes='wght' 1000.0, localeList=[], buffer=java.nio.DirectByteBuffer[pos=0 lim=11928 cap=11928]}, end=Font {path=null, style=FontStyle { weight=400, slant=0}, ttcIndex=0, axes='wght' 0.0, localeList=[], buffer=java.nio.DirectByteBuffer[pos=0 lim=11928 cap=11928]}, frame=12) / VarFontKey(sourceId=4, index=0, sortedAxes=['wght' 100.0])
07-16 14:00:16.285  3796  3796 E FontInterpolator: [0.9217567, 0.42] Cache MISS for InterpKey(start=Font {path=null, style=FontStyle { weight=400, slant=0}, ttcIndex=0, axes='wght' 1000.0, localeList=[], buffer=java.nio.DirectByteBuffer[pos=0 lim=11928 cap=11928]}, end=Font {path=null, style=FontStyle { weight=400, slant=0}, ttcIndex=0, axes='wght' 0.0, localeList=[], buffer=java.nio.DirectByteBuffer[pos=0 lim=11928 cap=11928]}, frame=13) / VarFontKey(sourceId=4, index=0, sortedAxes=['wght' 80.0])
07-16 14:00:16.337  3796  3796 E FontInterpolator: [0.9476834, 0.49142858] Cache MISS for InterpKey(start=Font {path=null, style=FontStyle { weight=400, slant=0}, ttcIndex=0, axes='wght' 1000.0, localeList=[], buffer=java.nio.DirectByteBuffer[pos=0 lim=11928 cap=11928]}, end=Font {path=null, style=FontStyle { weight=400, slant=0}, ttcIndex=0, axes='wght' 0.0, localeList=[], buffer=java.nio.DirectByteBuffer[pos=0 lim=11928 cap=11928]}, frame=15) / VarFontKey(sourceId=4, index=0, sortedAxes=['wght' 50.0])
07-16 14:00:16.363  3796  3796 E FontInterpolator: [0.9569675, 0.5271429] Cache MISS for InterpKey(start=Font {path=null, style=FontStyle { weight=400, slant=0}, ttcIndex=0, axes='wght' 1000.0, localeList=[], buffer=java.nio.DirectByteBuffer[pos=0 lim=11928 cap=11928]}, end=Font {path=null, style=FontStyle { weight=400, slant=0}, ttcIndex=0, axes='wght' 0.0, localeList=[], buffer=java.nio.DirectByteBuffer[pos=0 lim=11928 cap=11928]}, frame=16) / VarFontKey(sourceId=4, index=0, sortedAxes=['wght' 40.0])
07-16 14:00:16.403  3796  3796 E FontInterpolator: [0.9701153, 0.5871429] Cache MISS for InterpKey(start=Font {path=null, style=FontStyle { weight=400, slant=0}, ttcIndex=0, axes='wght' 1000.0, localeList=[], buffer=java.nio.DirectByteBuffer[pos=0 lim=11928 cap=11928]}, end=Font {path=null, style=FontStyle { weight=400, slant=0}, ttcIndex=0, axes='wght' 0.0, localeList=[], buffer=java.nio.DirectByteBuffer[pos=0 lim=11928 cap=11928]}, frame=18) / VarFontKey(sourceId=4, index=0, sortedAxes=['wght' 30.0])
07-16 14:00:16.407  1836  2301 E InputDispatcher: channel '[Gesture Monitor] Quick Tap' ~ Channel is unrecoverably broken and will be disposed!
07-16 14:00:16.427  3796  3796 E FontInterpolator: [0.97626364, 0.62285715] Cache MISS for InterpKey(start=Font {path=null, style=FontStyle { weight=400, slant=0}, ttcIndex=0, axes='wght' 1000.0, localeList=[], buffer=java.nio.DirectByteBuffer[pos=0 lim=11928 cap=11928]}, end=Font {path=null, style=FontStyle { weight=400, slant=0}, ttcIndex=0, axes='wght' 0.0, localeList=[], buffer=java.nio.DirectByteBuffer[pos=0 lim=11928 cap=11928]}, frame=19) / VarFontKey(sourceId=4, index=0, sortedAxes=['wght' 20.0])
07-16 14:00:16.482  5576  6096 E Notification4Watch6_NB: WatchFactory.getWatch-lastConnectedNodeId is null
07-16 14:00:16.550  1148  3775 E WifiHAL : Creating message to get cached scan results
07-16 14:00:16.672  1148  3775 E WifiHAL : Setting APF program, halHandle = 0xb4000076572e6190
07-16 14:00:16.672  1148  3775 E WifiHAL : Set apf filter for iface = wlan0
07-16 14:00:16.675  4419 23128 E NearbyMediums: MEDIUM_ERROR [SYSTEM][WIFI_LAN][START_LISTENING_INCOMING_CONNECTION][ACCEPT_CONNECTION_FAILED][SOCKET_CLOSED], service-id=NearbySharing
07-16 14:00:16.675  4419 23128 E NearbyMediums: Extra Sensitive/PII message : Socket closed
07-16 14:00:17.201  1836  3763 E ConsumerBase: [ImageReader-806x1795f1m1-1836-423] abandonLocked: ConsumerBase is abandoned!
07-16 14:00:17.354 30841 22060 E Cello   : [22060:NonCelloThread] item_query_handler.cc:78:CheckQueryAgainstInternalItemLocalProperty Querying on internal item local property key: pinned
07-16 14:00:17.374  1836  3710 E SyncManager: SYNC_OP_STATE_INVALID: disallowed by settings/network
07-16 14:00:17.374 30841 31281 E Cello   : [31281:NonCelloThread] item_query_handler.cc:78:CheckQueryAgainstInternalItemLocalProperty Querying on internal item local property key: pinned
07-16 14:00:17.420 30841  1671 E Cello   : [1671:NonCelloThread] item_query_handler.cc:78:CheckQueryAgainstInternalItemLocalProperty Querying on internal item local property key: pinned
07-16 14:00:17.437  1836  3710 E SyncManager: SYNC_OP_STATE_INVALID: disallowed by settings/network
07-16 14:00:17.451 30841  1687 E Cello   : [1687:NonCelloThread] item_query_handler.cc:78:CheckQueryAgainstInternalItemLocalProperty Querying on internal item local property key: pinned
07-16 14:00:17.516 30841 22049 E Cello   : [22049:NonCelloThread] item_query_handler.cc:78:CheckQueryAgainstInternalItemLocalProperty Querying on internal item local property key: pinned
07-16 14:00:17.536 30841 22098 E Cello   : [22098:NonCelloThread] item_query_handler.cc:78:CheckQueryAgainstInternalItemLocalProperty Querying on internal item local property key: pinned
07-16 14:00:17.547  1836  3763 E ConsumerBase: [ImageReader-806x1795f1m1-1836-424] abandonLocked: ConsumerBase is abandoned!
07-16 14:00:17.547  1836  3710 E SyncManager: SYNC_OP_STATE_INVALID: disallowed by settings/network
07-16 14:00:17.576 30841  1585 E Cello   : [1585:NonCelloThread] item_query_handler.cc:78:CheckQueryAgainstInternalItemLocalProperty Querying on internal item local property key: pinned
07-16 14:00:17.611  1836  5554 E ConsumerBase: [ImageReader-806x1795f1m1-1836-425] abandonLocked: ConsumerBase is abandoned!
07-16 14:00:17.622  1836  3710 E SyncManager: SYNC_OP_STATE_INVALID: disallowed by settings/network
07-16 14:00:17.623 30841 31699 E Cello   : [31699:NonCelloThread] item_query_handler.cc:78:CheckQueryAgainstInternalItemLocalProperty Querying on internal item local property key: pinned
07-16 14:00:17.642 30841 22036 E Cello   : [22036:NonCelloThread] item_query_handler.cc:78:CheckQueryAgainstInternalItemLocalProperty Querying on internal item local property key: pinned
07-16 14:00:17.646  1836  3710 E SyncManager: SYNC_OP_STATE_INVALID: disallowed by settings/network
07-16 14:00:17.665  1836  3710 E SyncManager: SYNC_OP_STATE_INVALID: disallowed by settings/network
07-16 14:00:18.579 30841 22098 E Cello   : [22098:NonCelloThread] item_query_handler.cc:78:CheckQueryAgainstInternalItemLocalProperty Querying on internal item local property key: pinned
07-16 14:00:18.624 30841 30977 E azmr    : RuntimeException while executing runnable idm@92b39cc with executor MoreExecutors.directExecutor()
07-16 14:00:18.624 30841 30977 E azmr    : java.lang.NullPointerException: Attempt to invoke virtual method 'int android.app.ApplicationStartInfo.getReason()' on a null object reference
07-16 14:00:18.624 30841 30977 E azmr    : 	at lc$$ExternalSyntheticApiModelOutline1.m(D8$$SyntheticClass:1)
07-16 14:00:18.624 30841 30977 E azmr    : 	at mxk.d(PG:9)
07-16 14:00:18.624 30841 30977 E azmr    : 	at idm.run(PG:149)
07-16 14:00:18.624 30841 30977 E azmr    : 	at azln.execute(PG:1)
07-16 14:00:18.624 30841 30977 E azmr    : 	at azmr.c(PG:7)
07-16 14:00:18.624 30841 30977 E azmr    : 	at mym.b(PG:274)
07-16 14:00:18.624 30841 30977 E azmr    : 	at mym.a(PG:3)
07-16 14:00:18.624 30841 30977 E azmr    : 	at ayhi.e(PG:318)
07-16 14:00:18.624 30841 30977 E azmr    : 	at lqc.run(PG:331)
07-16 14:00:18.624 30841 30977 E azmr    : 	at java.util.concurrent.ThreadPoolExecutor.runWorker(ThreadPoolExecutor.java:1100)
07-16 14:00:18.624 30841 30977 E azmr    : 	at java.util.concurrent.ThreadPoolExecutor$Worker.run(ThreadPoolExecutor.java:624)
07-16 14:00:18.624 30841 30977 E azmr    : 	at java.lang.Thread.run(Thread.java:1571)
07-16 14:00:20.058  4141  4375 E SatelliteController: isSatelliteEnabled: mIsSatelliteEnabled=null
07-16 14:00:20.088  1836  4512 E TransitionChain: Can't collect into a chain with no transition
07-16 14:00:27.616  1148  1201 E WifiHAL : Creating message to get cached scan results
07-16 14:00:27.702 30841 22060 E Cello   : [22060:NonCelloThread] item_query_handler.cc:78:CheckQueryAgainstInternalItemLocalProperty Querying on internal item local property key: pinned
07-16 14:00:27.747 30841 31281 E Cello   : [31281:NonCelloThread] item_query_handler.cc:78:CheckQueryAgainstInternalItemLocalProperty Querying on internal item local property key: pinned
07-16 14:00:27.793  4555  4677 E IwlanNetworkStatusTracker: Could not get Wifi SSID
07-16 14:00:27.859 30841  1671 E Cello   : [1671:NonCelloThread] item_query_handler.cc:78:CheckQueryAgainstInternalItemLocalProperty Querying on internal item local property key: pinned
07-16 14:00:27.886  1836  3710 E SyncManager: SYNC_OP_STATE_INVALID: disallowed by settings/network
07-16 14:00:27.919 30841  1687 E Cello   : [1687:NonCelloThread] item_query_handler.cc:78:CheckQueryAgainstInternalItemLocalProperty Querying on internal item local property key: pinned
07-16 14:00:27.956  1836  3710 E SyncManager: SYNC_OP_STATE_INVALID: disallowed by settings/network
07-16 14:00:27.965 30841 22049 E Cello   : [22049:NonCelloThread] item_query_handler.cc:78:CheckQueryAgainstInternalItemLocalProperty Querying on internal item local property key: pinned
07-16 14:00:27.986 30841 22098 E Cello   : [22098:NonCelloThread] item_query_handler.cc:78:CheckQueryAgainstInternalItemLocalProperty Querying on internal item local property key: pinned
07-16 14:00:28.003  1836  3710 E SyncManager: SYNC_OP_STATE_INVALID: disallowed by settings/network
07-16 14:00:28.007 30841  1585 E Cello   : [1585:NonCelloThread] item_query_handler.cc:78:CheckQueryAgainstInternalItemLocalProperty Querying on internal item local property key: pinned
07-16 14:00:28.032  1836  3710 E SyncManager: SYNC_OP_STATE_INVALID: disallowed by settings/network
07-16 14:00:28.036 30841 31699 E Cello   : [31699:NonCelloThread] item_query_handler.cc:78:CheckQueryAgainstInternalItemLocalProperty Querying on internal item local property key: pinned
07-16 14:00:28.061 30841 22036 E Cello   : [22036:NonCelloThread] item_query_handler.cc:78:CheckQueryAgainstInternalItemLocalProperty Querying on internal item local property key: pinned
07-16 14:00:28.064  1836  3710 E SyncManager: SYNC_OP_STATE_INVALID: disallowed by settings/network
07-16 14:00:28.096  1836  3710 E SyncManager: SYNC_OP_STATE_INVALID: disallowed by settings/network
07-16 14:00:29.451 30841 31281 E Cello   : [31281:NonCelloThread] item_query_handler.cc:78:CheckQueryAgainstInternalItemLocalProperty Querying on internal item local property key: pinned
07-16 14:00:29.494 30841 30977 E azmr    : RuntimeException while executing runnable idm@2e0debe with executor MoreExecutors.directExecutor()
07-16 14:00:29.494 30841 30977 E azmr    : java.lang.NullPointerException: Attempt to invoke virtual method 'int android.app.ApplicationStartInfo.getReason()' on a null object reference
07-16 14:00:29.494 30841 30977 E azmr    : 	at lc$$ExternalSyntheticApiModelOutline1.m(D8$$SyntheticClass:1)
07-16 14:00:29.494 30841 30977 E azmr    : 	at mxk.d(PG:9)
07-16 14:00:29.494 30841 30977 E azmr    : 	at idm.run(PG:149)
07-16 14:00:29.494 30841 30977 E azmr    : 	at azln.execute(PG:1)
07-16 14:00:29.494 30841 30977 E azmr    : 	at azmr.c(PG:7)
07-16 14:00:29.494 30841 30977 E azmr    : 	at mym.b(PG:274)
07-16 14:00:29.494 30841 30977 E azmr    : 	at mym.a(PG:3)
07-16 14:00:29.494 30841 30977 E azmr    : 	at ayhi.e(PG:318)
07-16 14:00:29.494 30841 30977 E azmr    : 	at lqc.run(PG:331)
07-16 14:00:29.494 30841 30977 E azmr    : 	at java.util.concurrent.ThreadPoolExecutor.runWorker(ThreadPoolExecutor.java:1100)
07-16 14:00:29.494 30841 30977 E azmr    : 	at java.util.concurrent.ThreadPoolExecutor$Worker.run(ThreadPoolExecutor.java:624)
07-16 14:00:29.494 30841 30977 E azmr    : 	at java.lang.Thread.run(Thread.java:1571)
07-16 14:00:30.505 30841 22033 E CallbackManager: onErrorInternal: File removal not possible for /data/user/0/com.google.android.apps.docs.editors.docs/files/appmetadata/9f8ac904840cf0094518d5fd117bfcbf/files/templates/thumbnail/1kldY6Xv3t6-XfG4q3kERZbOB4glcJstHB7G6AxphOEo - File does not exist.. Executing errorRunnable
07-16 14:00:30.512 30841 22033 E CallbackManager: onErrorInternal: File removal not possible for /data/user/0/com.google.android.apps.docs.editors.docs/files/appmetadata/9f8ac904840cf0094518d5fd117bfcbf/files/templates/thumbnail/12OqBj7Pj3KYCouuep9Te_Rl5NPF6dn1agWqqKFcZmw8 - File does not exist.. Executing errorRunnable
07-16 14:00:30.513 30841 22033 E CallbackManager: onErrorInternal: File removal not possible for /data/user/0/com.google.android.apps.docs.editors.docs/files/appmetadata/9f8ac904840cf0094518d5fd117bfcbf/files/templates/thumbnail/1u7gKcl3wof54IEWcIIH_8-_H2N4caeQ1OQ7rWJ51kJM - File does not exist.. Executing errorRunnable
07-16 14:00:30.515 30841 22033 E CallbackManager: onErrorInternal: File removal not possible for /data/user/0/com.google.android.apps.docs.editors.docs/files/appmetadata/9f8ac904840cf0094518d5fd117bfcbf/files/templates/thumbnail/1OLxGsoZ-q6o9MiMbWpY7FngEKzF94SS6fZXAwo-vorM - File does not exist.. Executing errorRunnable
07-16 14:00:30.516 30841 22033 E CallbackManager: onErrorInternal: File removal not possible for /data/user/0/com.google.android.apps.docs.editors.docs/files/appmetadata/9f8ac904840cf0094518d5fd117bfcbf/files/templates/thumbnail/1kMUbLsP91Y6sRloqg3XO9lZtH1WwSdEnMj4k3TwXVkY - File does not exist.. Executing errorRunnable
07-16 14:00:30.517 30841 22033 E CallbackManager: onErrorInternal: File removal not possible for /data/user/0/com.google.android.apps.docs.editors.docs/files/appmetadata/9f8ac904840cf0094518d5fd117bfcbf/files/templates/thumbnail/1lsNEdEvnYcphzcjYQyn7dGnVi0em2BE2sbd3lJ2QgLg - File does not exist.. Executing errorRunnable
07-16 14:00:30.518 30841 22033 E CallbackManager: onErrorInternal: File removal not possible for /data/user/0/com.google.android.apps.docs.editors.docs/files/appmetadata/9f8ac904840cf0094518d5fd117bfcbf/files/templates/thumbnail/1rkJn84vhOq7kX2aERy8JczsVSNYgIu--rjZVZ6_JpZY - File does not exist.. Executing errorRunnable
07-16 14:00:30.520 30841 22033 E CallbackManager: onErrorInternal: File removal not possible for /data/user/0/com.google.android.apps.docs.editors.docs/files/appmetadata/9f8ac904840cf0094518d5fd117bfcbf/files/templates/thumbnail/1joKVUSg3kRd4w_hm-A-1OHt5TXu7i6NiLKEdoSM64HE - File does not exist.. Executing errorRunnable
07-16 14:00:30.522 30841 22033 E CallbackManager: onErrorInternal: File removal not possible for /data/user/0/com.google.android.apps.docs.editors.docs/files/appmetadata/9f8ac904840cf0094518d5fd117bfcbf/files/templates/thumbnail/1sb_ntuvpQ3JpIZr1PZ5kKVneBLc1PPLL2IfGKfCcQaQ - File does not exist.. Executing errorRunnable
07-16 14:00:30.523 30841 22033 E CallbackManager: onErrorInternal: File removal not possible for /data/user/0/com.google.android.apps.docs.editors.docs/files/appmetadata/9f8ac904840cf0094518d5fd117bfcbf/files/templates/thumbnail/10lgg6l6oUHiqqneLq9EwsYbuOVjdH8znQFK5M8iA5g0 - File does not exist.. Executing errorRunnable
07-16 14:00:30.524 30841 22033 E CallbackManager: onErrorInternal: File removal not possible for /data/user/0/com.google.android.apps.docs.editors.docs/files/appmetadata/9f8ac904840cf0094518d5fd117bfcbf/files/templates/thumbnail/1mhood8rqKZGxEYxZWbmqKhZpq_DCGMLAVbAhUw5aDDU - File does not exist.. Executing errorRunnable
07-16 14:00:30.525 30841 22033 E CallbackManager: onErrorInternal: File removal not possible for /data/user/0/com.google.android.apps.docs.editors.docs/files/appmetadata/9f8ac904840cf0094518d5fd117bfcbf/files/templates/thumbnail/1aVNjqrbJFSNj2gGOrlHPDjMHZ5iAxyq_lF1Q0wjsA_o - File does not exist.. Executing errorRunnable
07-16 14:00:30.526 30841 22033 E CallbackManager: onErrorInternal: File removal not possible for /data/user/0/com.google.android.apps.docs.editors.docs/files/appmetadata/9f8ac904840cf0094518d5fd117bfcbf/files/templates/thumbnail/1TY4VNTBHcosckwU_qKznmN0XhEuf6NQhv_KQ0vdMx4M - File does not exist.. Executing errorRunnable
07-16 14:00:30.527 30841 22033 E CallbackManager: onErrorInternal: File removal not possible for /data/user/0/com.google.android.apps.docs.editors.docs/files/appmetadata/9f8ac904840cf0094518d5fd117bfcbf/files/templates/thumbnail/1IWI6wP9TQq1UXMPoZlV03BKF6n6LXrYYeYUUVHklGlI - File does not exist.. Executing errorRunnable
07-16 14:00:30.528 30841 22033 E CallbackManager: onErrorInternal: File removal not possible for /data/user/0/com.google.android.apps.docs.editors.docs/files/appmetadata/9f8ac904840cf0094518d5fd117bfcbf/files/templates/thumbnail/1VaMjUs3w9ktmmvLuwdx54mxjfhnwY-tbeUNlhLY8wdA - File does not exist.. Executing errorRunnable
07-16 14:00:30.530 30841 22033 E CallbackManager: onErrorInternal: File removal not possible for /data/user/0/com.google.android.apps.docs.editors.docs/files/appmetadata/9f8ac904840cf0094518d5fd117bfcbf/files/templates/thumbnail/10e8_E36oj6_LuCRzckBFX_9oqbCHntmYB-jxB5U9gsw - File does not exist.. Executing errorRunnable
07-16 14:00:30.531 30841 22033 E CallbackManager: onErrorInternal: File removal not possible for /data/user/0/com.google.android.apps.docs.editors.docs/files/appmetadata/9f8ac904840cf0094518d5fd117bfcbf/files/templates/thumbnail/1G9Z3xtSII0Ugh5oU17UE2wgIxdwh69w3jtAc8DLOOvw - File does not exist.. Executing errorRunnable
07-16 14:00:30.532 30841 22033 E CallbackManager: onErrorInternal: File removal not possible for /data/user/0/com.google.android.apps.docs.editors.docs/files/appmetadata/9f8ac904840cf0094518d5fd117bfcbf/files/templates/thumbnail/1YeVnTPdY8XcFhG1ZhCtuxB1opQJD_brO7-Qf_dLk0Hw - File does not exist.. Executing errorRunnable
07-16 14:00:30.533 30841 22033 E CallbackManager: onErrorInternal: File removal not possible for /data/user/0/com.google.android.apps.docs.editors.docs/files/appmetadata/9f8ac904840cf0094518d5fd117bfcbf/files/templates/thumbnail/1hmFHxE9pkr0wBH6PTVqWmG58X0a3j-YW7mJFGdzRLJI - File does not exist.. Executing errorRunnable
