--------- beginning of main
07-16 13:49:53.437  1148  3775 E WifiHAL : Creating message to get cached scan results
07-16 13:49:54.165  4141  4375 E SatelliteController: isSatelliteEnabled: mIsSatelliteEnabled=null
--------- beginning of system
07-16 13:49:54.171  1836  5835 E TransitionChain: Can't collect into a chain with no transition
07-16 13:50:03.378  1100  1144 E libPixelUsbOverheat: nrEvents negative skipping
07-16 13:50:06.461  1100  1144 E libPixelUsbOverheat: nrEvents negative skipping
07-16 13:50:07.378  1100  1144 E libPixelUsbOverheat: nrEvents negative skipping
07-16 13:50:09.720  1100  1144 E libPixelUsbOverheat: nrEvents negative skipping
07-16 13:50:13.755  1100  1144 E libPixelUsbOverheat: nrEvents negative skipping
07-16 13:50:20.545  1100  1144 E libPixelUsbOverheat: nrEvents negative skipping
07-16 13:50:32.694  1836  1918 E libprocessgroup: Unable to find usable controller for (uid, pid, v2_path): (10281, 9233, 1)
07-16 13:50:32.703  1836  1918 E libprocessgroup: Unable to find usable controller for (uid, pid, v2_path): (10281, 9233, 1)
07-16 13:50:32.722  1836  3848 E BatteryStatsService: Invalid uid for waking network packet: -1
07-16 13:50:34.760  1100  1144 E libPixelUsbOverheat: nrEvents negative skipping
07-16 13:50:48.384  1836  4232 E AidlSensorEventQueue: Failed to disable sensor handle 16842788. Error: -22
07-16 13:50:48.441  4141  4375 E SatelliteController: isSatelliteEnabled: mIsSatelliteEnabled=null
07-16 13:50:48.444  1373  3739 E android.hardware.biometrics.face-service.pixel: Unable to read override config from disk: /data/vendor_de/0/facedata/override_config
07-16 13:50:48.447  1836  4512 E AppOps  : package client.pid<1373> not found, can't check for attributionTag null
07-16 13:50:48.447  1836  4512 E AppOps  : Bad call made by uid 1047. Package "client.pid<1373>" does not belong to uid 1000.
07-16 13:50:48.447  1836  4512 E AppOps  : Cannot getAppOpMode: non-application UID 1000
07-16 13:50:48.454  1159 25609 E DeviceHalAidl: Function: parseAndSetVendorParameters Line: 412 Failed 
07-16 13:50:48.455  1159 25609 E DeviceHalAidl: Function: parseAndSetVendorParameters Line: 412 Failed 
07-16 13:50:48.470  1081 30930 E Lyric   : quota_allocator.cc:91: 1 calls in 349 sec(s): Quota allocator resource exausted:  - lifetime allocations: 490, deallocations: 485, outstanding: 5, peak outstanding: 5
07-16 13:50:48.470  1081 30930 E Lyric   :  - current bytes allocated: 105937920, peak bytes allocated: 105937920 (framework buffers not tracked)
07-16 13:50:48.470  1081 30930 E Lyric   :  -  5 instances of {type: AllocationSpec, image: {type: ImageFormat, HalImageFormat: HalImageFormat{ pixel_format = RAW16_BAYER_SBWC, stride_alignment = 64, num_buffers = 1, header_stride_alignment = 16 }, Width: 3648, Height: 2736}, flags: 16} allocated at recycling_allocator.cc:246
07-16 13:50:48.488  4141  4375 E SatelliteController: isSatelliteEnabled: mIsSatelliteEnabled=null
07-16 13:50:48.494  1081  1552 E GAF     : af_tuning_manager.cc:110: 3 calls in 182 sec(s): Tof tuning key not found:  Usecase: 0 Sensor mode: -1 Viridian value: -1 Camera position: 2 Camera lens_type: 0 Camera spectrum: -1 Partial Usecases: {}
07-16 13:50:48.495  1081  1552 E GHAWB   : Skin Stats Analyzer: skin_stats_analyzer.cc:26] SetTuning: Disable SkinStatsAnalyzer in tuning
07-16 13:50:48.506  4141  4141 E SatelliteController: registerForSatelliteModemStateChanged: mSatelliteSessionController is not initialized yet
07-16 13:50:48.506  4141  4141 E SatelliteController: unregisterForModemStateChanged: mSatelliteSessionController is not initialized yet
07-16 13:50:48.509  4141  4141 E SatelliteController: registerForSatelliteModemStateChanged: mSatelliteSessionController is not initialized yet
07-16 13:50:48.509  4141  4141 E SatelliteController: unregisterForModemStateChanged: mSatelliteSessionController is not initialized yet
07-16 13:50:48.515  4141  4141 E SatelliteController: isSatelliteEnabled: mIsSatelliteEnabled=null
07-16 13:50:48.516  4141  4141 E SatelliteController: registerForSatelliteModemStateChanged: mSatelliteSessionController is not initialized yet
07-16 13:50:48.516  4141  4141 E SatelliteController: unregisterForModemStateChanged: mSatelliteSessionController is not initialized yet
07-16 13:50:48.523  1081 30929 E GHAWB   : Skin Stats Analyzer: skin_stats_analyzer.cc:26] SetTuning: Disable SkinStatsAnalyzer in tuning
07-16 13:50:48.523  1081  2153 E GAF     : elp_util.cc:523: 6 calls in 182 sec(s): FrontNormal: [ReqId:0] ELP couldn't be calculated from the ELP table history. Using final_Fallback_position 250
07-16 13:50:48.523  1081  2153 E GAF     : GAfStatsCdaf: gaf_stats_cdaf.cc:202] [ReqId:0] PreProcessHwCdaf: Invalid raw hw cdaf stats.
07-16 13:50:48.523  1081  2153 E GAF     : FrontNormal: gaf_metric_algos_3a.cc:65] [ReqId:0] ProcessStatsAe: invalid aec stats: skip aec stats processing
07-16 13:50:48.524  1081  2153 E GAF     : GAfStatsCdaf: gaf_stats_cdaf.cc:202] [ReqId:1] PreProcessHwCdaf: Invalid raw hw cdaf stats.
07-16 13:50:48.525  1081  2153 E GAF     : GAfStatsCdaf: gaf_stats_cdaf.cc:202] [ReqId:2] PreProcessHwCdaf: Invalid raw hw cdaf stats.
07-16 13:50:48.528  1081 30929 E Lyric   : software_fence.cc:40: Resetting unsignaled fence unnamed
07-16 13:50:48.585  1373 19767 E ACameraDeviceVendor: onMessageReceived: Cannot find physical capture result!
07-16 13:50:48.605  1373 19767 E ACameraDeviceVendor: onMessageReceived: Cannot find physical capture result!
07-16 13:50:48.619  1373  3739 E native  : E0000 00:00:1784202648.619540    3739 logging.cc:57] 15468808 : :72: Bundle buffer empty.
07-16 13:50:48.651  1373  3739 E native  : E0000 00:00:1784202648.651022    3739 logging.cc:57] 15468840 : :72: Bundle buffer empty.
07-16 13:50:48.658  1424  2022 E [GF_HAL][CustomizedSensor]: [readImage] err=GF_SUCCESS, dwell_time=119
07-16 13:50:48.659  1373 19767 E ACameraDeviceVendor: onMessageReceived: Cannot find physical capture result!
07-16 13:50:48.685  1373 19767 E ACameraDeviceVendor: onMessageReceived: Cannot find physical capture result!
07-16 13:50:48.690  1373  3739 E native  : E0000 00:00:1784202648.690425    3739 logging.cc:57] 15468879 : :72: Bundle buffer empty.
07-16 13:50:48.693  1836  3730 E FingerprintProvider/default: onPointerUp received during client: null
07-16 13:50:48.711  1836  3848 E BiometricScheduler: Current operation is null,no need to start watchdog
07-16 13:50:48.716  1836  3730 E AidlResponseHandler: Client monitor is not an instance of com.android.server.biometrics.sensors.AcquisitionClient
07-16 13:50:48.731  1373 19767 E ACameraDeviceVendor: onMessageReceived: Cannot find physical capture result!
07-16 13:50:48.735  1081 30933 E Lyric   : actuator_node.cc:226: request drop.
07-16 13:50:48.752  1836  1896 E DreamController: Dream activity is null.
07-16 13:50:48.791  1288  1392 E CameraDeviceClient: cancelRequest: Camera 1: Canceling request ID 0 doesn't match current request ID -1
07-16 13:50:48.792  1373  3739 E ACameraDeviceVendor: stopRepeatingLocked: cancelRepeatingRequest() call failed: ILLEGAL_ARGUMENT
07-16 13:50:48.792  1373  3739 E ACameraCaptureSession: Stop repeating request failed while closing session 0xb400006df4dd0190
07-16 13:50:48.840  1836  2038 E AppOps  : attributionTag IWLAN not declared in manifest of com.google.android.iwlan
07-16 13:50:48.901  5576  6402 E Notification4Watch6_NB: WatchFactory.getWatch-lastConnectedNodeId is null
07-16 13:50:48.904  1373  3739 E ConsumerBase: [ImageReader-1600x1200f23u16384m3-1373-194] abandonLocked: ConsumerBase is abandoned!
07-16 13:50:48.909  1424  2022 E [GF_HAL][CustomizedDumpKPI]: [parseAuthBigData] ui_ready_latency_ms=127, post_auth_latency_ms=21
07-16 13:50:48.910  1373  3739 E ConsumerBase: [ImageReader-3648x684f1003u16384m3-1373-195] abandonLocked: ConsumerBase is abandoned!
07-16 13:50:48.912  1148  1201 E WifiHAL : Creating message to get cached scan results
07-16 13:50:48.915  5576  6402 E Notification4Watch6_NB: WatchFactory.getWatch-lastConnectedNodeId is null
07-16 13:50:48.959  1148  1201 E WifiHAL : Creating message to get cached scan results
07-16 13:50:48.994  4555  4677 E IwlanNetworkStatusTracker: Could not get Wifi SSID
07-16 13:50:49.143 20697 19875 E Dck     : Could not get ProviderInfo when resolving the content provider authority. [CONTEXT service_id=289 ]
07-16 13:50:49.169  4141  4375 E SatelliteController: isSatelliteEnabled: mIsSatelliteEnabled=null
07-16 13:50:49.230 20697 29055 E Dck     : Could not get ProviderInfo when resolving the content provider authority. [CONTEXT service_id=289 ]
07-16 13:50:49.253  3796  3796 E NotifRow: Magnetic state changed from IDLE to IDLE on a null swiped listener, or the logging key of the listener is null
07-16 13:50:49.253  3796  3796 E StackScroller: Attempting to re-position view {null}
07-16 13:50:49.255  3796  3796 E NotifRow: Magnetic state changed from IDLE to IDLE on a null swiped listener, or the logging key of the listener is null
07-16 13:50:49.255  1836  4512 E BiometricScheduler: Current operation is null,no need to start watchdog
07-16 13:50:49.260  1148  1201 E WifiHAL : Setting APF program, halHandle = 0xb4000076572e6190
07-16 13:50:49.260  1148  1201 E WifiHAL : Set apf filter for iface = wlan0
07-16 13:50:49.448  3796 16845 E BLASTBufferQueue: [VRI[ScreenDecorOverlay]#826](f:0,a:2) Faking releaseBufferCallback from transactionCompleteCallback 104
07-16 13:50:49.709  1081  2059 E USF     : USF_SpAPI: [0]Can't find session for cookie:1000025ce to handle flicker data msg!
07-16 13:50:49.848  1836  2311 E HandwritingModeController: Cannot get requestId: Handwriting was not initialized.
07-16 13:50:50.235   666 11453 E keystore2: system/security/keystore2/src/error.rs:69 - system/security/keystore2/src/operation.rs:905: KeystoreOperation::finish
07-16 13:50:50.235   666 11453 E keystore2: 
07-16 13:50:50.235   666 11453 E keystore2: Caused by:
07-16 13:50:50.235   666 11453 E keystore2:     0: system/security/keystore2/src/operation.rs:451: Finish failed for AppUid(10640)
07-16 13:50:50.235   666 11453 E keystore2:     1: Error::Km(r#VERIFICATION_FAILED) for AppUid(10640)
07-16 13:50:50.241 19888 19888 E SecureStorageAndroid: EncryptedSharedPreferences initialization failed
07-16 13:50:50.241 19888 19888 E SecureStorageAndroid: javax.crypto.AEADBadTagException
07-16 13:50:50.241 19888 19888 E SecureStorageAndroid: 	at android.security.keystore2.AndroidKeyStoreCipherSpiBase.engineDoFinal(AndroidKeyStoreCipherSpiBase.java:632)
07-16 13:50:50.241 19888 19888 E SecureStorageAndroid: 	at javax.crypto.Cipher.doFinal(Cipher.java:2132)
07-16 13:50:50.241 19888 19888 E SecureStorageAndroid: 	at k3.b.b(SourceFile:76)
07-16 13:50:50.241 19888 19888 E SecureStorageAndroid: 	at k3.b.b(SourceFile:10)
07-16 13:50:50.241 19888 19888 E SecureStorageAndroid: 	at d3.b.c(SourceFile:36)
07-16 13:50:50.241 19888 19888 E SecureStorageAndroid: 	at n.S0.f(SourceFile:34)
07-16 13:50:50.241 19888 19888 E SecureStorageAndroid: 	at n.S0.a(SourceFile:57)
07-16 13:50:50.241 19888 19888 E SecureStorageAndroid: 	at a4.a.d(SourceFile:227)
07-16 13:50:50.241 19888 19888 E SecureStorageAndroid: 	at a4.a.c(SourceFile:7)
07-16 13:50:50.241 19888 19888 E SecureStorageAndroid: 	at a4.a.<init>(SourceFile:70)
07-16 13:50:50.241 19888 19888 E SecureStorageAndroid: 	at a4.c.onAttachedToEngine(SourceFile:12)
07-16 13:50:50.241 19888 19888 E SecureStorageAndroid: 	at h1.C.a(SourceFile:88)
07-16 13:50:50.241 19888 19888 E SecureStorageAndroid: 	at io.flutter.plugins.GeneratedPluginRegistrant.registerWith(SourceFile:146)
07-16 13:50:50.241 19888 19888 E SecureStorageAndroid: 	at java.lang.reflect.Method.invoke(Native Method)
07-16 13:50:50.241 19888 19888 E SecureStorageAndroid: 	at u5.b.D(SourceFile:20)
07-16 13:50:50.241 19888 19888 E SecureStorageAndroid: 	at p4.c.<init>(SourceFile:74)
07-16 13:50:50.241 19888 19888 E SecureStorageAndroid: 	at p4.c.<init>(SourceFile:2)
07-16 13:50:50.241 19888 19888 E SecureStorageAndroid: 	at dev.fluttercommunity.workmanager.BackgroundWorker.startWork(SourceFile:14)
07-16 13:50:50.241 19888 19888 E SecureStorageAndroid: 	at S0.G.k(SourceFile:115)
07-16 13:50:50.241 19888 19888 E SecureStorageAndroid: 	at U4.a.i(SourceFile:9)
07-16 13:50:50.241 19888 19888 E SecureStorageAndroid: 	at i5.C.run(SourceFile:119)
07-16 13:50:50.241 19888 19888 E SecureStorageAndroid: 	at android.os.Handler.handleCallback(Handler.java:1082)
07-16 13:50:50.241 19888 19888 E SecureStorageAndroid: 	at android.os.Handler.dispatchMessageImpl(Handler.java:135)
07-16 13:50:50.241 19888 19888 E SecureStorageAndroid: 	at android.os.Handler.dispatchMessage(Handler.java:126)
07-16 13:50:50.241 19888 19888 E SecureStorageAndroid: 	at android.os.Looper.loopOnce(Looper.java:295)
07-16 13:50:50.241 19888 19888 E SecureStorageAndroid: 	at android.os.Looper.loop(Looper.java:398)
07-16 13:50:50.241 19888 19888 E SecureStorageAndroid: 	at android.app.ActivityThread.main(ActivityThread.java:9569)
07-16 13:50:50.241 19888 19888 E SecureStorageAndroid: 	at java.lang.reflect.Method.invoke(Native Method)
07-16 13:50:50.241 19888 19888 E SecureStorageAndroid: 	at com.android.internal.os.RuntimeInit$MethodAndArgsCaller.run(RuntimeInit.java:575)
07-16 13:50:50.241 19888 19888 E SecureStorageAndroid: 	at com.android.internal.os.ZygoteInit.main(ZygoteInit.java:918)
07-16 13:50:50.241 19888 19888 E SecureStorageAndroid: Caused by: android.security.KeyStoreException: Signature/MAC verification failed (internal Keystore code: -30 message: system/security/keystore2/src/operation.rs:905: KeystoreOperation::finish
07-16 13:50:50.241 19888 19888 E SecureStorageAndroid: 
07-16 13:50:50.241 19888 19888 E SecureStorageAndroid: Caused by:
07-16 13:50:50.241 19888 19888 E SecureStorageAndroid:     0: system/security/keystore2/src/operation.rs:451: Finish failed for AppUid(10640)
07-16 13:50:50.241 19888 19888 E SecureStorageAndroid:     1: Error::Km(r#VERIFICATION_FAILED)) (public error code: 10 internal Keystore code: -30)
07-16 13:50:50.241 19888 19888 E SecureStorageAndroid: 	at android.security.KeyStore2.getKeyStoreException(KeyStore2.java:431)
07-16 13:50:50.241 19888 19888 E SecureStorageAndroid: 	at android.security.KeyStoreOperation.handleExceptions(KeyStoreOperation.java:78)
07-16 13:50:50.241 19888 19888 E SecureStorageAndroid: 	at android.security.KeyStoreOperation.finish(KeyStoreOperation.java:131)
07-16 13:50:50.241 19888 19888 E SecureStorageAndroid: 	at android.security.keystore2.KeyStoreCryptoOperationChunkedStreamer$MainDataStream.finish(KeyStoreCryptoOperationChunkedStreamer.java:228)
07-16 13:50:50.241 19888 19888 E SecureStorageAndroid: 	at android.security.keystore2.KeyStoreCryptoOperationChunkedStreamer.doFinal(KeyStoreCryptoOperationChunkedStreamer.java:181)
07-16 13:50:50.241 19888 19888 E SecureStorageAndroid: 	at android.security.keystore2.AndroidKeyStoreAuthenticatedAESCipherSpi$BufferAllOutputUntilDoFinalStreamer.doFinal(AndroidKeyStoreAuthenticatedAESCipherSpi.java:396)
07-16 13:50:50.241 19888 19888 E SecureStorageAndroid: 	at android.security.keystore2.AndroidKeyStoreCipherSpiBase.engineDoFinal(AndroidKeyStoreCipherSpiBase.java:624)
07-16 13:50:50.241 19888 19888 E SecureStorageAndroid: 	... 29 more
07-16 13:50:50.528   666 11453 E keystore2: system/security/keystore2/src/error.rs:69 - system/security/keystore2/src/operation.rs:905: KeystoreOperation::finish
07-16 13:50:50.528   666 11453 E keystore2: 
07-16 13:50:50.528   666 11453 E keystore2: Caused by:
07-16 13:50:50.528   666 11453 E keystore2:     0: system/security/keystore2/src/operation.rs:451: Finish failed for AppUid(10640)
07-16 13:50:50.528   666 11453 E keystore2:     1: Error::Km(r#VERIFICATION_FAILED) for AppUid(10640)
07-16 13:50:50.531 19888 19925 E SecureStorageAndroid: EncryptedSharedPreferences initialization failed
07-16 13:50:50.531 19888 19925 E SecureStorageAndroid: javax.crypto.AEADBadTagException
07-16 13:50:50.531 19888 19925 E SecureStorageAndroid: 	at android.security.keystore2.AndroidKeyStoreCipherSpiBase.engineDoFinal(AndroidKeyStoreCipherSpiBase.java:632)
07-16 13:50:50.531 19888 19925 E SecureStorageAndroid: 	at javax.crypto.Cipher.doFinal(Cipher.java:2132)
07-16 13:50:50.531 19888 19925 E SecureStorageAndroid: 	at k3.b.b(SourceFile:76)
07-16 13:50:50.531 19888 19925 E SecureStorageAndroid: 	at k3.b.b(SourceFile:10)
07-16 13:50:50.531 19888 19925 E SecureStorageAndroid: 	at d3.b.c(SourceFile:36)
07-16 13:50:50.531 19888 19925 E SecureStorageAndroid: 	at n.S0.f(SourceFile:34)
07-16 13:50:50.531 19888 19925 E SecureStorageAndroid: 	at n.S0.a(SourceFile:57)
07-16 13:50:50.531 19888 19925 E SecureStorageAndroid: 	at a4.a.d(SourceFile:227)
07-16 13:50:50.531 19888 19925 E SecureStorageAndroid: 	at a4.a.c(SourceFile:7)
07-16 13:50:50.531 19888 19925 E SecureStorageAndroid: 	at A2.t.a(SourceFile:293)
07-16 13:50:50.531 19888 19925 E SecureStorageAndroid: 	at A2.t.run(SourceFile:968)
07-16 13:50:50.531 19888 19925 E SecureStorageAndroid: 	at android.os.Handler.handleCallback(Handler.java:1082)
07-16 13:50:50.531 19888 19925 E SecureStorageAndroid: 	at android.os.Handler.dispatchMessageImpl(Handler.java:135)
07-16 13:50:50.531 19888 19925 E SecureStorageAndroid: 	at android.os.Handler.dispatchMessage(Handler.java:126)
07-16 13:50:50.531 19888 19925 E SecureStorageAndroid: 	at android.os.Looper.loopOnce(Looper.java:295)
07-16 13:50:50.531 19888 19925 E SecureStorageAndroid: 	at android.os.Looper.loop(Looper.java:398)
07-16 13:50:50.531 19888 19925 E SecureStorageAndroid: 	at android.os.HandlerThread.run(HandlerThread.java:140)
07-16 13:50:50.531 19888 19925 E SecureStorageAndroid: Caused by: android.security.KeyStoreException: Signature/MAC verification failed (internal Keystore code: -30 message: system/security/keystore2/src/operation.rs:905: KeystoreOperation::finish
07-16 13:50:50.531 19888 19925 E SecureStorageAndroid: 
07-16 13:50:50.531 19888 19925 E SecureStorageAndroid: Caused by:
07-16 13:50:50.531 19888 19925 E SecureStorageAndroid:     0: system/security/keystore2/src/operation.rs:451: Finish failed for AppUid(10640)
07-16 13:50:50.531 19888 19925 E SecureStorageAndroid:     1: Error::Km(r#VERIFICATION_FAILED)) (public error code: 10 internal Keystore code: -30)
07-16 13:50:50.531 19888 19925 E SecureStorageAndroid: 	at android.security.KeyStore2.getKeyStoreException(KeyStore2.java:431)
07-16 13:50:50.531 19888 19925 E SecureStorageAndroid: 	at android.security.KeyStoreOperation.handleExceptions(KeyStoreOperation.java:78)
07-16 13:50:50.531 19888 19925 E SecureStorageAndroid: 	at android.security.KeyStoreOperation.finish(KeyStoreOperation.java:131)
07-16 13:50:50.531 19888 19925 E SecureStorageAndroid: 	at android.security.keystore2.KeyStoreCryptoOperationChunkedStreamer$MainDataStream.finish(KeyStoreCryptoOperationChunkedStreamer.java:228)
07-16 13:50:50.531 19888 19925 E SecureStorageAndroid: 	at android.security.keystore2.KeyStoreCryptoOperationChunkedStreamer.doFinal(KeyStoreCryptoOperationChunkedStreamer.java:181)
07-16 13:50:50.531 19888 19925 E SecureStorageAndroid: 	at android.security.keystore2.AndroidKeyStoreAuthenticatedAESCipherSpi$BufferAllOutputUntilDoFinalStreamer.doFinal(AndroidKeyStoreAuthenticatedAESCipherSpi.java:396)
07-16 13:50:50.531 19888 19925 E SecureStorageAndroid: 	at android.security.keystore2.AndroidKeyStoreCipherSpiBase.engineDoFinal(AndroidKeyStoreCipherSpiBase.java:624)
07-16 13:50:50.531 19888 19925 E SecureStorageAndroid: 	... 16 more
07-16 13:50:50.559   666 11453 E keystore2: system/security/keystore2/src/error.rs:69 - system/security/keystore2/src/operation.rs:905: KeystoreOperation::finish
07-16 13:50:50.559   666 11453 E keystore2: 
07-16 13:50:50.559   666 11453 E keystore2: Caused by:
07-16 13:50:50.559   666 11453 E keystore2:     0: system/security/keystore2/src/operation.rs:451: Finish failed for AppUid(10640)
07-16 13:50:50.559   666 11453 E keystore2:     1: Error::Km(r#VERIFICATION_FAILED) for AppUid(10640)
07-16 13:50:50.561 19888 19925 E SecureStorageAndroid: EncryptedSharedPreferences initialization failed
07-16 13:50:50.561 19888 19925 E SecureStorageAndroid: javax.crypto.AEADBadTagException
07-16 13:50:50.561 19888 19925 E SecureStorageAndroid: 	at android.security.keystore2.AndroidKeyStoreCipherSpiBase.engineDoFinal(AndroidKeyStoreCipherSpiBase.java:632)
07-16 13:50:50.561 19888 19925 E SecureStorageAndroid: 	at javax.crypto.Cipher.doFinal(Cipher.java:2132)
07-16 13:50:50.561 19888 19925 E SecureStorageAndroid: 	at k3.b.b(SourceFile:76)
07-16 13:50:50.561 19888 19925 E SecureStorageAndroid: 	at k3.b.b(SourceFile:10)
07-16 13:50:50.561 19888 19925 E SecureStorageAndroid: 	at d3.b.c(SourceFile:36)
07-16 13:50:50.561 19888 19925 E SecureStorageAndroid: 	at n.S0.f(SourceFile:34)
07-16 13:50:50.561 19888 19925 E SecureStorageAndroid: 	at n.S0.a(SourceFile:57)
07-16 13:50:50.561 19888 19925 E SecureStorageAndroid: 	at a4.a.d(SourceFile:227)
07-16 13:50:50.561 19888 19925 E SecureStorageAndroid: 	at a4.a.c(SourceFile:7)
07-16 13:50:50.561 19888 19925 E SecureStorageAndroid: 	at A2.t.a(SourceFile:293)
07-16 13:50:50.561 19888 19925 E SecureStorageAndroid: 	at A2.t.run(SourceFile:968)
07-16 13:50:50.561 19888 19925 E SecureStorageAndroid: 	at android.os.Handler.handleCallback(Handler.java:1082)
07-16 13:50:50.561 19888 19925 E SecureStorageAndroid: 	at android.os.Handler.dispatchMessageImpl(Handler.java:135)
07-16 13:50:50.561 19888 19925 E SecureStorageAndroid: 	at android.os.Handler.dispatchMessage(Handler.java:126)
07-16 13:50:50.561 19888 19925 E SecureStorageAndroid: 	at android.os.Looper.loopOnce(Looper.java:295)
07-16 13:50:50.561 19888 19925 E SecureStorageAndroid: 	at android.os.Looper.loop(Looper.java:398)
07-16 13:50:50.561 19888 19925 E SecureStorageAndroid: 	at android.os.HandlerThread.run(HandlerThread.java:140)
07-16 13:50:50.561 19888 19925 E SecureStorageAndroid: Caused by: android.security.KeyStoreException: Signature/MAC verification failed (internal Keystore code: -30 message: system/security/keystore2/src/operation.rs:905: KeystoreOperation::finish
07-16 13:50:50.561 19888 19925 E SecureStorageAndroid: 
07-16 13:50:50.561 19888 19925 E SecureStorageAndroid: Caused by:
07-16 13:50:50.561 19888 19925 E SecureStorageAndroid:     0: system/security/keystore2/src/operation.rs:451: Finish failed for AppUid(10640)
07-16 13:50:50.561 19888 19925 E SecureStorageAndroid:     1: Error::Km(r#VERIFICATION_FAILED)) (public error code: 10 internal Keystore code: -30)
07-16 13:50:50.561 19888 19925 E SecureStorageAndroid: 	at android.security.KeyStore2.getKeyStoreException(KeyStore2.java:431)
07-16 13:50:50.561 19888 19925 E SecureStorageAndroid: 	at android.security.KeyStoreOperation.handleExceptions(KeyStoreOperation.java:78)
07-16 13:50:50.561 19888 19925 E SecureStorageAndroid: 	at android.security.KeyStoreOperation.finish(KeyStoreOperation.java:131)
07-16 13:50:50.561 19888 19925 E SecureStorageAndroid: 	at android.security.keystore2.KeyStoreCryptoOperationChunkedStreamer$MainDataStream.finish(KeyStoreCryptoOperationChunkedStreamer.java:228)
07-16 13:50:50.561 19888 19925 E SecureStorageAndroid: 	at android.security.keystore2.KeyStoreCryptoOperationChunkedStreamer.doFinal(KeyStoreCryptoOperationChunkedStreamer.java:181)
07-16 13:50:50.561 19888 19925 E SecureStorageAndroid: 	at android.security.keystore2.AndroidKeyStoreAuthenticatedAESCipherSpi$BufferAllOutputUntilDoFinalStreamer.doFinal(AndroidKeyStoreAuthenticatedAESCipherSpi.java:396)
07-16 13:50:50.561 19888 19925 E SecureStorageAndroid: 	at android.security.keystore2.AndroidKeyStoreCipherSpiBase.engineDoFinal(AndroidKeyStoreCipherSpiBase.java:624)
07-16 13:50:50.561 19888 19925 E SecureStorageAndroid: 	... 16 more
07-16 13:50:50.588  1836  5835 E ConsumerBase: [ImageReader-806x1795f1m1-1836-392] abandonLocked: ConsumerBase is abandoned!
07-16 13:50:50.598   666  2661 E keystore2: system/security/keystore2/src/error.rs:69 - system/security/keystore2/src/operation.rs:905: KeystoreOperation::finish
07-16 13:50:50.598   666  2661 E keystore2: 
07-16 13:50:50.598   666  2661 E keystore2: Caused by:
07-16 13:50:50.598   666  2661 E keystore2:     0: system/security/keystore2/src/operation.rs:451: Finish failed for AppUid(10640)
07-16 13:50:50.598   666  2661 E keystore2:     1: Error::Km(r#VERIFICATION_FAILED) for AppUid(10640)
07-16 13:50:50.611 19888 19925 E SecureStorageAndroid: EncryptedSharedPreferences initialization failed
07-16 13:50:50.611 19888 19925 E SecureStorageAndroid: javax.crypto.AEADBadTagException
07-16 13:50:50.611 19888 19925 E SecureStorageAndroid: 	at android.security.keystore2.AndroidKeyStoreCipherSpiBase.engineDoFinal(AndroidKeyStoreCipherSpiBase.java:632)
07-16 13:50:50.611 19888 19925 E SecureStorageAndroid: 	at javax.crypto.Cipher.doFinal(Cipher.java:2132)
07-16 13:50:50.611 19888 19925 E SecureStorageAndroid: 	at k3.b.b(SourceFile:76)
07-16 13:50:50.611 19888 19925 E SecureStorageAndroid: 	at k3.b.b(SourceFile:10)
07-16 13:50:50.611 19888 19925 E SecureStorageAndroid: 	at d3.b.c(SourceFile:36)
07-16 13:50:50.611 19888 19925 E SecureStorageAndroid: 	at n.S0.f(SourceFile:34)
07-16 13:50:50.611 19888 19925 E SecureStorageAndroid: 	at n.S0.a(SourceFile:57)
07-16 13:50:50.611 19888 19925 E SecureStorageAndroid: 	at a4.a.d(SourceFile:227)
07-16 13:50:50.611 19888 19925 E SecureStorageAndroid: 	at a4.a.c(SourceFile:7)
07-16 13:50:50.611 19888 19925 E SecureStorageAndroid: 	at A2.t.a(SourceFile:293)
07-16 13:50:50.611 19888 19925 E SecureStorageAndroid: 	at A2.t.run(SourceFile:968)
07-16 13:50:50.611 19888 19925 E SecureStorageAndroid: 	at android.os.Handler.handleCallback(Handler.java:1082)
07-16 13:50:50.611 19888 19925 E SecureStorageAndroid: 	at android.os.Handler.dispatchMessageImpl(Handler.java:135)
07-16 13:50:50.611 19888 19925 E SecureStorageAndroid: 	at android.os.Handler.dispatchMessage(Handler.java:126)
07-16 13:50:50.611 19888 19925 E SecureStorageAndroid: 	at android.os.Looper.loopOnce(Looper.java:295)
07-16 13:50:50.611 19888 19925 E SecureStorageAndroid: 	at android.os.Looper.loop(Looper.java:398)
07-16 13:50:50.611 19888 19925 E SecureStorageAndroid: 	at android.os.HandlerThread.run(HandlerThread.java:140)
07-16 13:50:50.611 19888 19925 E SecureStorageAndroid: Caused by: android.security.KeyStoreException: Signature/MAC verification failed (internal Keystore code: -30 message: system/security/keystore2/src/operation.rs:905: KeystoreOperation::finish
07-16 13:50:50.611 19888 19925 E SecureStorageAndroid: 
07-16 13:50:50.611 19888 19925 E SecureStorageAndroid: Caused by:
07-16 13:50:50.611 19888 19925 E SecureStorageAndroid:     0: system/security/keystore2/src/operation.rs:451: Finish failed for AppUid(10640)
07-16 13:50:50.611 19888 19925 E SecureStorageAndroid:     1: Error::Km(r#VERIFICATION_FAILED)) (public error code: 10 internal Keystore code: -30)
07-16 13:50:50.611 19888 19925 E SecureStorageAndroid: 	at android.security.KeyStore2.getKeyStoreException(KeyStore2.java:431)
07-16 13:50:50.611 19888 19925 E SecureStorageAndroid: 	at android.security.KeyStoreOperation.handleExceptions(KeyStoreOperation.java:78)
07-16 13:50:50.611 19888 19925 E SecureStorageAndroid: 	at android.security.KeyStoreOperation.finish(KeyStoreOperation.java:131)
07-16 13:50:50.611 19888 19925 E SecureStorageAndroid: 	at android.security.keystore2.KeyStoreCryptoOperationChunkedStreamer$MainDataStream.finish(KeyStoreCryptoOperationChunkedStreamer.java:228)
07-16 13:50:50.611 19888 19925 E SecureStorageAndroid: 	at android.security.keystore2.KeyStoreCryptoOperationChunkedStreamer.doFinal(KeyStoreCryptoOperationChunkedStreamer.java:181)
07-16 13:50:50.611 19888 19925 E SecureStorageAndroid: 	at android.security.keystore2.AndroidKeyStoreAuthenticatedAESCipherSpi$BufferAllOutputUntilDoFinalStreamer.doFinal(AndroidKeyStoreAuthenticatedAESCipherSpi.java:396)
07-16 13:50:50.611 19888 19925 E SecureStorageAndroid: 	at android.security.keystore2.AndroidKeyStoreCipherSpiBase.engineDoFinal(AndroidKeyStoreCipherSpiBase.java:624)
07-16 13:50:50.611 19888 19925 E SecureStorageAndroid: 	... 16 more
07-16 13:50:50.643  1836  3763 E ConsumerBase: [ImageReader-806x1795f1m1-1836-393] abandonLocked: ConsumerBase is abandoned!
07-16 13:50:50.654   666  2661 E keystore2: system/security/keystore2/src/error.rs:69 - system/security/keystore2/src/operation.rs:905: KeystoreOperation::finish
07-16 13:50:50.654   666  2661 E keystore2: 
07-16 13:50:50.654   666  2661 E keystore2: Caused by:
07-16 13:50:50.654   666  2661 E keystore2:     0: system/security/keystore2/src/operation.rs:451: Finish failed for AppUid(10640)
07-16 13:50:50.654   666  2661 E keystore2:     1: Error::Km(r#VERIFICATION_FAILED) for AppUid(10640)
07-16 13:50:50.660 19888 19925 E SecureStorageAndroid: EncryptedSharedPreferences initialization failed
07-16 13:50:50.660 19888 19925 E SecureStorageAndroid: javax.crypto.AEADBadTagException
07-16 13:50:50.660 19888 19925 E SecureStorageAndroid: 	at android.security.keystore2.AndroidKeyStoreCipherSpiBase.engineDoFinal(AndroidKeyStoreCipherSpiBase.java:632)
07-16 13:50:50.660 19888 19925 E SecureStorageAndroid: 	at javax.crypto.Cipher.doFinal(Cipher.java:2132)
07-16 13:50:50.660 19888 19925 E SecureStorageAndroid: 	at k3.b.b(SourceFile:76)
07-16 13:50:50.660 19888 19925 E SecureStorageAndroid: 	at k3.b.b(SourceFile:10)
07-16 13:50:50.660 19888 19925 E SecureStorageAndroid: 	at d3.b.c(SourceFile:36)
07-16 13:50:50.660 19888 19925 E SecureStorageAndroid: 	at n.S0.f(SourceFile:34)
07-16 13:50:50.660 19888 19925 E SecureStorageAndroid: 	at n.S0.a(SourceFile:57)
07-16 13:50:50.660 19888 19925 E SecureStorageAndroid: 	at a4.a.d(SourceFile:227)
07-16 13:50:50.660 19888 19925 E SecureStorageAndroid: 	at a4.a.c(SourceFile:7)
07-16 13:50:50.660 19888 19925 E SecureStorageAndroid: 	at A2.t.a(SourceFile:204)
07-16 13:50:50.660 19888 19925 E SecureStorageAndroid: 	at A2.t.run(SourceFile:968)
07-16 13:50:50.660 19888 19925 E SecureStorageAndroid: 	at android.os.Handler.handleCallback(Handler.java:1082)
07-16 13:50:50.660 19888 19925 E SecureStorageAndroid: 	at android.os.Handler.dispatchMessageImpl(Handler.java:135)
07-16 13:50:50.660 19888 19925 E SecureStorageAndroid: 	at android.os.Handler.dispatchMessage(Handler.java:126)
07-16 13:50:50.660 19888 19925 E SecureStorageAndroid: 	at android.os.Looper.loopOnce(Looper.java:295)
07-16 13:50:50.660 19888 19925 E SecureStorageAndroid: 	at android.os.Looper.loop(Looper.java:398)
07-16 13:50:50.660 19888 19925 E SecureStorageAndroid: 	at android.os.HandlerThread.run(HandlerThread.java:140)
07-16 13:50:50.660 19888 19925 E SecureStorageAndroid: Caused by: android.security.KeyStoreException: Signature/MAC verification failed (internal Keystore code: -30 message: system/security/keystore2/src/operation.rs:905: KeystoreOperation::finish
07-16 13:50:50.660 19888 19925 E SecureStorageAndroid: 
07-16 13:50:50.660 19888 19925 E SecureStorageAndroid: Caused by:
07-16 13:50:50.660 19888 19925 E SecureStorageAndroid:     0: system/security/keystore2/src/operation.rs:451: Finish failed for AppUid(10640)
07-16 13:50:50.660 19888 19925 E SecureStorageAndroid:     1: Error::Km(r#VERIFICATION_FAILED)) (public error code: 10 internal Keystore code: -30)
07-16 13:50:50.660 19888 19925 E SecureStorageAndroid: 	at android.security.KeyStore2.getKeyStoreException(KeyStore2.java:431)
07-16 13:50:50.660 19888 19925 E SecureStorageAndroid: 	at android.security.KeyStoreOperation.handleExceptions(KeyStoreOperation.java:78)
07-16 13:50:50.660 19888 19925 E SecureStorageAndroid: 	at android.security.KeyStoreOperation.finish(KeyStoreOperation.java:131)
07-16 13:50:50.660 19888 19925 E SecureStorageAndroid: 	at android.security.keystore2.KeyStoreCryptoOperationChunkedStreamer$MainDataStream.finish(KeyStoreCryptoOperationChunkedStreamer.java:228)
07-16 13:50:50.660 19888 19925 E SecureStorageAndroid: 	at android.security.keystore2.KeyStoreCryptoOperationChunkedStreamer.doFinal(KeyStoreCryptoOperationChunkedStreamer.java:181)
07-16 13:50:50.660 19888 19925 E SecureStorageAndroid: 	at android.security.keystore2.AndroidKeyStoreAuthenticatedAESCipherSpi$BufferAllOutputUntilDoFinalStreamer.doFinal(AndroidKeyStoreAuthenticatedAESCipherSpi.java:396)
07-16 13:50:50.660 19888 19925 E SecureStorageAndroid: 	at android.security.keystore2.AndroidKeyStoreCipherSpiBase.engineDoFinal(AndroidKeyStoreCipherSpiBase.java:624)
07-16 13:50:50.660 19888 19925 E SecureStorageAndroid: 	... 16 more
07-16 13:50:52.038  1148  3775 E WifiHAL : Creating message to get cached scan results
07-16 13:50:52.060  1836  3678 E WifiDataStall: Time stamp delta is too large. Reset data stall state.
07-16 13:50:55.118  1148  1201 E WifiHAL : Creating message to get cached scan results
07-16 13:50:56.529  1836  1923 E libprocessgroup: Unable to find usable controller for (uid, pid, v2_path): (10419, 32567, 1)
07-16 13:50:56.532  1836  1923 E libprocessgroup: Unable to find usable controller for (uid, pid, v2_path): (10209, 27242, 1)
07-16 13:50:56.532  1836  1923 E libprocessgroup: Unable to find usable controller for (uid, pid, v2_path): (10311, 24586, 1)
07-16 13:50:56.533  1836  1923 E libprocessgroup: Unable to find usable controller for (uid, pid, v2_path): (10625, 19371, 1)
07-16 13:50:56.534  1836  1923 E libprocessgroup: Unable to find usable controller for (uid, pid, v2_path): (10093, 18195, 1)
07-16 13:50:56.535  1836  1923 E libprocessgroup: Unable to find usable controller for (uid, pid, v2_path): (10389, 16497, 1)
07-16 13:50:56.538  1836  1923 E libprocessgroup: Unable to find usable controller for (uid, pid, v2_path): (10277, 13155, 1)
07-16 13:50:56.538  1836  1923 E libprocessgroup: Unable to find usable controller for (uid, pid, v2_path): (10636, 11740, 1)
07-16 13:50:56.538  1836  1923 E libprocessgroup: Unable to find usable controller for (uid, pid, v2_path): (10309, 11203, 1)
07-16 13:50:56.539  1836  1923 E libprocessgroup: Unable to find usable controller for (uid, pid, v2_path): (10654, 10882, 1)
07-16 13:50:56.540  1836  1923 E libprocessgroup: Unable to find usable controller for (uid, pid, v2_path): (10313, 9983, 1)
07-16 13:50:56.540  1836  1923 E libprocessgroup: Unable to find usable controller for (uid, pid, v2_path): (10281, 9233, 1)
07-16 13:50:56.545  1836  1923 E libprocessgroup: Unable to find usable controller for (uid, pid, v2_path): (10638, 3579, 1)
07-16 13:50:58.217  1148  3775 E WifiHAL : Creating message to get cached scan results
07-16 13:50:59.794 27741 20009 E AbstractLogEventBuilder: The provided ProductIdOrigin 3 is not one of the process-level expected values: 1 or 2
07-16 13:51:00.042 27741 27790 E AbstractLogEventBuilder: The provided ProductIdOrigin 3 is not one of the process-level expected values: 1 or 2
07-16 13:51:00.363 27741 27741 E AbstractLogEventBuilder: The provided ProductIdOrigin 3 is not one of the process-level expected values: 1 or 2
07-16 13:51:00.394 27741 20009 E AbstractLogEventBuilder: The provided ProductIdOrigin 3 is not one of the process-level expected values: 1 or 2
07-16 13:51:00.765  7057  7620 E msys    : E[N WA]_WAJMNSStreamImplOnMNSFailure(290)=>[LogLevel:I] WAJMNSStream/impl/callback/onMNSFailure/p=0xb4000077c41cdd90 (error=MNSTCPSocketReceive(): Software caused connection abort)
07-16 13:51:00.765  7057  7620 E msys    : E[N WA]_WAJMNSStreamImplCreateConnectionReport(197)=>[LogLevel:I] WAJMNSStream/impl/report port=443, connectedIPVersion=4, resolvedIPAddressCount=1, dnsResolutionStartTimeMS=15460655, dnsResolutionEndTimeMS=15460656, dnsCacheHit=Yes, connectStartTimeMS=15460656, connectEndTimeMS=15460684, proxyConnectStartTimeMS=0, proxyConnectEndTimeMS=0
07-16 13:51:00.765  7057  7620 E msys    : E[N WA]_WAJMNSStreamImplUpdateStreamState(233)=>[LogLevel:I] WAJMNSStream/impl/state-changed/p=0xb4000077c41cdd90 (connected=>disconnected)
07-16 13:51:00.802  7057  7391 E msys    : E[N WA]WAJMNSStreamImplDisconnectSync(516)=>[LogLevel:W] WAJMNSStream/impl/disconnect/p=0xb4000077c41cdd90 (bytesSent=1833)(bytesRecv=2613)
07-16 13:51:01.281  1148  1201 E WifiHAL : Creating message to get cached scan results
07-16 13:51:01.720 20024 20024 E FeatureFlagsImplExport: android.os.flagging.AconfigStorageReadException: ERROR_PACKAGE_NOT_FOUND: package android.xr cannot be found on the device
07-16 13:51:01.750  1836  2302 E EventHub: Could not open directory /sys/devices/virtual/power_supply: No such file or directory
07-16 13:51:01.750  1836  2302 E EventHub: Could not open directory /sys/devices/power_supply: No such file or directory
07-16 13:51:01.750  1836  2302 E EventHub: Could not open directory /sys/power_supply: No such file or directory
07-16 13:51:01.750  1836  2302 E EventHub: Could not open directory /sys/devices/virtual/leds: No such file or directory
07-16 13:51:01.750  1836  2302 E EventHub: Could not open directory /sys/devices/leds: No such file or directory
07-16 13:51:01.750  1836  2302 E EventHub: Could not open directory /sys/leds: No such file or directory
07-16 13:51:01.765  1836  5561 E TransitionChain: Can't collect into a chain with no transition
07-16 13:51:01.828  1836  2039 E system_server: No package ID 7f found for resource ID 0x7f120003.
07-16 13:51:01.913  1836  5554 E TransitionChain: Can't collect into a chain with no transition
07-16 13:51:02.900  7057  7391 E msys    : E[N WA]_WAJMNSStreamImplMNSTCPStreamCreate(371)=>[LogLevel:I] WAJMNSStream/impl/tcpStreamCreate/MNSStreamRaw/p=0xb4000077c41cd640
07-16 13:51:02.900  7057  7391 E msys    : E[N WA]WAJMNSStreamImplCreate(431)=>[LogLevel:I] WAJMNSStream/impl/create/p=0xb4000077c41cd640 (mnsConn=0xb40000785418aef0)
07-16 13:51:02.900  7057  7391 E msys    : E[N WA]_WAJMNSStreamCreateMnsIpsFromIpAddressStrings(90)=>[LogLevel:I] no ip addresses provided, using DNS resolution
07-16 13:51:02.900  7057  7391 E msys    : E[N WA]WAJMNSStreamImplConnect(460)=>[LogLevel:I] WAJMNSStream/impl/connect/p=0xb4000077c41cd640 (endpoint=g.whatsapp.net:443)(ipAddressCount=0)
07-16 13:51:02.901  7057  7391 E msys    : E[N WA]_WAJMNSStreamImplUpdateStreamState(233)=>[LogLevel:I] WAJMNSStream/impl/state-changed/p=0xb4000077c41cd640 (initial=>connecting)
07-16 13:51:02.922  7057  7620 E msys    : E[N WA]_WAJMNSStreamImplOnMNSReady(262)=>[LogLevel:I] WAJMNSStream/impl/callback/onMNSReady/p=0xb4000077c41cd640
07-16 13:51:02.923  7057  7620 E msys    : E[N WA]_WAJMNSStreamImplCreateConnectionReport(197)=>[LogLevel:I] WAJMNSStream/impl/report port=443, connectedIPVersion=4, resolvedIPAddressCount=1, dnsResolutionStartTimeMS=15549065, dnsResolutionEndTimeMS=15549065, dnsCacheHit=Yes, connectStartTimeMS=15549065, connectEndTimeMS=15549087, proxyConnectStartTimeMS=0, proxyConnectEndTimeMS=0
07-16 13:51:02.923  7057  7620 E msys    : E[N WA]_WAJMNSStreamImplUpdateStreamState(233)=>[LogLevel:I] WAJMNSStream/impl/state-changed/p=0xb4000077c41cd640 (connecting=>connected)
07-16 13:51:02.931  7057  7620 E msys    : E[N mns]_OnResolverSuccess(359)=>Cache refresh succeeded with system DNS resolver. IP count: 1
07-16 13:51:03.202  5576  6080 E Notification4Watch6_NB: WatchFactory.getWatch-lastConnectedNodeId is null
07-16 13:51:03.259  3796  4399 E ConsumerBase: [ImageReader-108x108f1u2816m2-3796-106] abandonLocked: ConsumerBase is abandoned!
07-16 13:51:03.334  7057 20152 E ActivityThread: Failed to find provider info for com.facebook.stella.assistant.deviceconnectionstate
07-16 13:51:03.335  7057 20152 E ActivityThread: Failed to find provider info for com.facebook.stella_debug.assistant.deviceconnectionstate
07-16 13:51:03.815  5576  6080 E Notification4Watch6_NB: WatchFactory.getWatch-lastConnectedNodeId is null
07-16 13:51:03.822  5576  6080 E Notification4Watch6_NB: WatchFactory.getWatch-lastConnectedNodeId is null
07-16 13:51:04.339  1148  3775 E WifiHAL : Creating message to get cached scan results
07-16 13:51:05.532  5576  6080 E Notification4Watch6_NB: WatchFactory.getWatch-lastConnectedNodeId is null
07-16 13:51:05.576  5576  6080 E Notification4Watch6_NB: WatchFactory.getWatch-lastConnectedNodeId is null
07-16 13:51:05.614  3796  4399 E ConsumerBase: [ImageReader-108x108f1u2816m2-3796-107] abandonLocked: ConsumerBase is abandoned!
07-16 13:51:07.153  3796  3796 E NotifRow: Magnetic state changed from IDLE to IDLE on a null swiped listener, or the logging key of the listener is null
07-16 13:51:07.365  5576  6080 E Notification4Watch6_NB: WatchFactory.getWatch-lastConnectedNodeId is null
07-16 13:51:07.403  1148  1201 E WifiHAL : Creating message to get cached scan results
07-16 13:51:08.970  5576  6080 E Notification4Watch6_NB: WatchFactory.getWatch-lastConnectedNodeId is null
07-16 13:51:08.988  5576  6080 E Notification4Watch6_NB: WatchFactory.getWatch-lastConnectedNodeId is null
07-16 13:51:09.703  3796  3796 E NotifRow: Magnetic state changed from IDLE to IDLE on a null swiped listener, or the logging key of the listener is null
07-16 13:51:09.710  1836  5554 E BiometricScheduler: Current operation is null,no need to start watchdog
07-16 13:51:10.511  1148  3775 E WifiHAL : Creating message to get cached scan results
07-16 13:51:10.603 27741 27786 E AbstractLogEventBuilder: The provided ProductIdOrigin 3 is not one of the process-level expected values: 1 or 2
07-16 13:51:10.991  4207  4207 E ScalingWorkspaceRevealAnim: Unexpected invisibility after animation end: workspace.isVisible=true, workspace.alpha=1.0, hotseat.isVisible=false, hotseat.alpha=1.0
07-16 13:51:10.991  4207  4207 E ScalingWorkspaceRevealAnim: java.lang.Exception
07-16 13:51:10.991  4207  4207 E ScalingWorkspaceRevealAnim: 	at com.android.quickstep.util.ScalingWorkspaceRevealAnim$4.run(go/retraceme 45ad6e5beb1418bff578d62e6d1e03b48edc0da4c954c0470980b78f471cd4db:123)
07-16 13:51:10.991  4207  4207 E ScalingWorkspaceRevealAnim: 	at com.android.launcher3.anim.AnimatorListeners$1.onAnimationEnd(go/retraceme 45ad6e5beb1418bff578d62e6d1e03b48edc0da4c954c0470980b78f471cd4db:2)
07-16 13:51:10.991  4207  4207 E ScalingWorkspaceRevealAnim: 	at android.animation.Animator$AnimatorListener.onAnimationEnd(Animator.java:773)
07-16 13:51:10.991  4207  4207 E ScalingWorkspaceRevealAnim: 	at android.animation.Animator$AnimatorCaller$$ExternalSyntheticLambda1.call(D8$$SyntheticClass:0)
07-16 13:51:10.991  4207  4207 E ScalingWorkspaceRevealAnim: 	at android.animation.Animator.callOnList(Animator.java:731)
07-16 13:51:10.991  4207  4207 E ScalingWorkspaceRevealAnim: 	at android.animation.Animator.notifyListeners(Animator.java:629)
07-16 13:51:10.991  4207  4207 E ScalingWorkspaceRevealAnim: 	at android.animation.Animator.notifyEndListeners(Animator.java:654)
07-16 13:51:10.991  4207  4207 E ScalingWorkspaceRevealAnim: 	at android.animation.Animator.completeEndAnimation(Animator.java:697)
07-16 13:51:10.991  4207  4207 E ScalingWorkspaceRevealAnim: 	at android.animation.AnimatorSet.completeEndAnimation(AnimatorSet.java:1474)
07-16 13:51:10.991  4207  4207 E ScalingWorkspaceRevealAnim: 	at android.animation.Animator.notifyEndListenersFromEndAnimation(Animator.java:686)
07-16 13:51:10.991  4207  4207 E ScalingWorkspaceRevealAnim: 	at android.animation.AnimatorSet.endAnimation(AnimatorSet.java:1464)
07-16 13:51:10.991  4207  4207 E ScalingWorkspaceRevealAnim: 	at android.animation.AnimatorSet.endAnimation(AnimatorSet.java:1447)
07-16 13:51:10.991  4207  4207 E ScalingWorkspaceRevealAnim: 	at android.animation.AnimatorSet.endAnimationAndNotifyEndListenersImmediately(AnimatorSet.java:437)
07-16 13:51:10.991  4207  4207 E ScalingWorkspaceRevealAnim: 	at android.animation.AnimatorSet.cancel(AnimatorSet.java:425)
07-16 13:51:10.991  4207  4207 E ScalingWorkspaceRevealAnim: 	at com.android.launcher3.statemanager.StateManager$AnimationState.reset(go/retraceme 45ad6e5beb1418bff578d62e6d1e03b48edc0da4c954c0470980b78f471cd4db:66)
07-16 13:51:10.991  4207  4207 E ScalingWorkspaceRevealAnim: 	at com.android.launcher3.statemanager.StateManager.cancelAnimation(go/retraceme 45ad6e5beb1418bff578d62e6d1e03b48edc0da4c954c0470980b78f471cd4db:70)
07-16 13:51:10.991  4207  4207 E ScalingWorkspaceRevealAnim: 	at com.android.launcher3.statemanager.StateManager.reapplyState(go/retraceme 45ad6e5beb1418bff578d62e6d1e03b48edc0da4c954c0470980b78f471cd4db:39)
07-16 13:51:10.991  4207  4207 E ScalingWorkspaceRevealAnim: 	at com.android.launcher3.QuickstepTransitionManager.createWallpaperOpenAnimations(go/retraceme 45ad6e5beb1418bff578d62e6d1e03b48edc0da4c954c0470980b78f471cd4db:168)
07-16 13:51:10.991  4207  4207 E ScalingWorkspaceRevealAnim: 	at com.android.launcher3.QuickstepTransitionManager$WallpaperOpenLauncherAnimationRunner.onAnimationStart(go/retraceme 45ad6e5beb1418bff578d62e6d1e03b48edc0da4c954c0470980b78f471cd4db:135)
07-16 13:51:10.991  4207  4207 E ScalingWorkspaceRevealAnim: 	at com.android.launcher3.LauncherAnimationRunner$$ExternalSyntheticLambda2.run(go/retraceme 45ad6e5beb1418bff578d62e6d1e03b48edc0da4c954c0470980b78f471cd4db:71)
07-16 13:51:10.991  4207  4207 E ScalingWorkspaceRevealAnim: 	at android.os.Handler.handleCallback(Handler.java:1082)
07-16 13:51:10.991  4207  4207 E ScalingWorkspaceRevealAnim: 	at android.os.Handler.dispatchMessageImpl(Handler.java:135)
07-16 13:51:10.991  4207  4207 E ScalingWorkspaceRevealAnim: 	at android.os.Handler.dispatchMessage(Handler.java:126)
07-16 13:51:10.991  4207  4207 E ScalingWorkspaceRevealAnim: 	at android.os.Looper.loopOnce(Looper.java:295)
07-16 13:51:10.991  4207  4207 E ScalingWorkspaceRevealAnim: 	at android.os.Looper.loop(Looper.java:398)
07-16 13:51:10.991  4207  4207 E ScalingWorkspaceRevealAnim: 	at android.app.ActivityThread.main(ActivityThread.java:9569)
07-16 13:51:10.991  4207  4207 E ScalingWorkspaceRevealAnim: 	at java.lang.reflect.Method.invoke(Native Method)
07-16 13:51:10.991  4207  4207 E ScalingWorkspaceRevealAnim: 	at com.android.internal.os.RuntimeInit$MethodAndArgsCaller.run(RuntimeInit.java:575)
07-16 13:51:10.991  4207  4207 E ScalingWorkspaceRevealAnim: 	at com.android.internal.os.ZygoteInit.main(ZygoteInit.java:918)
07-16 13:51:10.999  3993 19140 E AppSlicerService: Cannot get uid for the package: dk.betterlectio.android
07-16 13:51:11.047  1836  1972 E TransitionChain: Can't collect into a chain with no transition
07-16 13:51:11.047  1836  1972 E TransitionChain: Can't collect into a chain with no transition
07-16 13:51:11.097  1836  3690 E AppOps  : attributionTag VCN not declared in manifest of android
07-16 13:51:11.161 27741 27790 E AbstractLogEventBuilder: The provided ProductIdOrigin 3 is not one of the process-level expected values: 1 or 2
07-16 13:51:11.193 27741 27787 E Finsky  : [61] [Counters] attempted to use a non-positive increment for: 4753
07-16 13:51:11.215 27741 27786 E Finsky  : [60] [Counters] attempted to use a non-positive increment for: 4752
07-16 13:51:11.260 27741 27785 E Finsky  : [59] [Counters] attempted to use a non-positive increment for: 4753
07-16 13:51:11.273  1836  9432 E HCPackageInfoUtils: NameNotFoundException for dk.betterlectio.android
07-16 13:51:11.279  1836  9432 E HCPackageInfoUtils: NameNotFoundException for dk.betterlectio.android
07-16 13:51:11.284  1836  9432 E HCPackageInfoUtils: NameNotFoundException for dk.betterlectio.android
07-16 13:51:11.284  1836  9432 E HCPackageInfoUtils: NameNotFoundException for dk.betterlectio.android
07-16 13:51:11.286  1836  9432 E HCPackageInfoUtils: NameNotFoundException for dk.betterlectio.android
07-16 13:51:11.286  4207  4303 E ConsumerBase: [ImageReader-133x133f1u2816m2-4207-97] abandonLocked: ConsumerBase is abandoned!
07-16 13:51:11.288  1836  9432 E HCPackageInfoUtils: NameNotFoundException for dk.betterlectio.android
07-16 13:51:11.292  1836  9432 E HCPackageInfoUtils: NameNotFoundException for dk.betterlectio.android
07-16 13:51:11.292  1836  9432 E HCPackageInfoUtils: NameNotFoundException for dk.betterlectio.android
07-16 13:51:11.293  4207  4303 E ConsumerBase: [ImageReader-133x133f1u2816m2-4207-98] abandonLocked: ConsumerBase is abandoned!
07-16 13:51:11.301  4207  4303 E ConsumerBase: [ImageReader-133x133f1u2816m2-4207-99] abandonLocked: ConsumerBase is abandoned!
07-16 13:51:11.302  1836  3939 E RoleControllerServiceImpl: Default/fallback role holder package doesn't qualify for the role, package: com.google.android.retaildemo, role: android.app.role.RETAIL_DEMO, user: 0
07-16 13:51:11.303  1836  3939 E RoleControllerServiceImpl: Default/fallback role holder package doesn't qualify for the role, package: com.google.android.gms.supervision, role: android.app.role.SYSTEM_SUPERVISION, user: 0
07-16 13:51:11.310  1836  3939 E RoleControllerServiceImpl: Default/fallback role holder package doesn't qualify for the role, package: com.google.android.gms, role: android.app.role.SYSTEM_CALL_STREAMING, user: 0
07-16 13:51:11.310  4207  4303 E ConsumerBase: [ImageReader-133x133f1u2816m2-4207-100] abandonLocked: ConsumerBase is abandoned!
07-16 13:51:11.319  4207  4303 E ConsumerBase: [ImageReader-133x133f1u2816m2-4207-101] abandonLocked: ConsumerBase is abandoned!
07-16 13:51:11.329  4207  4303 E ConsumerBase: [ImageReader-133x133f1u2816m2-4207-102] abandonLocked: ConsumerBase is abandoned!
07-16 13:51:11.370  1836  3939 E RoleControllerServiceImpl: Default/fallback role holder package doesn't qualify for the role, package: com.google.android.gms, role: android.app.role.SYSTEM_DEPENDENCY_INSTALLER, user: 0
07-16 13:51:11.404  1836  3939 E ApduServiceInfo: Not adding <aid-group> with empty or invalid AIDs
07-16 13:51:11.602  4068  4068 E ApduServiceInfo: Not adding <aid-group> with empty or invalid AIDs
07-16 13:51:11.810 20697 15385 E WorkSourceUtil: Could not find package: dk.betterlectio.android
07-16 13:51:11.820  4068  4068 E ApduServiceInfo: Not adding <aid-group> with empty or invalid AIDs
07-16 13:51:11.825  4068  4068 E NfcRoutingOptionManager: getAlternativeRouteIfSimIsInvalid: sim 129 is invalid
07-16 13:51:11.834  4068  4068 E ApduServiceInfo: Not adding <aid-group> with empty or invalid AIDs
07-16 13:51:11.836  4068  4068 E ApduServiceInfo: Not adding <aid-group> with empty or invalid AIDs
